[2026-09-28T09:50:55Z] Starting caller: env PYTHONPATH=/gpfs/home5/sfris1/multimodal-tip-of-tongue-for-scientific-papers/src .venv-mineru/bin/python -m extraction --input-dir /scratch-shared/sfris1/pdf_datasets --split-index /scratch-shared/sfris1/data/splits/pdf_dataset_split.json --split train+test --output-dir /scratch-shared/sfris1/processed --api-url http://127.0.0.1:52887 --max-in-flight 3
{
  "mineru_health": {
    "completed_tasks": 0,
    "failed_tasks": 0,
    "max_concurrent_requests": 3,
    "processing_tasks": 0,
    "processing_window_size": 64,
    "protocol_version": 2,
    "queued_tasks": 0,
    "servers": [
      {
        "base_url": "http://127.0.0.1:41845",
        "completed_tasks": 0,
        "failed_tasks": 0,
        "gpu": "0",
        "healthy": true,
        "last_checked_at": "2026-09-28T09:50:56.043605+00:00",
        "last_error": null,
        "max_concurrent_requests": 3,
        "processing_tasks": 0,
        "processing_window_size": 64,
        "queued_tasks": 0,
        "server_id": "local-gpu-0",
        "source": "local"
      }
    ],
    "status": "healthy",
    "version": "3.4.0"
  }
}
progress completed=1 failed=0 in_flight=2 remaining=11530 papers/s=0.0122 pages/s=0.1225
progress completed=2 failed=0 in_flight=2 remaining=11529 papers/s=0.0237 pages/s=0.237
progress completed=3 failed=0 in_flight=2 remaining=11528 papers/s=0.0355 pages/s=0.3552
progress completed=4 failed=0 in_flight=2 remaining=11527 papers/s=0.0401 pages/s=0.4009
progress completed=5 failed=0 in_flight=2 remaining=11526 papers/s=0.0485 pages/s=0.4851
progress completed=6 failed=0 in_flight=2 remaining=11525 papers/s=0.0572 pages/s=0.572
progress completed=7 failed=0 in_flight=2 remaining=11524 papers/s=0.0606 pages/s=0.6061
progress completed=8 failed=0 in_flight=2 remaining=11523 papers/s=0.0692 pages/s=0.6833
progress completed=9 failed=0 in_flight=2 remaining=11522 papers/s=0.0743 pages/s=0.735
progress completed=10 failed=0 in_flight=2 remaining=11521 papers/s=0.08 pages/s=0.7596
progress completed=11 failed=0 in_flight=2 remaining=11520 papers/s=0.0833 pages/s=0.7954
progress completed=12 failed=0 in_flight=2 remaining=11519 papers/s=0.0909 pages/s=0.8632
progress completed=13 failed=0 in_flight=2 remaining=11518 papers/s=0.0924 pages/s=0.8811
progress completed=14 failed=0 in_flight=2 remaining=11517 papers/s=0.0949 pages/s=0.9083
progress completed=15 failed=0 in_flight=2 remaining=11516 papers/s=0.1006 pages/s=0.9656
progress completed=16 failed=0 in_flight=2 remaining=11515 papers/s=0.0991 pages/s=0.9472
progress completed=17 failed=0 in_flight=2 remaining=11514 papers/s=0.103 pages/s=0.9879
progress completed=18 failed=0 in_flight=2 remaining=11513 papers/s=0.108 pages/s=1.0378
progress completed=19 failed=0 in_flight=2 remaining=11512 papers/s=0.108 pages/s=1.0406
progress completed=20 failed=0 in_flight=2 remaining=11511 papers/s=0.1097 pages/s=1.0589
progress completed=21 failed=0 in_flight=2 remaining=11510 papers/s=0.1142 pages/s=1.1037
progress completed=22 failed=0 in_flight=2 remaining=11509 papers/s=0.112 pages/s=1.0839
progress completed=23 failed=0 in_flight=2 remaining=11508 papers/s=0.117 pages/s=1.1244
progress completed=24 failed=0 in_flight=2 remaining=11507 papers/s=0.1214 pages/s=1.1686
progress completed=25 failed=0 in_flight=2 remaining=11506 papers/s=0.122 pages/s=1.1568
progress completed=26 failed=0 in_flight=2 remaining=11505 papers/s=0.1227 pages/s=1.1655
progress completed=27 failed=0 in_flight=2 remaining=11504 papers/s=0.1265 pages/s=1.2037
progress completed=28 failed=0 in_flight=2 remaining=11503 papers/s=0.1275 pages/s=1.2162
progress completed=29 failed=0 in_flight=2 remaining=11502 papers/s=0.1282 pages/s=1.2245
progress completed=30 failed=0 in_flight=2 remaining=11501 papers/s=0.1317 pages/s=1.2599
progress completed=31 failed=0 in_flight=2 remaining=11500 papers/s=0.132 pages/s=1.265
progress completed=32 failed=0 in_flight=2 remaining=11499 papers/s=0.1325 pages/s=1.2713
progress completed=33 failed=0 in_flight=2 remaining=11498 papers/s=0.1361 pages/s=1.3078
progress completed=34 failed=0 in_flight=2 remaining=11497 papers/s=0.136 pages/s=1.3079
progress completed=35 failed=0 in_flight=2 remaining=11496 papers/s=0.1357 pages/s=1.3062
progress completed=36 failed=0 in_flight=2 remaining=11495 papers/s=0.1387 pages/s=1.3368
progress completed=37 failed=0 in_flight=2 remaining=11494 papers/s=0.139 pages/s=1.341
progress completed=38 failed=0 in_flight=2 remaining=11493 papers/s=0.1395 pages/s=1.3469
progress completed=39 failed=0 in_flight=2 remaining=11492 papers/s=0.1423 pages/s=1.3753
progress completed=40 failed=0 in_flight=2 remaining=11491 papers/s=0.1386 pages/s=1.3411
progress completed=41 failed=0 in_flight=2 remaining=11490 papers/s=0.142 pages/s=1.3753
progress completed=42 failed=0 in_flight=2 remaining=11489 papers/s=0.1455 pages/s=1.4096
progress completed=43 failed=0 in_flight=2 remaining=11488 papers/s=0.1413 pages/s=1.37
progress completed=44 failed=0 in_flight=2 remaining=11487 papers/s=0.1445 pages/s=1.4026
progress completed=45 failed=0 in_flight=2 remaining=11486 papers/s=0.1478 pages/s=1.435
progress completed=46 failed=0 in_flight=2 remaining=11485 papers/s=0.1432 pages/s=1.3914
progress completed=47 failed=0 in_flight=2 remaining=11484 papers/s=0.1463 pages/s=1.4223
progress completed=48 failed=0 in_flight=2 remaining=11483 papers/s=0.1485 pages/s=1.445
progress completed=49 failed=0 in_flight=2 remaining=11482 papers/s=0.1454 pages/s=1.4151
progress completed=50 failed=0 in_flight=2 remaining=11481 papers/s=0.1482 pages/s=1.4435
progress completed=51 failed=0 in_flight=2 remaining=11480 papers/s=0.1477 pages/s=1.4397
progress completed=52 failed=0 in_flight=2 remaining=11479 papers/s=0.1484 pages/s=1.4472
progress completed=53 failed=0 in_flight=2 remaining=11478 papers/s=0.1482 pages/s=1.4453
progress completed=54 failed=0 in_flight=2 remaining=11477 papers/s=0.1487 pages/s=1.451
progress completed=55 failed=0 in_flight=2 remaining=11476 papers/s=0.1514 pages/s=1.4779
progress completed=56 failed=0 in_flight=2 remaining=11475 papers/s=0.1491 pages/s=1.4565
progress completed=57 failed=0 in_flight=2 remaining=11474 papers/s=0.1504 pages/s=1.4698
progress completed=58 failed=0 in_flight=2 remaining=11473 papers/s=0.1524 pages/s=1.4896
progress completed=59 failed=0 in_flight=2 remaining=11472 papers/s=0.1496 pages/s=1.4627
progress completed=60 failed=0 in_flight=2 remaining=11471 papers/s=0.1515 pages/s=1.4824
progress completed=61 failed=0 in_flight=2 remaining=11470 papers/s=0.1518 pages/s=1.4858
progress completed=62 failed=0 in_flight=2 remaining=11469 papers/s=0.1503 pages/s=1.4711
progress completed=63 failed=0 in_flight=2 remaining=11468 papers/s=0.1515 pages/s=1.4838
progress completed=64 failed=0 in_flight=2 remaining=11467 papers/s=0.1533 pages/s=1.5022
progress completed=65 failed=0 in_flight=2 remaining=11466 papers/s=0.1526 pages/s=1.4954
progress completed=66 failed=0 in_flight=2 remaining=11465 papers/s=0.1529 pages/s=1.4993
progress completed=67 failed=0 in_flight=2 remaining=11464 papers/s=0.1547 pages/s=1.5166
progress completed=68 failed=0 in_flight=2 remaining=11463 papers/s=0.1519 pages/s=1.4903
progress completed=69 failed=0 in_flight=2 remaining=11462 papers/s=0.1541 pages/s=1.5125
progress completed=70 failed=0 in_flight=2 remaining=11461 papers/s=0.1564 pages/s=1.5345
progress completed=71 failed=0 in_flight=2 remaining=11460 papers/s=0.1539 pages/s=1.5106
progress completed=72 failed=0 in_flight=2 remaining=11459 papers/s=0.1556 pages/s=1.5284
progress completed=73 failed=0 in_flight=2 remaining=11458 papers/s=0.1567 pages/s=1.539
progress completed=74 failed=0 in_flight=2 remaining=11457 papers/s=0.1558 pages/s=1.5306
progress completed=75 failed=0 in_flight=2 remaining=11456 papers/s=0.1562 pages/s=1.5345
progress completed=76 failed=0 in_flight=2 remaining=11455 papers/s=0.1577 pages/s=1.5503
progress completed=77 failed=0 in_flight=2 remaining=11454 papers/s=0.1564 pages/s=1.5372
progress completed=78 failed=0 in_flight=2 remaining=11453 papers/s=0.1575 pages/s=1.5486
progress completed=79 failed=0 in_flight=2 remaining=11452 papers/s=0.1591 pages/s=1.5652
progress completed=80 failed=0 in_flight=2 remaining=11451 papers/s=0.1568 pages/s=1.5429
progress completed=81 failed=0 in_flight=2 remaining=11450 papers/s=0.1574 pages/s=1.549
progress completed=82 failed=0 in_flight=2 remaining=11449 papers/s=0.1593 pages/s=1.5681
progress completed=83 failed=0 in_flight=2 remaining=11448 papers/s=0.1573 pages/s=1.5479
progress completed=84 failed=0 in_flight=2 remaining=11447 papers/s=0.1581 pages/s=1.5566
progress completed=85 failed=0 in_flight=2 remaining=11446 papers/s=0.1597 pages/s=1.5721
progress completed=86 failed=0 in_flight=2 remaining=11445 papers/s=0.1592 pages/s=1.5677
progress completed=87 failed=0 in_flight=2 remaining=11444 papers/s=0.159 pages/s=1.566
progress completed=88 failed=0 in_flight=2 remaining=11443 papers/s=0.1603 pages/s=1.5795
progress completed=89 failed=0 in_flight=2 remaining=11442 papers/s=0.1603 pages/s=1.5796
progress completed=90 failed=0 in_flight=2 remaining=11441 papers/s=0.1603 pages/s=1.5803
progress completed=91 failed=0 in_flight=2 remaining=11440 papers/s=0.1598 pages/s=1.5749
progress completed=92 failed=0 in_flight=2 remaining=11439 papers/s=0.1605 pages/s=1.5826
progress completed=93 failed=0 in_flight=2 remaining=11438 papers/s=0.1618 pages/s=1.5956
progress completed=94 failed=0 in_flight=2 remaining=11437 papers/s=0.1605 pages/s=1.5828
progress completed=95 failed=0 in_flight=2 remaining=11436 papers/s=0.1619 pages/s=1.5969
progress completed=96 failed=0 in_flight=2 remaining=11435 papers/s=0.1628 pages/s=1.6063
progress completed=97 failed=0 in_flight=2 remaining=11434 papers/s=0.1614 pages/s=1.5926
progress completed=98 failed=0 in_flight=2 remaining=11433 papers/s=0.1626 pages/s=1.6047
progress completed=99 failed=0 in_flight=2 remaining=11432 papers/s=0.1628 pages/s=1.6062
progress completed=100 failed=0 in_flight=2 remaining=11431 papers/s=0.1619 pages/s=1.5976
progress completed=101 failed=0 in_flight=2 remaining=11430 papers/s=0.163 pages/s=1.6095
progress completed=102 failed=0 in_flight=2 remaining=11429 papers/s=0.1641 pages/s=1.6201
progress completed=103 failed=0 in_flight=2 remaining=11428 papers/s=0.162 pages/s=1.5996
progress completed=104 failed=0 in_flight=2 remaining=11427 papers/s=0.1636 pages/s=1.6151
progress completed=105 failed=0 in_flight=2 remaining=11426 papers/s=0.1651 pages/s=1.6307
progress completed=106 failed=0 in_flight=2 remaining=11425 papers/s=0.1639 pages/s=1.6191
progress completed=107 failed=0 in_flight=2 remaining=11424 papers/s=0.1643 pages/s=1.6229
