[2026-09-28T10:26:20Z] Starting caller: env PYTHONPATH=/gpfs/home5/sfris1/multimodal-tip-of-tongue-for-scientific-papers/src .venv-mineru/bin/python -m extraction --input-dir /scratch-shared/sfris1/pdf_datasets --split-index /scratch-shared/sfris1/data/splits/pdf_dataset_split.json --split train+test --output-dir /scratch-shared/sfris1/processed --api-url http://127.0.0.1:59177 --max-in-flight 8 --domains Medicine
{
  "mineru_health": {
    "completed_tasks": 0,
    "failed_tasks": 0,
    "max_concurrent_requests": 8,
    "processing_tasks": 0,
    "processing_window_size": 64,
    "protocol_version": 2,
    "queued_tasks": 0,
    "servers": [
      {
        "base_url": "http://127.0.0.1:50965",
        "completed_tasks": 0,
        "failed_tasks": 0,
        "gpu": "0",
        "healthy": true,
        "last_checked_at": "2026-09-28T10:26:20.914574+00:00",
        "last_error": null,
        "max_concurrent_requests": 8,
        "processing_tasks": 0,
        "processing_window_size": 64,
        "queued_tasks": 0,
        "server_id": "local-gpu-0",
        "source": "local"
      }
    ],
    "status": "healthy",
    "version": "3.4.0"
  }
}
progress completed=1 failed=0 in_flight=7 remaining=2309 papers/s=0.0112 pages/s=0.0894
progress completed=2 failed=0 in_flight=7 remaining=2308 papers/s=0.0223 pages/s=0.1788
progress completed=3 failed=0 in_flight=7 remaining=2307 papers/s=0.0333 pages/s=0.2887
progress completed=4 failed=0 in_flight=7 remaining=2306 papers/s=0.0444 pages/s=0.3994
progress completed=5 failed=0 in_flight=7 remaining=2305 papers/s=0.0554 pages/s=0.4989
progress completed=6 failed=0 in_flight=7 remaining=2304 papers/s=0.064 pages/s=0.5546
progress completed=7 failed=0 in_flight=7 remaining=2303 papers/s=0.0746 pages/s=0.6287
progress completed=8 failed=0 in_flight=7 remaining=2302 papers/s=0.0851 pages/s=0.7343
progress completed=9 failed=0 in_flight=7 remaining=2301 papers/s=0.0767 pages/s=0.6731
progress completed=10 failed=0 in_flight=7 remaining=2300 papers/s=0.0851 pages/s=0.7573
progress completed=11 failed=0 in_flight=7 remaining=2299 papers/s=0.0911 pages/s=0.8113
progress completed=12 failed=0 in_flight=7 remaining=2298 papers/s=0.0992 pages/s=0.8929
progress completed=13 failed=0 in_flight=7 remaining=2297 papers/s=0.1002 pages/s=0.9093
progress completed=14 failed=0 in_flight=7 remaining=2296 papers/s=0.1068 pages/s=0.9768
progress completed=15 failed=0 in_flight=7 remaining=2295 papers/s=0.1135 pages/s=1.0371
progress completed=16 failed=0 in_flight=7 remaining=2294 papers/s=0.1211 pages/s=1.1122
progress completed=17 failed=0 in_flight=7 remaining=2293 papers/s=0.1155 pages/s=1.0665
progress completed=18 failed=0 in_flight=7 remaining=2292 papers/s=0.1222 pages/s=1.1069
progress completed=19 failed=0 in_flight=7 remaining=2291 papers/s=0.126 pages/s=1.1142
progress completed=20 failed=0 in_flight=7 remaining=2290 papers/s=0.1325 pages/s=1.1795
progress completed=21 failed=0 in_flight=7 remaining=2289 papers/s=0.1391 pages/s=1.2454
progress completed=22 failed=0 in_flight=7 remaining=2288 papers/s=0.1457 pages/s=1.2978
progress completed=23 failed=0 in_flight=7 remaining=2287 papers/s=0.1434 pages/s=1.2842
progress completed=24 failed=0 in_flight=7 remaining=2286 papers/s=0.1494 pages/s=1.3447
progress completed=25 failed=0 in_flight=7 remaining=2285 papers/s=0.1405 pages/s=1.2697
progress completed=26 failed=0 in_flight=7 remaining=2284 papers/s=0.146 pages/s=1.3086
progress completed=27 failed=0 in_flight=7 remaining=2283 papers/s=0.1515 pages/s=1.3634
progress completed=28 failed=0 in_flight=7 remaining=2282 papers/s=0.1545 pages/s=1.3852
progress completed=29 failed=0 in_flight=7 remaining=2281 papers/s=0.1529 pages/s=1.3759
progress completed=30 failed=0 in_flight=7 remaining=2280 papers/s=0.1581 pages/s=1.423
progress completed=31 failed=0 in_flight=7 remaining=2279 papers/s=0.1633 pages/s=1.4746
progress completed=32 failed=0 in_flight=7 remaining=2278 papers/s=0.1651 pages/s=1.4961
progress completed=33 failed=0 in_flight=7 remaining=2277 papers/s=0.162 pages/s=1.4676
progress completed=34 failed=0 in_flight=7 remaining=2276 papers/s=0.1551 pages/s=1.4098
progress completed=35 failed=0 in_flight=7 remaining=2275 papers/s=0.1596 pages/s=1.4548
progress completed=36 failed=0 in_flight=7 remaining=2274 papers/s=0.1639 pages/s=1.4983
progress completed=37 failed=0 in_flight=7 remaining=2273 papers/s=0.1685 pages/s=1.5434
progress completed=38 failed=0 in_flight=7 remaining=2272 papers/s=0.1726 pages/s=1.585
progress completed=39 failed=0 in_flight=7 remaining=2271 papers/s=0.1743 pages/s=1.6047
progress completed=40 failed=0 in_flight=7 remaining=2270 papers/s=0.1787 pages/s=1.6488
progress completed=41 failed=0 in_flight=7 remaining=2269 papers/s=0.1757 pages/s=1.6239
progress completed=42 failed=0 in_flight=7 remaining=2268 papers/s=0.1654 pages/s=1.5318
progress completed=43 failed=0 in_flight=7 remaining=2267 papers/s=0.1692 pages/s=1.5624
progress completed=44 failed=0 in_flight=7 remaining=2266 papers/s=0.1731 pages/s=1.5974
progress completed=45 failed=0 in_flight=7 remaining=2265 papers/s=0.177 pages/s=1.6362
progress completed=46 failed=0 in_flight=7 remaining=2264 papers/s=0.1772 pages/s=1.6407
progress completed=47 failed=0 in_flight=7 remaining=2263 papers/s=0.1808 pages/s=1.6777
progress completed=48 failed=0 in_flight=7 remaining=2262 papers/s=0.1778 pages/s=1.6522
progress completed=49 failed=0 in_flight=7 remaining=2261 papers/s=0.1806 pages/s=1.6805
progress completed=50 failed=0 in_flight=7 remaining=2260 papers/s=0.1795 pages/s=1.6731
progress completed=51 failed=0 in_flight=7 remaining=2259 papers/s=0.1758 pages/s=1.6408
progress completed=52 failed=0 in_flight=7 remaining=2258 papers/s=0.178 pages/s=1.6634
progress completed=53 failed=0 in_flight=7 remaining=2257 papers/s=0.1813 pages/s=1.6971
progress completed=54 failed=0 in_flight=7 remaining=2256 papers/s=0.1847 pages/s=1.7304
progress completed=55 failed=0 in_flight=7 remaining=2255 papers/s=0.1812 pages/s=1.7002
progress completed=56 failed=0 in_flight=7 remaining=2254 papers/s=0.1823 pages/s=1.7127
progress completed=57 failed=0 in_flight=7 remaining=2253 papers/s=0.1856 pages/s=1.7449
progress completed=58 failed=0 in_flight=7 remaining=2252 papers/s=0.1818 pages/s=1.7117
progress completed=59 failed=0 in_flight=7 remaining=2251 papers/s=0.1849 pages/s=1.7334
progress completed=60 failed=0 in_flight=7 remaining=2250 papers/s=0.188 pages/s=1.7644
progress completed=61 failed=0 in_flight=7 remaining=2249 papers/s=0.1888 pages/s=1.7703
progress completed=62 failed=0 in_flight=7 remaining=2248 papers/s=0.1918 pages/s=1.7883
progress completed=63 failed=0 in_flight=7 remaining=2247 papers/s=0.1905 pages/s=1.7782
progress completed=64 failed=0 in_flight=7 remaining=2246 papers/s=0.1902 pages/s=1.777
progress completed=65 failed=0 in_flight=7 remaining=2245 papers/s=0.1851 pages/s=1.7313
progress completed=66 failed=0 in_flight=7 remaining=2244 papers/s=0.187 pages/s=1.7505
progress completed=67 failed=0 in_flight=7 remaining=2243 papers/s=0.1897 pages/s=1.7783
progress completed=68 failed=0 in_flight=7 remaining=2242 papers/s=0.1917 pages/s=1.799
progress completed=69 failed=0 in_flight=7 remaining=2241 papers/s=0.1939 pages/s=1.8208
progress completed=70 failed=0 in_flight=7 remaining=2240 papers/s=0.1966 pages/s=1.8483
progress completed=71 failed=0 in_flight=7 remaining=2239 papers/s=0.1986 pages/s=1.8659
progress completed=72 failed=0 in_flight=7 remaining=2238 papers/s=0.1973 pages/s=1.8548
progress completed=73 failed=0 in_flight=7 remaining=2237 papers/s=0.194 pages/s=1.8254
progress completed=74 failed=0 in_flight=7 remaining=2236 papers/s=0.1895 pages/s=1.7776
progress completed=75 failed=0 in_flight=7 remaining=2235 papers/s=0.1918 pages/s=1.7953
progress completed=76 failed=0 in_flight=7 remaining=2234 papers/s=0.1943 pages/s=1.8205
progress completed=77 failed=0 in_flight=7 remaining=2233 papers/s=0.1958 pages/s=1.8359
progress completed=78 failed=0 in_flight=7 remaining=2232 papers/s=0.1982 pages/s=1.8604
progress completed=79 failed=0 in_flight=7 remaining=2231 papers/s=0.2003 pages/s=1.8817
progress completed=80 failed=0 in_flight=7 remaining=2230 papers/s=0.2004 pages/s=1.8833
progress completed=81 failed=0 in_flight=7 remaining=2229 papers/s=0.1989 pages/s=1.8636
progress completed=82 failed=0 in_flight=7 remaining=2228 papers/s=0.1931 pages/s=1.8011
progress completed=83 failed=0 in_flight=7 remaining=2227 papers/s=0.1954 pages/s=1.8174
progress completed=84 failed=0 in_flight=7 remaining=2226 papers/s=0.1977 pages/s=1.836
progress completed=85 failed=0 in_flight=7 remaining=2225 papers/s=0.1998 pages/s=1.8566
progress completed=86 failed=0 in_flight=7 remaining=2224 papers/s=0.2012 pages/s=1.8716
progress completed=87 failed=0 in_flight=7 remaining=2223 papers/s=0.2029 pages/s=1.8888
progress completed=88 failed=0 in_flight=7 remaining=2222 papers/s=0.2051 pages/s=1.9092
progress completed=89 failed=0 in_flight=7 remaining=2221 papers/s=0.2017 pages/s=1.879
progress completed=90 failed=0 in_flight=7 remaining=2220 papers/s=0.195 pages/s=1.8183
progress completed=91 failed=0 in_flight=7 remaining=2219 papers/s=0.1972 pages/s=1.8373
progress completed=92 failed=0 in_flight=7 remaining=2218 papers/s=0.1993 pages/s=1.8544
progress completed=93 failed=0 in_flight=7 remaining=2217 papers/s=0.2014 pages/s=1.8754
progress completed=94 failed=0 in_flight=7 remaining=2216 papers/s=0.2035 pages/s=1.8966
progress completed=95 failed=0 in_flight=7 remaining=2215 papers/s=0.202 pages/s=1.8843
progress completed=96 failed=0 in_flight=7 remaining=2214 papers/s=0.2041 pages/s=1.9052
progress completed=97 failed=0 in_flight=7 remaining=2213 papers/s=0.2051 pages/s=1.9153
progress completed=98 failed=0 in_flight=7 remaining=2212 papers/s=0.2031 pages/s=1.8983
progress completed=99 failed=0 in_flight=7 remaining=2211 papers/s=0.197 pages/s=1.8391
progress completed=100 failed=0 in_flight=7 remaining=2210 papers/s=0.1984 pages/s=1.8514
progress completed=101 failed=0 in_flight=7 remaining=2209 papers/s=0.2004 pages/s=1.8709
progress completed=102 failed=0 in_flight=7 remaining=2208 papers/s=0.2023 pages/s=1.8906
progress completed=103 failed=0 in_flight=7 remaining=2207 papers/s=0.2042 pages/s=1.9092
progress completed=104 failed=0 in_flight=7 remaining=2206 papers/s=0.204 pages/s=1.9085
progress completed=105 failed=0 in_flight=7 remaining=2205 papers/s=0.205 pages/s=1.9193
progress completed=106 failed=0 in_flight=7 remaining=2204 papers/s=0.2011 pages/s=1.8834
progress completed=107 failed=0 in_flight=7 remaining=2203 papers/s=0.2025 pages/s=1.8929
progress completed=108 failed=0 in_flight=7 remaining=2202 papers/s=0.2043 pages/s=1.911
progress completed=109 failed=0 in_flight=7 remaining=2201 papers/s=0.2062 pages/s=1.9297
progress completed=110 failed=0 in_flight=7 remaining=2200 papers/s=0.2024 pages/s=1.8859
progress completed=111 failed=0 in_flight=7 remaining=2199 papers/s=0.2042 pages/s=1.9022
progress completed=112 failed=0 in_flight=7 remaining=2198 papers/s=0.206 pages/s=1.9203
progress completed=113 failed=0 in_flight=7 remaining=2197 papers/s=0.2078 pages/s=1.9379
progress completed=114 failed=0 in_flight=7 remaining=2196 papers/s=0.2096 pages/s=1.956
progress completed=115 failed=0 in_flight=7 remaining=2195 papers/s=0.2063 pages/s=1.9267
progress completed=116 failed=0 in_flight=7 remaining=2194 papers/s=0.2031 pages/s=1.8912
progress completed=117 failed=0 in_flight=7 remaining=2193 papers/s=0.2049 pages/s=1.9033
progress completed=118 failed=0 in_flight=7 remaining=2192 papers/s=0.2065 pages/s=1.9194
progress completed=119 failed=0 in_flight=7 remaining=2191 papers/s=0.2078 pages/s=1.9327
progress completed=120 failed=0 in_flight=7 remaining=2190 papers/s=0.2089 pages/s=1.9445
progress completed=121 failed=0 in_flight=7 remaining=2189 papers/s=0.21 pages/s=1.9542
progress completed=122 failed=0 in_flight=7 remaining=2188 papers/s=0.2108 pages/s=1.9628
progress completed=123 failed=0 in_flight=7 remaining=2187 papers/s=0.2114 pages/s=1.9663
progress completed=124 failed=0 in_flight=7 remaining=2186 papers/s=0.2109 pages/s=1.9541
progress completed=125 failed=0 in_flight=7 remaining=2185 papers/s=0.2117 pages/s=1.9608
progress completed=126 failed=0 in_flight=7 remaining=2184 papers/s=0.2133 pages/s=1.9691
progress completed=127 failed=0 in_flight=7 remaining=2183 papers/s=0.2109 pages/s=1.9448
progress completed=128 failed=0 in_flight=7 remaining=2182 papers/s=0.2125 pages/s=1.9576
progress completed=129 failed=0 in_flight=7 remaining=2181 papers/s=0.2142 pages/s=1.9722
progress completed=130 failed=0 in_flight=7 remaining=2180 papers/s=0.2145 pages/s=1.9734
progress completed=131 failed=0 in_flight=7 remaining=2179 papers/s=0.2115 pages/s=1.9467
progress completed=132 failed=0 in_flight=7 remaining=2178 papers/s=0.213 pages/s=1.9626
progress completed=133 failed=0 in_flight=7 remaining=2177 papers/s=0.2124 pages/s=1.9545
progress completed=134 failed=0 in_flight=7 remaining=2176 papers/s=0.2139 pages/s=1.9702
progress completed=135 failed=0 in_flight=7 remaining=2175 papers/s=0.2155 pages/s=1.9855
progress completed=136 failed=0 in_flight=7 remaining=2174 papers/s=0.216 pages/s=1.9866
progress completed=137 failed=0 in_flight=7 remaining=2173 papers/s=0.214 pages/s=1.9701
progress completed=138 failed=0 in_flight=7 remaining=2172 papers/s=0.2151 pages/s=1.9815
progress completed=139 failed=0 in_flight=7 remaining=2171 papers/s=0.2167 pages/s=1.9969
progress completed=140 failed=0 in_flight=7 remaining=2170 papers/s=0.2146 pages/s=1.9793
progress completed=141 failed=0 in_flight=7 remaining=2169 papers/s=0.2155 pages/s=1.9882
progress completed=142 failed=0 in_flight=7 remaining=2168 papers/s=0.217 pages/s=2.0032
progress completed=143 failed=0 in_flight=7 remaining=2167 papers/s=0.2156 pages/s=1.9918
progress completed=144 failed=0 in_flight=7 remaining=2166 papers/s=0.2171 pages/s=2.0063
progress completed=145 failed=0 in_flight=7 remaining=2165 papers/s=0.216 pages/s=1.9981
progress completed=146 failed=0 in_flight=7 remaining=2164 papers/s=0.2175 pages/s=2.0095
progress completed=147 failed=0 in_flight=7 remaining=2163 papers/s=0.2149 pages/s=1.9865
progress completed=148 failed=0 in_flight=7 remaining=2162 papers/s=0.2158 pages/s=1.9888
progress completed=149 failed=0 in_flight=7 remaining=2161 papers/s=0.2172 pages/s=2.0016
progress completed=150 failed=0 in_flight=7 remaining=2160 papers/s=0.2186 pages/s=2.013
progress completed=151 failed=0 in_flight=7 remaining=2159 papers/s=0.2201 pages/s=2.0272
progress completed=152 failed=0 in_flight=7 remaining=2158 papers/s=0.2176 pages/s=2.0054
progress completed=153 failed=0 in_flight=7 remaining=2157 papers/s=0.2186 pages/s=2.0121
progress completed=154 failed=0 in_flight=7 remaining=2156 papers/s=0.2201 pages/s=2.0262
progress completed=155 failed=0 in_flight=7 remaining=2155 papers/s=0.2186 pages/s=2.0123
progress completed=156 failed=0 in_flight=7 remaining=2154 papers/s=0.2148 pages/s=1.9782
progress completed=157 failed=0 in_flight=7 remaining=2153 papers/s=0.2161 pages/s=1.9877
progress completed=158 failed=0 in_flight=7 remaining=2152 papers/s=0.2175 pages/s=2.0013
progress completed=159 failed=0 in_flight=7 remaining=2151 papers/s=0.2186 pages/s=2.0126
progress completed=160 failed=0 in_flight=7 remaining=2150 papers/s=0.2181 pages/s=2.0091
progress completed=161 failed=0 in_flight=7 remaining=2149 papers/s=0.2194 pages/s=2.0224
progress completed=162 failed=0 in_flight=7 remaining=2148 papers/s=0.2208 pages/s=2.0359
progress completed=163 failed=0 in_flight=7 remaining=2147 papers/s=0.2214 pages/s=2.0428
progress completed=164 failed=0 in_flight=7 remaining=2146 papers/s=0.2189 pages/s=2.0206
progress completed=165 failed=0 in_flight=7 remaining=2145 papers/s=0.2202 pages/s=2.0336
progress completed=166 failed=0 in_flight=7 remaining=2144 papers/s=0.2169 pages/s=2.0043
progress completed=167 failed=0 in_flight=7 remaining=2143 papers/s=0.2182 pages/s=2.0171
progress completed=168 failed=0 in_flight=7 remaining=2142 papers/s=0.2194 pages/s=2.0298
progress completed=169 failed=0 in_flight=7 remaining=2141 papers/s=0.2206 pages/s=2.0414
progress completed=170 failed=0 in_flight=7 remaining=2140 papers/s=0.2209 pages/s=2.0437
progress completed=171 failed=0 in_flight=7 remaining=2139 papers/s=0.2216 pages/s=2.0488
progress completed=172 failed=0 in_flight=7 remaining=2138 papers/s=0.2208 pages/s=2.0421
progress completed=173 failed=0 in_flight=7 remaining=2137 papers/s=0.2215 pages/s=2.0494
progress completed=174 failed=0 in_flight=7 remaining=2136 papers/s=0.221 pages/s=2.0414
progress completed=175 failed=0 in_flight=7 remaining=2135 papers/s=0.2196 pages/s=2.0288
progress completed=176 failed=0 in_flight=7 remaining=2134 papers/s=0.2208 pages/s=2.04
progress completed=177 failed=0 in_flight=7 remaining=2133 papers/s=0.2189 pages/s=2.0228
progress completed=178 failed=0 in_flight=7 remaining=2132 papers/s=0.2201 pages/s=2.035
progress completed=179 failed=0 in_flight=7 remaining=2131 papers/s=0.2212 pages/s=2.0465
progress completed=180 failed=0 in_flight=7 remaining=2130 papers/s=0.2208 pages/s=2.0423
progress completed=181 failed=0 in_flight=7 remaining=2129 papers/s=0.222 pages/s=2.0542
progress completed=182 failed=0 in_flight=7 remaining=2128 papers/s=0.2232 pages/s=2.0662
progress completed=183 failed=0 in_flight=7 remaining=2127 papers/s=0.2209 pages/s=2.0452
progress completed=184 failed=0 in_flight=7 remaining=2126 papers/s=0.2213 pages/s=2.0498
progress completed=185 failed=0 in_flight=7 remaining=2125 papers/s=0.2225 pages/s=2.0603
progress completed=186 failed=0 in_flight=7 remaining=2124 papers/s=0.2237 pages/s=2.0719
progress completed=187 failed=0 in_flight=7 remaining=2123 papers/s=0.2217 pages/s=2.0548
progress completed=188 failed=0 in_flight=7 remaining=2122 papers/s=0.2228 pages/s=2.066
progress completed=189 failed=0 in_flight=7 remaining=2121 papers/s=0.2219 pages/s=2.0581
progress completed=190 failed=0 in_flight=7 remaining=2120 papers/s=0.2208 pages/s=2.0488
progress completed=191 failed=0 in_flight=7 remaining=2119 papers/s=0.2219 pages/s=2.0589
progress completed=192 failed=0 in_flight=7 remaining=2118 papers/s=0.223 pages/s=2.0701
progress completed=193 failed=0 in_flight=7 remaining=2117 papers/s=0.221 pages/s=2.052
progress completed=194 failed=0 in_flight=7 remaining=2116 papers/s=0.2221 pages/s=2.0633
progress completed=195 failed=0 in_flight=7 remaining=2115 papers/s=0.223 pages/s=2.0718
progress completed=196 failed=0 in_flight=7 remaining=2114 papers/s=0.2236 pages/s=2.0777
progress completed=197 failed=0 in_flight=7 remaining=2113 papers/s=0.2247 pages/s=2.0888
progress completed=198 failed=0 in_flight=7 remaining=2112 papers/s=0.2215 pages/s=2.0542
progress completed=199 failed=0 in_flight=7 remaining=2111 papers/s=0.2226 pages/s=2.0619
progress completed=200 failed=0 in_flight=7 remaining=2110 papers/s=0.2237 pages/s=2.0707
progress completed=201 failed=0 in_flight=7 remaining=2109 papers/s=0.2248 pages/s=2.0794
progress completed=202 failed=0 in_flight=7 remaining=2108 papers/s=0.2259 pages/s=2.0904
progress completed=203 failed=0 in_flight=7 remaining=2107 papers/s=0.2259 pages/s=2.0897
progress completed=204 failed=0 in_flight=7 remaining=2106 papers/s=0.2248 pages/s=2.0805
progress completed=205 failed=0 in_flight=7 remaining=2105 papers/s=0.2216 pages/s=2.0502
progress completed=206 failed=0 in_flight=7 remaining=2104 papers/s=0.2226 pages/s=2.0588
progress completed=207 failed=0 in_flight=7 remaining=2103 papers/s=0.2237 pages/s=2.0652
progress completed=208 failed=0 in_flight=7 remaining=2102 papers/s=0.2248 pages/s=2.0758
progress completed=209 failed=0 in_flight=7 remaining=2101 papers/s=0.2249 pages/s=2.0784
progress completed=210 failed=0 in_flight=7 remaining=2100 papers/s=0.2256 pages/s=2.0849
progress completed=211 failed=0 in_flight=7 remaining=2099 papers/s=0.2266 pages/s=2.0953
progress completed=212 failed=0 in_flight=7 remaining=2098 papers/s=0.2255 pages/s=2.0828
progress completed=213 failed=0 in_flight=7 remaining=2097 papers/s=0.2224 pages/s=2.0537
progress completed=214 failed=0 in_flight=7 remaining=2096 papers/s=0.2234 pages/s=2.0618
progress completed=215 failed=0 in_flight=7 remaining=2095 papers/s=0.2244 pages/s=2.069
progress completed=216 failed=0 in_flight=7 remaining=2094 papers/s=0.2255 pages/s=2.0793
progress completed=217 failed=0 in_flight=7 remaining=2093 papers/s=0.2248 pages/s=2.0743
progress completed=218 failed=0 in_flight=7 remaining=2092 papers/s=0.2259 pages/s=2.0846
progress completed=219 failed=0 in_flight=7 remaining=2091 papers/s=0.2269 pages/s=2.0938
progress completed=220 failed=0 in_flight=7 remaining=2090 papers/s=0.2268 pages/s=2.0939
progress completed=221 failed=0 in_flight=7 remaining=2089 papers/s=0.2263 pages/s=2.0903
progress completed=222 failed=0 in_flight=7 remaining=2088 papers/s=0.2269 pages/s=2.0924
progress completed=223 failed=0 in_flight=7 remaining=2087 papers/s=0.2237 pages/s=2.0636
progress completed=224 failed=0 in_flight=7 remaining=2086 papers/s=0.2247 pages/s=2.0736
progress completed=225 failed=0 in_flight=7 remaining=2085 papers/s=0.225 pages/s=2.0773
progress completed=226 failed=0 in_flight=7 remaining=2084 papers/s=0.226 pages/s=2.0873
progress completed=227 failed=0 in_flight=7 remaining=2083 papers/s=0.227 pages/s=2.0972
progress completed=228 failed=0 in_flight=7 remaining=2082 papers/s=0.228 pages/s=2.1069
progress completed=229 failed=0 in_flight=7 remaining=2081 papers/s=0.2266 pages/s=2.0948
progress completed=230 failed=0 in_flight=7 remaining=2080 papers/s=0.2276 pages/s=2.1025
progress completed=231 failed=0 in_flight=7 remaining=2079 papers/s=0.2279 pages/s=2.103
progress completed=232 failed=0 in_flight=7 remaining=2078 papers/s=0.2267 pages/s=2.0931
progress completed=233 failed=0 in_flight=7 remaining=2077 papers/s=0.2276 pages/s=2.0987
progress completed=234 failed=0 in_flight=7 remaining=2076 papers/s=0.2286 pages/s=2.1054
progress completed=235 failed=0 in_flight=7 remaining=2075 papers/s=0.2296 pages/s=2.1102
progress completed=236 failed=0 in_flight=7 remaining=2074 papers/s=0.2296 pages/s=2.109
progress completed=237 failed=0 in_flight=7 remaining=2073 papers/s=0.2291 pages/s=2.104
progress completed=238 failed=0 in_flight=7 remaining=2072 papers/s=0.2288 pages/s=2.1027
progress completed=239 failed=0 in_flight=7 remaining=2071 papers/s=0.2259 pages/s=2.072
progress completed=240 failed=0 in_flight=7 remaining=2070 papers/s=0.2268 pages/s=2.0811
progress completed=241 failed=0 in_flight=7 remaining=2069 papers/s=0.2276 pages/s=2.088
progress completed=242 failed=0 in_flight=7 remaining=2068 papers/s=0.2284 pages/s=2.0962
progress completed=243 failed=0 in_flight=7 remaining=2067 papers/s=0.2291 pages/s=2.1016
progress completed=244 failed=0 in_flight=7 remaining=2066 papers/s=0.23 pages/s=2.1106
progress completed=245 failed=0 in_flight=7 remaining=2065 papers/s=0.23 pages/s=2.1116
progress completed=246 failed=0 in_flight=7 remaining=2064 papers/s=0.23 pages/s=2.1118
progress completed=247 failed=0 in_flight=7 remaining=2063 papers/s=0.2287 pages/s=2.0995
progress completed=248 failed=0 in_flight=7 remaining=2062 papers/s=0.2297 pages/s=2.1077
progress completed=249 failed=0 in_flight=7 remaining=2061 papers/s=0.2281 pages/s=2.0937
progress completed=250 failed=0 in_flight=7 remaining=2060 papers/s=0.2289 pages/s=2.1019
progress completed=251 failed=0 in_flight=7 remaining=2059 papers/s=0.2298 pages/s=2.111
progress completed=252 failed=0 in_flight=7 remaining=2058 papers/s=0.2307 pages/s=2.1201
progress completed=253 failed=0 in_flight=7 remaining=2057 papers/s=0.2309 pages/s=2.1226
progress completed=254 failed=0 in_flight=7 remaining=2056 papers/s=0.2317 pages/s=2.1312
progress completed=255 failed=0 in_flight=7 remaining=2055 papers/s=0.231 pages/s=2.1212
progress completed=256 failed=0 in_flight=7 remaining=2054 papers/s=0.2318 pages/s=2.1301
progress completed=257 failed=0 in_flight=7 remaining=2053 papers/s=0.2279 pages/s=2.0926
progress completed=258 failed=0 in_flight=7 remaining=2052 papers/s=0.2288 pages/s=2.0979
progress completed=259 failed=0 in_flight=7 remaining=2051 papers/s=0.2296 pages/s=2.1031
progress completed=260 failed=0 in_flight=7 remaining=2050 papers/s=0.2302 pages/s=2.109
progress completed=261 failed=0 in_flight=7 remaining=2049 papers/s=0.2311 pages/s=2.1177
progress completed=262 failed=0 in_flight=7 remaining=2048 papers/s=0.2313 pages/s=2.1198
progress completed=263 failed=0 in_flight=7 remaining=2047 papers/s=0.2322 pages/s=2.1267
progress completed=264 failed=0 in_flight=7 remaining=2046 papers/s=0.233 pages/s=2.1353
progress completed=265 failed=0 in_flight=7 remaining=2045 papers/s=0.2322 pages/s=2.1264
progress completed=266 failed=0 in_flight=7 remaining=2044 papers/s=0.2324 pages/s=2.1262
progress completed=267 failed=0 in_flight=7 remaining=2043 papers/s=0.2328 pages/s=2.1306
progress completed=268 failed=0 in_flight=7 remaining=2042 papers/s=0.2315 pages/s=2.118
progress completed=269 failed=0 in_flight=7 remaining=2041 papers/s=0.2323 pages/s=2.1248
progress completed=270 failed=0 in_flight=7 remaining=2040 papers/s=0.2321 pages/s=2.1236
progress completed=271 failed=0 in_flight=7 remaining=2039 papers/s=0.233 pages/s=2.1303
progress completed=272 failed=0 in_flight=7 remaining=2038 papers/s=0.2328 pages/s=2.1292
progress completed=273 failed=0 in_flight=7 remaining=2037 papers/s=0.2332 pages/s=2.1339
progress completed=274 failed=0 in_flight=7 remaining=2036 papers/s=0.2335 pages/s=2.137
progress completed=275 failed=0 in_flight=7 remaining=2035 papers/s=0.2333 pages/s=2.1362
progress completed=276 failed=0 in_flight=7 remaining=2034 papers/s=0.2317 pages/s=2.1198
progress completed=277 failed=0 in_flight=7 remaining=2033 papers/s=0.2325 pages/s=2.1281
progress completed=278 failed=0 in_flight=7 remaining=2032 papers/s=0.2334 pages/s=2.1364
progress completed=279 failed=0 in_flight=7 remaining=2031 papers/s=0.2327 pages/s=2.1273
progress completed=280 failed=0 in_flight=7 remaining=2030 papers/s=0.2335 pages/s=2.1355
progress completed=281 failed=0 in_flight=7 remaining=2029 papers/s=0.2338 pages/s=2.1375
progress completed=282 failed=0 in_flight=7 remaining=2028 papers/s=0.2346 pages/s=2.1457
progress completed=283 failed=0 in_flight=7 remaining=2027 papers/s=0.2334 pages/s=2.1326
progress completed=284 failed=0 in_flight=7 remaining=2026 papers/s=0.2342 pages/s=2.1407
progress completed=285 failed=0 in_flight=7 remaining=2025 papers/s=0.233 pages/s=2.1293
progress completed=286 failed=0 in_flight=7 remaining=2024 papers/s=0.2338 pages/s=2.1368
progress completed=287 failed=0 in_flight=7 remaining=2023 papers/s=0.2343 pages/s=2.1399
progress completed=288 failed=0 in_flight=7 remaining=2022 papers/s=0.2351 pages/s=2.1476
progress completed=289 failed=0 in_flight=7 remaining=2021 papers/s=0.2331 pages/s=2.1297
progress completed=290 failed=0 in_flight=7 remaining=2020 papers/s=0.2338 pages/s=2.1377
progress completed=291 failed=0 in_flight=7 remaining=2019 papers/s=0.2346 pages/s=2.1456
progress completed=292 failed=0 in_flight=7 remaining=2018 papers/s=0.2347 pages/s=2.143
progress completed=293 failed=0 in_flight=7 remaining=2017 papers/s=0.2355 pages/s=2.1508
progress completed=294 failed=0 in_flight=7 remaining=2016 papers/s=0.2348 pages/s=2.1421
progress completed=295 failed=0 in_flight=7 remaining=2015 papers/s=0.2356 pages/s=2.146
progress completed=296 failed=0 in_flight=7 remaining=2014 papers/s=0.2351 pages/s=2.1417
progress completed=297 failed=0 in_flight=7 remaining=2013 papers/s=0.2326 pages/s=2.1196
progress completed=298 failed=0 in_flight=7 remaining=2012 papers/s=0.2331 pages/s=2.1237
progress completed=299 failed=0 in_flight=7 remaining=2011 papers/s=0.2338 pages/s=2.1304
progress completed=300 failed=0 in_flight=7 remaining=2010 papers/s=0.2346 pages/s=2.1377
progress completed=301 failed=0 in_flight=7 remaining=2009 papers/s=0.2353 pages/s=2.1431
progress completed=302 failed=0 in_flight=7 remaining=2008 papers/s=0.2361 pages/s=2.1508
progress completed=303 failed=0 in_flight=7 remaining=2007 papers/s=0.2362 pages/s=2.152
progress completed=304 failed=0 in_flight=7 remaining=2006 papers/s=0.2357 pages/s=2.1465
progress completed=305 failed=0 in_flight=7 remaining=2005 papers/s=0.2347 pages/s=2.1369
progress completed=306 failed=0 in_flight=7 remaining=2004 papers/s=0.2354 pages/s=2.1435
progress completed=307 failed=0 in_flight=7 remaining=2003 papers/s=0.2362 pages/s=2.1509
progress completed=308 failed=0 in_flight=7 remaining=2002 papers/s=0.2347 pages/s=2.1372
progress completed=309 failed=0 in_flight=7 remaining=2001 papers/s=0.2354 pages/s=2.1417
progress completed=310 failed=0 in_flight=7 remaining=2000 papers/s=0.2362 pages/s=2.1492
progress completed=311 failed=0 in_flight=7 remaining=1999 papers/s=0.2369 pages/s=2.1566
progress completed=312 failed=0 in_flight=7 remaining=1998 papers/s=0.2365 pages/s=2.1538
progress completed=313 failed=0 in_flight=7 remaining=1997 papers/s=0.2359 pages/s=2.1454
progress completed=314 failed=0 in_flight=7 remaining=1996 papers/s=0.2342 pages/s=2.1284
progress completed=315 failed=0 in_flight=7 remaining=1995 papers/s=0.2349 pages/s=2.135
progress completed=316 failed=0 in_flight=7 remaining=1994 papers/s=0.2356 pages/s=2.142
progress completed=317 failed=0 in_flight=7 remaining=1993 papers/s=0.236 pages/s=2.1463
progress completed=318 failed=0 in_flight=7 remaining=1992 papers/s=0.2363 pages/s=2.1457
progress completed=319 failed=0 in_flight=7 remaining=1991 papers/s=0.237 pages/s=2.1531
progress completed=320 failed=0 in_flight=7 remaining=1990 papers/s=0.2355 pages/s=2.1402
progress completed=321 failed=0 in_flight=7 remaining=1989 papers/s=0.236 pages/s=2.1455
progress completed=322 failed=0 in_flight=7 remaining=1988 papers/s=0.2365 pages/s=2.1493
progress completed=323 failed=0 in_flight=7 remaining=1987 papers/s=0.2373 pages/s=2.1558
progress completed=324 failed=0 in_flight=7 remaining=1986 papers/s=0.237 pages/s=2.1516
progress completed=325 failed=0 in_flight=7 remaining=1985 papers/s=0.2354 pages/s=2.1377
progress completed=326 failed=0 in_flight=7 remaining=1984 papers/s=0.2361 pages/s=2.1449
progress completed=327 failed=0 in_flight=7 remaining=1983 papers/s=0.2368 pages/s=2.1519
progress completed=328 failed=0 in_flight=7 remaining=1982 papers/s=0.2357 pages/s=2.1412
progress completed=329 failed=0 in_flight=7 remaining=1981 papers/s=0.2364 pages/s=2.1483
progress completed=330 failed=0 in_flight=7 remaining=1980 papers/s=0.2369 pages/s=2.1535
progress completed=331 failed=0 in_flight=7 remaining=1979 papers/s=0.2376 pages/s=2.1605
progress completed=332 failed=0 in_flight=7 remaining=1978 papers/s=0.2378 pages/s=2.1615
progress completed=333 failed=0 in_flight=7 remaining=1977 papers/s=0.2354 pages/s=2.1378
progress completed=334 failed=0 in_flight=7 remaining=1976 papers/s=0.2361 pages/s=2.1427
progress completed=335 failed=0 in_flight=7 remaining=1975 papers/s=0.2368 pages/s=2.1483
progress completed=336 failed=0 in_flight=7 remaining=1974 papers/s=0.2375 pages/s=2.1552
progress completed=337 failed=0 in_flight=7 remaining=1973 papers/s=0.2368 pages/s=2.1494
progress completed=338 failed=0 in_flight=7 remaining=1972 papers/s=0.2375 pages/s=2.1542
progress completed=339 failed=0 in_flight=7 remaining=1971 papers/s=0.2382 pages/s=2.1611
progress completed=340 failed=0 in_flight=7 remaining=1970 papers/s=0.2385 pages/s=2.1639
progress completed=341 failed=0 in_flight=7 remaining=1969 papers/s=0.2374 pages/s=2.1546
progress completed=342 failed=0 in_flight=7 remaining=1968 papers/s=0.2353 pages/s=2.1366
progress completed=343 failed=0 in_flight=7 remaining=1967 papers/s=0.236 pages/s=2.142
progress completed=344 failed=0 in_flight=7 remaining=1966 papers/s=0.2367 pages/s=2.1487
progress completed=345 failed=0 in_flight=7 remaining=1965 papers/s=0.2374 pages/s=2.1541
progress completed=346 failed=0 in_flight=7 remaining=1964 papers/s=0.238 pages/s=2.1609
progress completed=347 failed=0 in_flight=7 remaining=1963 papers/s=0.2378 pages/s=2.1591
progress completed=348 failed=0 in_flight=7 remaining=1962 papers/s=0.2384 pages/s=2.1657
progress completed=349 failed=0 in_flight=7 remaining=1961 papers/s=0.238 pages/s=2.1612
progress completed=350 failed=0 in_flight=7 remaining=1960 papers/s=0.2371 pages/s=2.1525
progress completed=351 failed=0 in_flight=7 remaining=1959 papers/s=0.2374 pages/s=2.1566
progress completed=352 failed=0 in_flight=7 remaining=1958 papers/s=0.2381 pages/s=2.1631
progress completed=353 failed=0 in_flight=7 remaining=1957 papers/s=0.2371 pages/s=2.1529
progress completed=354 failed=0 in_flight=7 remaining=1956 papers/s=0.2378 pages/s=2.1595
progress completed=355 failed=0 in_flight=7 remaining=1955 papers/s=0.2384 pages/s=2.1661
progress completed=356 failed=0 in_flight=7 remaining=1954 papers/s=0.2365 pages/s=2.1489
progress completed=357 failed=0 in_flight=7 remaining=1953 papers/s=0.2371 pages/s=2.1535
progress completed=358 failed=0 in_flight=7 remaining=1952 papers/s=0.2378 pages/s=2.16
progress completed=359 failed=0 in_flight=7 remaining=1951 papers/s=0.2381 pages/s=2.1616
progress completed=360 failed=0 in_flight=7 remaining=1950 papers/s=0.2386 pages/s=2.1654
progress completed=361 failed=0 in_flight=7 remaining=1949 papers/s=0.2381 pages/s=2.1618
progress completed=362 failed=0 in_flight=7 remaining=1948 papers/s=0.2363 pages/s=2.1433
progress completed=363 failed=0 in_flight=7 remaining=1947 papers/s=0.237 pages/s=2.1497
progress completed=364 failed=0 in_flight=7 remaining=1946 papers/s=0.2367 pages/s=2.1461
progress completed=365 failed=0 in_flight=7 remaining=1945 papers/s=0.2374 pages/s=2.1524
progress completed=366 failed=0 in_flight=7 remaining=1944 papers/s=0.2379 pages/s=2.1582
progress completed=367 failed=0 in_flight=7 remaining=1943 papers/s=0.2384 pages/s=2.1628
progress completed=368 failed=0 in_flight=7 remaining=1942 papers/s=0.2387 pages/s=2.1664
progress completed=369 failed=0 in_flight=7 remaining=1941 papers/s=0.2369 pages/s=2.1508
progress completed=370 failed=0 in_flight=7 remaining=1940 papers/s=0.2375 pages/s=2.1571
progress completed=371 failed=0 in_flight=7 remaining=1939 papers/s=0.2382 pages/s=2.1635
progress completed=372 failed=0 in_flight=7 remaining=1938 papers/s=0.2382 pages/s=2.1624
progress completed=373 failed=0 in_flight=7 remaining=1937 papers/s=0.2388 pages/s=2.1688
progress completed=374 failed=0 in_flight=7 remaining=1936 papers/s=0.2383 pages/s=2.1646
progress completed=375 failed=0 in_flight=7 remaining=1935 papers/s=0.2389 pages/s=2.1707
progress completed=376 failed=0 in_flight=7 remaining=1934 papers/s=0.2368 pages/s=2.1504
progress completed=377 failed=0 in_flight=7 remaining=1933 papers/s=0.2374 pages/s=2.1564
progress completed=378 failed=0 in_flight=7 remaining=1932 papers/s=0.2379 pages/s=2.1618
progress completed=379 failed=0 in_flight=7 remaining=1931 papers/s=0.2385 pages/s=2.1679
progress completed=380 failed=0 in_flight=7 remaining=1930 papers/s=0.239 pages/s=2.173
progress completed=381 failed=0 in_flight=7 remaining=1929 papers/s=0.2393 pages/s=2.1759
progress completed=382 failed=0 in_flight=7 remaining=1928 papers/s=0.2391 pages/s=2.1747
progress completed=383 failed=0 in_flight=7 remaining=1927 papers/s=0.239 pages/s=2.1731
progress completed=384 failed=0 in_flight=7 remaining=1926 papers/s=0.2396 pages/s=2.1792
progress completed=385 failed=0 in_flight=7 remaining=1925 papers/s=0.2374 pages/s=2.1566
progress completed=386 failed=0 in_flight=7 remaining=1924 papers/s=0.2378 pages/s=2.1607
progress completed=387 failed=0 in_flight=7 remaining=1923 papers/s=0.2384 pages/s=2.1637
progress completed=388 failed=0 in_flight=7 remaining=1922 papers/s=0.239 pages/s=2.1697
progress completed=389 failed=0 in_flight=7 remaining=1921 papers/s=0.2396 pages/s=2.1752
progress completed=390 failed=0 in_flight=7 remaining=1920 papers/s=0.2402 pages/s=2.1812
progress completed=391 failed=0 in_flight=7 remaining=1919 papers/s=0.2408 pages/s=2.1873
progress completed=392 failed=0 in_flight=7 remaining=1918 papers/s=0.2395 pages/s=2.1752
progress completed=393 failed=0 in_flight=7 remaining=1917 papers/s=0.239 pages/s=2.1708
progress completed=394 failed=0 in_flight=7 remaining=1916 papers/s=0.2396 pages/s=2.1756
progress completed=395 failed=0 in_flight=7 remaining=1915 papers/s=0.2386 pages/s=2.1654
progress completed=396 failed=0 in_flight=7 remaining=1914 papers/s=0.2391 pages/s=2.1704
progress completed=397 failed=0 in_flight=7 remaining=1913 papers/s=0.2387 pages/s=2.1677
progress completed=398 failed=0 in_flight=7 remaining=1912 papers/s=0.2393 pages/s=2.1735
progress completed=399 failed=0 in_flight=7 remaining=1911 papers/s=0.2393 pages/s=2.1727
progress completed=400 failed=0 in_flight=7 remaining=1910 papers/s=0.2399 pages/s=2.1786
progress completed=401 failed=0 in_flight=7 remaining=1909 papers/s=0.2395 pages/s=2.1743
progress completed=402 failed=0 in_flight=7 remaining=1908 papers/s=0.24 pages/s=2.179
progress completed=403 failed=0 in_flight=7 remaining=1907 papers/s=0.2398 pages/s=2.1778
progress completed=404 failed=0 in_flight=7 remaining=1906 papers/s=0.2386 pages/s=2.1644
progress completed=405 failed=0 in_flight=7 remaining=1905 papers/s=0.2392 pages/s=2.1684
progress completed=406 failed=0 in_flight=7 remaining=1904 papers/s=0.2397 pages/s=2.1742
progress completed=407 failed=0 in_flight=7 remaining=1903 papers/s=0.24 pages/s=2.1762
progress completed=408 failed=0 in_flight=7 remaining=1902 papers/s=0.2403 pages/s=2.1778
progress completed=409 failed=0 in_flight=7 remaining=1901 papers/s=0.2408 pages/s=2.1826
progress completed=410 failed=0 in_flight=7 remaining=1900 papers/s=0.2402 pages/s=2.1773
progress completed=411 failed=0 in_flight=7 remaining=1899 papers/s=0.2407 pages/s=2.1828
progress completed=412 failed=0 in_flight=7 remaining=1898 papers/s=0.2394 pages/s=2.1687
progress completed=413 failed=0 in_flight=7 remaining=1897 papers/s=0.2396 pages/s=2.1697
progress completed=414 failed=0 in_flight=7 remaining=1896 papers/s=0.2402 pages/s=2.1754
progress completed=415 failed=0 in_flight=7 remaining=1895 papers/s=0.2407 pages/s=2.181
progress completed=416 failed=0 in_flight=7 remaining=1894 papers/s=0.2413 pages/s=2.1867
progress completed=417 failed=0 in_flight=7 remaining=1893 papers/s=0.2418 pages/s=2.1923
progress completed=418 failed=0 in_flight=7 remaining=1892 papers/s=0.2409 pages/s=2.1828
progress completed=419 failed=0 in_flight=7 remaining=1891 papers/s=0.2392 pages/s=2.1671
progress completed=420 failed=0 in_flight=7 remaining=1890 papers/s=0.2397 pages/s=2.172
progress completed=421 failed=0 in_flight=7 remaining=1889 papers/s=0.2401 pages/s=2.1765
progress completed=422 failed=0 in_flight=7 remaining=1888 papers/s=0.2406 pages/s=2.1805
progress completed=423 failed=0 in_flight=7 remaining=1887 papers/s=0.2411 pages/s=2.1855
progress completed=424 failed=0 in_flight=7 remaining=1886 papers/s=0.2412 pages/s=2.1864
progress completed=425 failed=0 in_flight=7 remaining=1885 papers/s=0.2414 pages/s=2.1888
progress completed=426 failed=0 in_flight=7 remaining=1884 papers/s=0.2415 pages/s=2.1871
progress completed=427 failed=0 in_flight=7 remaining=1883 papers/s=0.2404 pages/s=2.1781
progress completed=428 failed=0 in_flight=7 remaining=1882 papers/s=0.2396 pages/s=2.1685
progress completed=429 failed=0 in_flight=7 remaining=1881 papers/s=0.2402 pages/s=2.1741
progress completed=430 failed=0 in_flight=7 remaining=1880 papers/s=0.2407 pages/s=2.179
progress completed=431 failed=0 in_flight=7 remaining=1879 papers/s=0.2402 pages/s=2.1749
progress completed=432 failed=0 in_flight=7 remaining=1878 papers/s=0.2408 pages/s=2.1804
progress completed=433 failed=0 in_flight=7 remaining=1877 papers/s=0.2413 pages/s=2.1853
progress completed=434 failed=0 in_flight=7 remaining=1876 papers/s=0.2415 pages/s=2.187
progress completed=435 failed=0 in_flight=7 remaining=1875 papers/s=0.242 pages/s=2.1922
progress completed=436 failed=0 in_flight=7 remaining=1874 papers/s=0.2407 pages/s=2.1811
progress completed=437 failed=0 in_flight=7 remaining=1873 papers/s=0.2412 pages/s=2.1865
progress completed=438 failed=0 in_flight=7 remaining=1872 papers/s=0.2406 pages/s=2.1793
progress completed=439 failed=0 in_flight=7 remaining=1871 papers/s=0.2412 pages/s=2.1847
progress completed=440 failed=0 in_flight=7 remaining=1870 papers/s=0.2417 pages/s=2.19
progress completed=441 failed=0 in_flight=7 remaining=1869 papers/s=0.241 pages/s=2.1841
progress completed=442 failed=0 in_flight=7 remaining=1868 papers/s=0.2409 pages/s=2.1827
progress completed=443 failed=0 in_flight=7 remaining=1867 papers/s=0.2414 pages/s=2.1874
progress completed=444 failed=0 in_flight=7 remaining=1866 papers/s=0.2419 pages/s=2.1922
progress completed=445 failed=0 in_flight=7 remaining=1865 papers/s=0.2415 pages/s=2.1865
progress completed=446 failed=0 in_flight=7 remaining=1864 papers/s=0.242 pages/s=2.1903
progress completed=447 failed=0 in_flight=7 remaining=1863 papers/s=0.2422 pages/s=2.1907
progress completed=448 failed=0 in_flight=7 remaining=1862 papers/s=0.2425 pages/s=2.1942
progress completed=449 failed=0 in_flight=7 remaining=1861 papers/s=0.2426 pages/s=2.1932
progress completed=450 failed=0 in_flight=7 remaining=1860 papers/s=0.24 pages/s=2.1697
progress completed=451 failed=0 in_flight=7 remaining=1859 papers/s=0.2405 pages/s=2.1749
progress completed=452 failed=0 in_flight=7 remaining=1858 papers/s=0.2411 pages/s=2.1781
progress completed=453 failed=0 in_flight=7 remaining=1857 papers/s=0.2415 pages/s=2.183
progress completed=454 failed=0 in_flight=7 remaining=1856 papers/s=0.242 pages/s=2.188
progress completed=455 failed=0 in_flight=7 remaining=1855 papers/s=0.2419 pages/s=2.187
progress completed=456 failed=0 in_flight=7 remaining=1854 papers/s=0.2424 pages/s=2.1922
progress completed=457 failed=0 in_flight=7 remaining=1853 papers/s=0.2429 pages/s=2.1975
progress completed=458 failed=0 in_flight=7 remaining=1852 papers/s=0.2417 pages/s=2.1866
progress completed=459 failed=0 in_flight=7 remaining=1851 papers/s=0.2422 pages/s=2.1918
progress completed=460 failed=0 in_flight=7 remaining=1850 papers/s=0.2407 pages/s=2.1789
progress completed=461 failed=0 in_flight=7 remaining=1849 papers/s=0.2412 pages/s=2.1838
progress completed=462 failed=0 in_flight=7 remaining=1848 papers/s=0.2415 pages/s=2.1847
progress completed=463 failed=0 in_flight=7 remaining=1847 papers/s=0.242 pages/s=2.1899
progress completed=464 failed=0 in_flight=7 remaining=1846 papers/s=0.2425 pages/s=2.1951
progress completed=465 failed=0 in_flight=7 remaining=1845 papers/s=0.243 pages/s=2.2002
progress completed=466 failed=0 in_flight=7 remaining=1844 papers/s=0.2428 pages/s=2.197
progress completed=467 failed=0 in_flight=7 remaining=1843 papers/s=0.2413 pages/s=2.1839
progress completed=468 failed=0 in_flight=7 remaining=1842 papers/s=0.2418 pages/s=2.189
progress completed=469 failed=0 in_flight=7 remaining=1841 papers/s=0.2422 pages/s=2.1937
progress completed=470 failed=0 in_flight=7 remaining=1840 papers/s=0.2413 pages/s=2.1838
progress completed=471 failed=0 in_flight=7 remaining=1839 papers/s=0.2418 pages/s=2.1873
progress completed=472 failed=0 in_flight=7 remaining=1838 papers/s=0.2422 pages/s=2.1919
progress completed=473 failed=0 in_flight=7 remaining=1837 papers/s=0.2425 pages/s=2.1948
progress completed=474 failed=0 in_flight=7 remaining=1836 papers/s=0.2427 pages/s=2.1971
progress completed=475 failed=0 in_flight=7 remaining=1835 papers/s=0.2424 pages/s=2.1946
progress completed=476 failed=0 in_flight=7 remaining=1834 papers/s=0.241 pages/s=2.1824
progress completed=477 failed=0 in_flight=7 remaining=1833 papers/s=0.2414 pages/s=2.1868
progress completed=478 failed=0 in_flight=7 remaining=1832 papers/s=0.2403 pages/s=2.1777
progress completed=479 failed=0 in_flight=7 remaining=1831 papers/s=0.2408 pages/s=2.1822
progress completed=480 failed=0 in_flight=7 remaining=1830 papers/s=0.2413 pages/s=2.1871
progress completed=481 failed=0 in_flight=7 remaining=1829 papers/s=0.2414 pages/s=2.1888
progress completed=482 failed=0 in_flight=7 remaining=1828 papers/s=0.2417 pages/s=2.1921
progress completed=483 failed=0 in_flight=7 remaining=1827 papers/s=0.2422 pages/s=2.1967
progress completed=484 failed=0 in_flight=7 remaining=1826 papers/s=0.2422 pages/s=2.1975
progress completed=485 failed=0 in_flight=7 remaining=1825 papers/s=0.242 pages/s=2.195
progress completed=486 failed=0 in_flight=7 remaining=1824 papers/s=0.2423 pages/s=2.1976
progress completed=487 failed=0 in_flight=7 remaining=1823 papers/s=0.2417 pages/s=2.192
progress completed=488 failed=0 in_flight=7 remaining=1822 papers/s=0.2422 pages/s=2.1964
progress completed=489 failed=0 in_flight=7 remaining=1821 papers/s=0.2413 pages/s=2.1873
progress completed=490 failed=0 in_flight=7 remaining=1820 papers/s=0.2417 pages/s=2.1914
progress completed=491 failed=0 in_flight=7 remaining=1819 papers/s=0.242 pages/s=2.1924
progress completed=492 failed=0 in_flight=7 remaining=1818 papers/s=0.2424 pages/s=2.1973
progress completed=493 failed=0 in_flight=7 remaining=1817 papers/s=0.2429 pages/s=2.2021
progress completed=494 failed=0 in_flight=7 remaining=1816 papers/s=0.2424 pages/s=2.1961
progress completed=495 failed=0 in_flight=7 remaining=1815 papers/s=0.2428 pages/s=2.1974
progress completed=496 failed=0 in_flight=7 remaining=1814 papers/s=0.2422 pages/s=2.1917
progress completed=497 failed=0 in_flight=7 remaining=1813 papers/s=0.2425 pages/s=2.1954
progress completed=498 failed=0 in_flight=7 remaining=1812 papers/s=0.2428 pages/s=2.1963
progress completed=499 failed=0 in_flight=7 remaining=1811 papers/s=0.242 pages/s=2.189
progress completed=500 failed=0 in_flight=7 remaining=1810 papers/s=0.2425 pages/s=2.1938
progress completed=501 failed=0 in_flight=7 remaining=1809 papers/s=0.2427 pages/s=2.1957
progress completed=502 failed=0 in_flight=7 remaining=1808 papers/s=0.2431 pages/s=2.2004
progress completed=503 failed=0 in_flight=7 remaining=1807 papers/s=0.2424 pages/s=2.1928
progress completed=504 failed=0 in_flight=7 remaining=1806 papers/s=0.2427 pages/s=2.1945
progress completed=505 failed=0 in_flight=7 remaining=1805 papers/s=0.2432 pages/s=2.1988
progress completed=506 failed=0 in_flight=7 remaining=1804 papers/s=0.2437 pages/s=2.2035
progress completed=507 failed=0 in_flight=7 remaining=1803 papers/s=0.2429 pages/s=2.197
progress completed=508 failed=0 in_flight=7 remaining=1802 papers/s=0.2419 pages/s=2.1869
progress completed=509 failed=0 in_flight=7 remaining=1801 papers/s=0.2423 pages/s=2.1906
progress completed=510 failed=0 in_flight=7 remaining=1800 papers/s=0.2428 pages/s=2.1953
progress completed=511 failed=0 in_flight=7 remaining=1799 papers/s=0.2423 pages/s=2.1903
progress completed=512 failed=0 in_flight=7 remaining=1798 papers/s=0.2428 pages/s=2.1949
progress completed=513 failed=0 in_flight=7 remaining=1797 papers/s=0.2422 pages/s=2.1905
progress completed=514 failed=0 in_flight=7 remaining=1796 papers/s=0.2427 pages/s=2.1949
progress completed=515 failed=0 in_flight=7 remaining=1795 papers/s=0.243 pages/s=2.197
progress completed=516 failed=0 in_flight=7 remaining=1794 papers/s=0.2434 pages/s=2.1993
progress completed=517 failed=0 in_flight=7 remaining=1793 papers/s=0.2439 pages/s=2.2025
progress completed=518 failed=0 in_flight=7 remaining=1792 papers/s=0.2423 pages/s=2.1864
progress completed=519 failed=0 in_flight=7 remaining=1791 papers/s=0.2428 pages/s=2.1909
progress completed=520 failed=0 in_flight=7 remaining=1790 papers/s=0.2431 pages/s=2.1938
progress completed=521 failed=0 in_flight=7 remaining=1789 papers/s=0.2435 pages/s=2.1983
progress completed=522 failed=0 in_flight=7 remaining=1788 papers/s=0.2432 pages/s=2.1946
progress completed=523 failed=0 in_flight=7 remaining=1787 papers/s=0.2436 pages/s=2.1974
progress completed=524 failed=0 in_flight=7 remaining=1786 papers/s=0.2439 pages/s=2.2002
progress completed=525 failed=0 in_flight=7 remaining=1785 papers/s=0.2444 pages/s=2.2048
progress completed=526 failed=0 in_flight=7 remaining=1784 papers/s=0.2443 pages/s=2.2035
progress completed=527 failed=0 in_flight=7 remaining=1783 papers/s=0.2436 pages/s=2.1979
progress completed=528 failed=0 in_flight=7 remaining=1782 papers/s=0.2439 pages/s=2.1991
progress completed=529 failed=0 in_flight=7 remaining=1781 papers/s=0.2443 pages/s=2.2013
progress completed=530 failed=0 in_flight=7 remaining=1780 papers/s=0.2431 pages/s=2.1904
progress completed=531 failed=0 in_flight=7 remaining=1779 papers/s=0.2435 pages/s=2.1939
progress completed=532 failed=0 in_flight=7 remaining=1778 papers/s=0.244 pages/s=2.1983
progress completed=533 failed=0 in_flight=7 remaining=1777 papers/s=0.2439 pages/s=2.1982
progress completed=534 failed=0 in_flight=7 remaining=1776 papers/s=0.2443 pages/s=2.2022
progress completed=535 failed=0 in_flight=7 remaining=1775 papers/s=0.244 pages/s=2.1987
progress completed=536 failed=0 in_flight=7 remaining=1774 papers/s=0.2443 pages/s=2.2016
progress completed=537 failed=0 in_flight=7 remaining=1773 papers/s=0.2448 pages/s=2.2061
progress completed=538 failed=0 in_flight=7 remaining=1772 papers/s=0.2439 pages/s=2.1978
progress completed=539 failed=0 in_flight=7 remaining=1771 papers/s=0.2441 pages/s=2.1999
progress completed=540 failed=0 in_flight=7 remaining=1770 papers/s=0.2434 pages/s=2.1937
progress completed=541 failed=0 in_flight=7 remaining=1769 papers/s=0.2436 pages/s=2.1962
progress completed=542 failed=0 in_flight=7 remaining=1768 papers/s=0.2441 pages/s=2.2006
progress completed=543 failed=0 in_flight=7 remaining=1767 papers/s=0.2432 pages/s=2.193
progress completed=544 failed=0 in_flight=7 remaining=1766 papers/s=0.2435 pages/s=2.196
progress completed=545 failed=0 in_flight=7 remaining=1765 papers/s=0.2439 pages/s=2.2002
progress completed=546 failed=0 in_flight=7 remaining=1764 papers/s=0.2443 pages/s=2.2046
progress completed=547 failed=0 in_flight=7 remaining=1763 papers/s=0.2436 pages/s=2.1983
progress completed=548 failed=0 in_flight=7 remaining=1762 papers/s=0.244 pages/s=2.2027
progress completed=549 failed=0 in_flight=7 remaining=1761 papers/s=0.2442 pages/s=2.204
progress completed=550 failed=0 in_flight=7 remaining=1760 papers/s=0.2446 pages/s=2.208
progress completed=551 failed=0 in_flight=7 remaining=1759 papers/s=0.2443 pages/s=2.2036
progress completed=552 failed=0 in_flight=7 remaining=1758 papers/s=0.244 pages/s=2.2015
progress completed=553 failed=0 in_flight=7 remaining=1757 papers/s=0.2429 pages/s=2.1921
progress completed=554 failed=0 in_flight=7 remaining=1756 papers/s=0.2434 pages/s=2.1964
progress completed=555 failed=0 in_flight=7 remaining=1755 papers/s=0.2438 pages/s=2.2007
progress completed=556 failed=0 in_flight=7 remaining=1754 papers/s=0.2438 pages/s=2.1997
progress completed=557 failed=0 in_flight=7 remaining=1753 papers/s=0.2442 pages/s=2.204
progress completed=558 failed=0 in_flight=7 remaining=1752 papers/s=0.244 pages/s=2.2023
progress completed=559 failed=0 in_flight=7 remaining=1751 papers/s=0.2441 pages/s=2.2038
progress completed=560 failed=0 in_flight=7 remaining=1750 papers/s=0.2446 pages/s=2.208
progress completed=561 failed=0 in_flight=7 remaining=1749 papers/s=0.2443 pages/s=2.205
progress completed=562 failed=0 in_flight=7 remaining=1748 papers/s=0.2426 pages/s=2.189
progress completed=563 failed=0 in_flight=7 remaining=1747 papers/s=0.2429 pages/s=2.1925
progress completed=564 failed=0 in_flight=7 remaining=1746 papers/s=0.2433 pages/s=2.1954
progress completed=565 failed=0 in_flight=7 remaining=1745 papers/s=0.2436 pages/s=2.1981
progress completed=566 failed=0 in_flight=7 remaining=1744 papers/s=0.244 pages/s=2.2023
progress completed=567 failed=0 in_flight=7 remaining=1743 papers/s=0.2444 pages/s=2.2057
progress completed=568 failed=0 in_flight=7 remaining=1742 papers/s=0.2448 pages/s=2.21
progress completed=569 failed=0 in_flight=7 remaining=1741 papers/s=0.2439 pages/s=2.2001
progress completed=570 failed=0 in_flight=7 remaining=1740 papers/s=0.2425 pages/s=2.1883
progress completed=571 failed=0 in_flight=7 remaining=1739 papers/s=0.2429 pages/s=2.1922
progress completed=572 failed=0 in_flight=7 remaining=1738 papers/s=0.2433 pages/s=2.1956
progress completed=573 failed=0 in_flight=7 remaining=1737 papers/s=0.2437 pages/s=2.1984
progress completed=574 failed=0 in_flight=7 remaining=1736 papers/s=0.2442 pages/s=2.2025
progress completed=575 failed=0 in_flight=7 remaining=1735 papers/s=0.2443 pages/s=2.2038
progress completed=576 failed=0 in_flight=7 remaining=1734 papers/s=0.2447 pages/s=2.2079
progress completed=577 failed=0 in_flight=7 remaining=1733 papers/s=0.244 pages/s=2.2024
progress completed=578 failed=0 in_flight=7 remaining=1732 papers/s=0.243 pages/s=2.1919
progress completed=579 failed=0 in_flight=7 remaining=1731 papers/s=0.2434 pages/s=2.1947
progress completed=580 failed=0 in_flight=7 remaining=1730 papers/s=0.2438 pages/s=2.1984
progress completed=581 failed=0 in_flight=7 remaining=1729 papers/s=0.2442 pages/s=2.2021
progress completed=582 failed=0 in_flight=7 remaining=1728 papers/s=0.2446 pages/s=2.2062
progress completed=583 failed=0 in_flight=7 remaining=1727 papers/s=0.244 pages/s=2.2005
progress completed=584 failed=0 in_flight=7 remaining=1726 papers/s=0.2444 pages/s=2.2045
progress completed=585 failed=0 in_flight=7 remaining=1725 papers/s=0.2446 pages/s=2.2063
progress completed=586 failed=0 in_flight=7 remaining=1724 papers/s=0.2442 pages/s=2.203
progress completed=587 failed=0 in_flight=7 remaining=1723 papers/s=0.2432 pages/s=2.1932
progress completed=588 failed=0 in_flight=7 remaining=1722 papers/s=0.2436 pages/s=2.1951
progress completed=589 failed=0 in_flight=7 remaining=1721 papers/s=0.2439 pages/s=2.1986
progress completed=590 failed=0 in_flight=7 remaining=1720 papers/s=0.2437 pages/s=2.197
progress completed=591 failed=0 in_flight=7 remaining=1719 papers/s=0.2441 pages/s=2.2011
progress completed=592 failed=0 in_flight=7 remaining=1718 papers/s=0.2445 pages/s=2.2043
progress completed=593 failed=0 in_flight=7 remaining=1717 papers/s=0.2439 pages/s=2.1992
progress completed=594 failed=0 in_flight=7 remaining=1716 papers/s=0.2443 pages/s=2.2016
progress completed=595 failed=0 in_flight=7 remaining=1715 papers/s=0.2445 pages/s=2.2037
progress completed=596 failed=0 in_flight=7 remaining=1714 papers/s=0.2449 pages/s=2.2065
progress completed=597 failed=0 in_flight=7 remaining=1713 papers/s=0.2446 pages/s=2.2043
progress completed=598 failed=0 in_flight=7 remaining=1712 papers/s=0.2443 pages/s=2.2017
progress completed=599 failed=0 in_flight=7 remaining=1711 papers/s=0.2446 pages/s=2.2053
progress completed=600 failed=0 in_flight=7 remaining=1710 papers/s=0.2447 pages/s=2.2062
progress completed=601 failed=0 in_flight=7 remaining=1709 papers/s=0.2439 pages/s=2.1991
progress completed=602 failed=0 in_flight=7 remaining=1708 papers/s=0.2443 pages/s=2.2031
progress completed=603 failed=0 in_flight=7 remaining=1707 papers/s=0.2447 pages/s=2.2071
progress completed=604 failed=0 in_flight=7 remaining=1706 papers/s=0.2445 pages/s=2.2061
progress completed=605 failed=0 in_flight=7 remaining=1705 papers/s=0.2447 pages/s=2.2082
progress completed=606 failed=0 in_flight=7 remaining=1704 papers/s=0.2441 pages/s=2.2032
progress completed=607 failed=0 in_flight=7 remaining=1703 papers/s=0.2445 pages/s=2.2068
progress completed=608 failed=0 in_flight=7 remaining=1702 papers/s=0.2445 pages/s=2.2071
progress completed=609 failed=0 in_flight=7 remaining=1701 papers/s=0.244 pages/s=2.2024
progress completed=610 failed=0 in_flight=7 remaining=1700 papers/s=0.2444 pages/s=2.2064
progress completed=611 failed=0 in_flight=7 remaining=1699 papers/s=0.2448 pages/s=2.2095
progress completed=612 failed=0 in_flight=7 remaining=1698 papers/s=0.2448 pages/s=2.21
progress completed=613 failed=0 in_flight=7 remaining=1697 papers/s=0.2444 pages/s=2.2072
progress completed=614 failed=0 in_flight=7 remaining=1696 papers/s=0.244 pages/s=2.2023
progress completed=615 failed=0 in_flight=7 remaining=1695 papers/s=0.2442 pages/s=2.2042
progress completed=616 failed=0 in_flight=7 remaining=1694 papers/s=0.2445 pages/s=2.2052
progress completed=617 failed=0 in_flight=7 remaining=1693 papers/s=0.2449 pages/s=2.2078
progress completed=618 failed=0 in_flight=7 remaining=1692 papers/s=0.2453 pages/s=2.2116
progress completed=619 failed=0 in_flight=7 remaining=1691 papers/s=0.2449 pages/s=2.2087
progress completed=620 failed=0 in_flight=7 remaining=1690 papers/s=0.2439 pages/s=2.1984
progress completed=621 failed=0 in_flight=7 remaining=1689 papers/s=0.2443 pages/s=2.2023
progress completed=622 failed=0 in_flight=7 remaining=1688 papers/s=0.2446 pages/s=2.2061
progress completed=623 failed=0 in_flight=7 remaining=1687 papers/s=0.245 pages/s=2.21
progress completed=624 failed=0 in_flight=7 remaining=1686 papers/s=0.2441 pages/s=2.2021
progress completed=625 failed=0 in_flight=7 remaining=1685 papers/s=0.2445 pages/s=2.2059
progress completed=626 failed=0 in_flight=7 remaining=1684 papers/s=0.2449 pages/s=2.2094
progress completed=627 failed=0 in_flight=7 remaining=1683 papers/s=0.245 pages/s=2.2104
progress completed=628 failed=0 in_flight=7 remaining=1682 papers/s=0.2436 pages/s=2.1957
progress completed=629 failed=0 in_flight=7 remaining=1681 papers/s=0.244 pages/s=2.1995
progress completed=630 failed=0 in_flight=7 remaining=1680 papers/s=0.2443 pages/s=2.2016
progress completed=631 failed=0 in_flight=7 remaining=1679 papers/s=0.2441 pages/s=2.2003
progress completed=632 failed=0 in_flight=7 remaining=1678 papers/s=0.2444 pages/s=2.2025
progress completed=633 failed=0 in_flight=7 remaining=1677 papers/s=0.2447 pages/s=2.2053
progress completed=634 failed=0 in_flight=7 remaining=1676 papers/s=0.245 pages/s=2.2077
progress completed=635 failed=0 in_flight=7 remaining=1675 papers/s=0.2451 pages/s=2.2087
progress completed=636 failed=0 in_flight=7 remaining=1674 papers/s=0.2446 pages/s=2.205
progress completed=637 failed=0 in_flight=7 remaining=1673 papers/s=0.2435 pages/s=2.1954
progress completed=638 failed=0 in_flight=7 remaining=1672 papers/s=0.2439 pages/s=2.1992
progress completed=639 failed=0 in_flight=7 remaining=1671 papers/s=0.2443 pages/s=2.202
progress completed=640 failed=0 in_flight=7 remaining=1670 papers/s=0.2446 pages/s=2.2049
progress completed=641 failed=0 in_flight=7 remaining=1669 papers/s=0.2444 pages/s=2.2031
progress completed=642 failed=0 in_flight=7 remaining=1668 papers/s=0.2446 pages/s=2.2049
progress completed=643 failed=0 in_flight=7 remaining=1667 papers/s=0.2449 pages/s=2.2071
progress completed=644 failed=0 in_flight=7 remaining=1666 papers/s=0.2452 pages/s=2.2098
progress completed=645 failed=0 in_flight=7 remaining=1665 papers/s=0.2448 pages/s=2.205
progress completed=646 failed=0 in_flight=7 remaining=1664 papers/s=0.2452 pages/s=2.2084
progress completed=647 failed=0 in_flight=7 remaining=1663 papers/s=0.244 pages/s=2.1975
progress completed=648 failed=0 in_flight=7 remaining=1662 papers/s=0.2444 pages/s=2.2009
progress completed=649 failed=0 in_flight=7 remaining=1661 papers/s=0.2447 pages/s=2.2046
progress completed=650 failed=0 in_flight=7 remaining=1660 papers/s=0.245 pages/s=2.2069
progress completed=651 failed=0 in_flight=7 remaining=1659 papers/s=0.2453 pages/s=2.2102
progress completed=652 failed=0 in_flight=7 remaining=1658 papers/s=0.2456 pages/s=2.2138
progress completed=653 failed=0 in_flight=7 remaining=1657 papers/s=0.2453 pages/s=2.2091
progress completed=654 failed=0 in_flight=7 remaining=1656 papers/s=0.2457 pages/s=2.2128
progress completed=655 failed=0 in_flight=7 remaining=1655 papers/s=0.245 pages/s=2.2069
progress completed=656 failed=0 in_flight=7 remaining=1654 papers/s=0.2453 pages/s=2.2103
progress completed=657 failed=0 in_flight=7 remaining=1653 papers/s=0.2454 pages/s=2.2117
progress completed=658 failed=0 in_flight=7 remaining=1652 papers/s=0.2458 pages/s=2.2154
progress completed=659 failed=0 in_flight=7 remaining=1651 papers/s=0.2452 pages/s=2.2094
progress completed=660 failed=0 in_flight=7 remaining=1650 papers/s=0.2455 pages/s=2.2127
progress completed=661 failed=0 in_flight=7 remaining=1649 papers/s=0.2457 pages/s=2.2146
progress completed=662 failed=0 in_flight=7 remaining=1648 papers/s=0.2451 pages/s=2.2088
progress completed=663 failed=0 in_flight=7 remaining=1647 papers/s=0.2455 pages/s=2.2105
progress completed=664 failed=0 in_flight=7 remaining=1646 papers/s=0.2457 pages/s=2.212
progress completed=665 failed=0 in_flight=7 remaining=1645 papers/s=0.2459 pages/s=2.214
progress completed=666 failed=0 in_flight=7 remaining=1644 papers/s=0.2463 pages/s=2.217
progress completed=667 failed=0 in_flight=7 remaining=1643 papers/s=0.2457 pages/s=2.2111
progress completed=668 failed=0 in_flight=7 remaining=1642 papers/s=0.246 pages/s=2.2147
progress completed=669 failed=0 in_flight=7 remaining=1641 papers/s=0.2444 pages/s=2.1991
progress completed=670 failed=0 in_flight=7 remaining=1640 papers/s=0.2448 pages/s=2.2027
progress completed=671 failed=0 in_flight=7 remaining=1639 papers/s=0.2451 pages/s=2.2059
progress completed=672 failed=0 in_flight=7 remaining=1638 papers/s=0.2455 pages/s=2.2096
progress completed=673 failed=0 in_flight=7 remaining=1637 papers/s=0.2459 pages/s=2.2128
progress completed=674 failed=0 in_flight=7 remaining=1636 papers/s=0.246 pages/s=2.2127
progress completed=675 failed=0 in_flight=7 remaining=1635 papers/s=0.2462 pages/s=2.2147
progress completed=676 failed=0 in_flight=7 remaining=1634 papers/s=0.2456 pages/s=2.2087
progress completed=677 failed=0 in_flight=7 remaining=1633 papers/s=0.246 pages/s=2.2121
progress completed=678 failed=0 in_flight=7 remaining=1632 papers/s=0.2461 pages/s=2.2139
progress completed=679 failed=0 in_flight=7 remaining=1631 papers/s=0.2461 pages/s=2.2131
progress completed=680 failed=0 in_flight=7 remaining=1630 papers/s=0.2455 pages/s=2.2078
progress completed=681 failed=0 in_flight=7 remaining=1629 papers/s=0.2459 pages/s=2.2113
progress completed=682 failed=0 in_flight=7 remaining=1628 papers/s=0.2459 pages/s=2.2113
progress completed=683 failed=0 in_flight=7 remaining=1627 papers/s=0.2453 pages/s=2.2061
progress completed=684 failed=0 in_flight=7 remaining=1626 papers/s=0.2457 pages/s=2.2093
progress completed=685 failed=0 in_flight=7 remaining=1625 papers/s=0.246 pages/s=2.2123
progress completed=686 failed=0 in_flight=7 remaining=1624 papers/s=0.2463 pages/s=2.2154
progress completed=687 failed=0 in_flight=7 remaining=1623 papers/s=0.2464 pages/s=2.2162
progress completed=688 failed=0 in_flight=7 remaining=1622 papers/s=0.2446 pages/s=2.2
progress completed=689 failed=0 in_flight=7 remaining=1621 papers/s=0.2449 pages/s=2.2035
progress completed=690 failed=0 in_flight=7 remaining=1620 papers/s=0.2452 pages/s=2.2063
progress completed=691 failed=0 in_flight=7 remaining=1619 papers/s=0.2455 pages/s=2.2096
progress completed=692 failed=0 in_flight=7 remaining=1618 papers/s=0.2457 pages/s=2.2109
progress completed=693 failed=0 in_flight=7 remaining=1617 papers/s=0.246 pages/s=2.2137
progress completed=694 failed=0 in_flight=7 remaining=1616 papers/s=0.2463 pages/s=2.2172
progress completed=695 failed=0 in_flight=7 remaining=1615 papers/s=0.2466 pages/s=2.2206
progress completed=696 failed=0 in_flight=7 remaining=1614 papers/s=0.2461 pages/s=2.2147
progress completed=697 failed=0 in_flight=7 remaining=1613 papers/s=0.2447 pages/s=2.2012
progress completed=698 failed=0 in_flight=7 remaining=1612 papers/s=0.245 pages/s=2.2039
progress completed=699 failed=0 in_flight=7 remaining=1611 papers/s=0.2454 pages/s=2.2069
progress completed=700 failed=0 in_flight=7 remaining=1610 papers/s=0.2457 pages/s=2.2102
progress completed=701 failed=0 in_flight=7 remaining=1609 papers/s=0.246 pages/s=2.213
progress completed=702 failed=0 in_flight=7 remaining=1608 papers/s=0.2461 pages/s=2.2145
progress completed=703 failed=0 in_flight=7 remaining=1607 papers/s=0.2464 pages/s=2.2179
progress completed=704 failed=0 in_flight=7 remaining=1606 papers/s=0.2457 pages/s=2.212
progress completed=705 failed=0 in_flight=7 remaining=1605 papers/s=0.2444 pages/s=2.1999
progress completed=706 failed=0 in_flight=7 remaining=1604 papers/s=0.2447 pages/s=2.2032
progress completed=707 failed=0 in_flight=7 remaining=1603 papers/s=0.2451 pages/s=2.2066
progress completed=708 failed=0 in_flight=7 remaining=1602 papers/s=0.2452 pages/s=2.2085
progress completed=709 failed=0 in_flight=7 remaining=1601 papers/s=0.2456 pages/s=2.2119
progress completed=710 failed=0 in_flight=7 remaining=1600 papers/s=0.2459 pages/s=2.2153
progress completed=711 failed=0 in_flight=7 remaining=1599 papers/s=0.245 pages/s=2.2074
progress completed=712 failed=0 in_flight=7 remaining=1598 papers/s=0.2453 pages/s=2.2107
progress completed=713 failed=0 in_flight=7 remaining=1597 papers/s=0.2457 pages/s=2.2141
progress completed=714 failed=0 in_flight=7 remaining=1596 papers/s=0.2456 pages/s=2.213
progress completed=715 failed=0 in_flight=7 remaining=1595 papers/s=0.2459 pages/s=2.215
progress completed=716 failed=0 in_flight=7 remaining=1594 papers/s=0.2458 pages/s=2.2145
progress completed=717 failed=0 in_flight=7 remaining=1593 papers/s=0.2458 pages/s=2.2137
progress completed=718 failed=0 in_flight=7 remaining=1592 papers/s=0.2459 pages/s=2.2146
progress completed=719 failed=0 in_flight=7 remaining=1591 papers/s=0.2461 pages/s=2.2162
progress completed=720 failed=0 in_flight=7 remaining=1590 papers/s=0.2459 pages/s=2.2149
progress completed=721 failed=0 in_flight=7 remaining=1589 papers/s=0.2457 pages/s=2.2136
progress completed=722 failed=0 in_flight=7 remaining=1588 papers/s=0.2451 pages/s=2.2084
progress completed=723 failed=0 in_flight=7 remaining=1587 papers/s=0.2454 pages/s=2.2114
progress completed=724 failed=0 in_flight=7 remaining=1586 papers/s=0.2457 pages/s=2.2146
progress completed=725 failed=0 in_flight=7 remaining=1585 papers/s=0.2456 pages/s=2.2142
progress completed=726 failed=0 in_flight=7 remaining=1584 papers/s=0.246 pages/s=2.2175
progress completed=727 failed=0 in_flight=7 remaining=1583 papers/s=0.246 pages/s=2.2184
progress completed=728 failed=0 in_flight=7 remaining=1582 papers/s=0.2455 pages/s=2.2143
progress completed=729 failed=0 in_flight=7 remaining=1581 papers/s=0.2459 pages/s=2.2176
progress completed=730 failed=0 in_flight=7 remaining=1580 papers/s=0.2462 pages/s=2.2209
progress completed=731 failed=0 in_flight=7 remaining=1579 papers/s=0.2451 pages/s=2.2109
progress completed=732 failed=0 in_flight=7 remaining=1578 papers/s=0.2453 pages/s=2.2131
progress completed=733 failed=0 in_flight=7 remaining=1577 papers/s=0.2457 pages/s=2.2164
progress completed=734 failed=0 in_flight=7 remaining=1576 papers/s=0.246 pages/s=2.2193
progress completed=735 failed=0 in_flight=7 remaining=1575 papers/s=0.2463 pages/s=2.2226
progress completed=736 failed=0 in_flight=7 remaining=1574 papers/s=0.2456 pages/s=2.2167
progress completed=737 failed=0 in_flight=7 remaining=1573 papers/s=0.2459 pages/s=2.2199
progress completed=738 failed=0 in_flight=7 remaining=1572 papers/s=0.2449 pages/s=2.211
progress completed=739 failed=0 in_flight=7 remaining=1571 papers/s=0.2452 pages/s=2.2141
progress completed=740 failed=0 in_flight=7 remaining=1570 papers/s=0.2456 pages/s=2.2173
progress completed=741 failed=0 in_flight=7 remaining=1569 papers/s=0.2458 pages/s=2.2203
progress completed=742 failed=0 in_flight=7 remaining=1568 papers/s=0.246 pages/s=2.2222
progress completed=743 failed=0 in_flight=7 remaining=1567 papers/s=0.2462 pages/s=2.2237
progress completed=744 failed=0 in_flight=7 remaining=1566 papers/s=0.2455 pages/s=2.217
progress completed=745 failed=0 in_flight=7 remaining=1565 papers/s=0.2458 pages/s=2.2203
progress completed=746 failed=0 in_flight=7 remaining=1564 papers/s=0.246 pages/s=2.2225
progress completed=747 failed=0 in_flight=7 remaining=1563 papers/s=0.2458 pages/s=2.2197
progress completed=748 failed=0 in_flight=7 remaining=1562 papers/s=0.246 pages/s=2.2219
progress completed=749 failed=0 in_flight=7 remaining=1561 papers/s=0.2458 pages/s=2.2207
progress completed=750 failed=0 in_flight=7 remaining=1560 papers/s=0.2453 pages/s=2.2163
progress completed=751 failed=0 in_flight=7 remaining=1559 papers/s=0.2455 pages/s=2.2185
progress completed=752 failed=0 in_flight=7 remaining=1558 papers/s=0.2458 pages/s=2.2208
progress completed=753 failed=0 in_flight=7 remaining=1557 papers/s=0.2461 pages/s=2.224
progress completed=754 failed=0 in_flight=7 remaining=1556 papers/s=0.2465 pages/s=2.2272
progress completed=755 failed=0 in_flight=7 remaining=1555 papers/s=0.2453 pages/s=2.2172
progress completed=756 failed=0 in_flight=7 remaining=1554 papers/s=0.2456 pages/s=2.2201
progress completed=757 failed=0 in_flight=7 remaining=1553 papers/s=0.2451 pages/s=2.2152
progress completed=758 failed=0 in_flight=7 remaining=1552 papers/s=0.2454 pages/s=2.2184
progress completed=759 failed=0 in_flight=7 remaining=1551 papers/s=0.2455 pages/s=2.22
progress completed=760 failed=0 in_flight=7 remaining=1550 papers/s=0.2458 pages/s=2.2231
progress completed=761 failed=0 in_flight=7 remaining=1549 papers/s=0.2461 pages/s=2.2257
progress completed=762 failed=0 in_flight=7 remaining=1548 papers/s=0.2465 pages/s=2.2288
progress completed=763 failed=0 in_flight=7 remaining=1547 papers/s=0.2461 pages/s=2.2257
progress completed=764 failed=0 in_flight=7 remaining=1546 papers/s=0.2464 pages/s=2.2288
progress completed=765 failed=0 in_flight=7 remaining=1545 papers/s=0.2456 pages/s=2.222
progress completed=766 failed=0 in_flight=7 remaining=1544 papers/s=0.2457 pages/s=2.223
progress completed=767 failed=0 in_flight=7 remaining=1543 papers/s=0.246 pages/s=2.2261
progress completed=768 failed=0 in_flight=7 remaining=1542 papers/s=0.2454 pages/s=2.2209
progress completed=769 failed=0 in_flight=7 remaining=1541 papers/s=0.2457 pages/s=2.224
progress completed=770 failed=0 in_flight=7 remaining=1540 papers/s=0.2459 pages/s=2.2265
progress completed=771 failed=0 in_flight=7 remaining=1539 papers/s=0.2461 pages/s=2.2287
progress completed=772 failed=0 in_flight=7 remaining=1538 papers/s=0.2462 pages/s=2.2298
progress completed=773 failed=0 in_flight=7 remaining=1537 papers/s=0.246 pages/s=2.2279
progress completed=774 failed=0 in_flight=7 remaining=1536 papers/s=0.2462 pages/s=2.2301
progress completed=775 failed=0 in_flight=7 remaining=1535 papers/s=0.2465 pages/s=2.2333
progress completed=776 failed=0 in_flight=7 remaining=1534 papers/s=0.2463 pages/s=2.231
progress completed=777 failed=0 in_flight=7 remaining=1533 papers/s=0.2465 pages/s=2.2333
progress completed=778 failed=0 in_flight=7 remaining=1532 papers/s=0.246 pages/s=2.2285
progress completed=779 failed=0 in_flight=7 remaining=1531 papers/s=0.2463 pages/s=2.2315
progress completed=780 failed=0 in_flight=7 remaining=1530 papers/s=0.2466 pages/s=2.2347
progress completed=781 failed=0 in_flight=7 remaining=1529 papers/s=0.2469 pages/s=2.2377
progress completed=782 failed=0 in_flight=7 remaining=1528 papers/s=0.2465 pages/s=2.2342
progress completed=783 failed=0 in_flight=7 remaining=1527 papers/s=0.2468 pages/s=2.2373
progress completed=784 failed=0 in_flight=7 remaining=1526 papers/s=0.2463 pages/s=2.2337
progress completed=785 failed=0 in_flight=7 remaining=1525 papers/s=0.2466 pages/s=2.2367
progress completed=786 failed=0 in_flight=7 remaining=1524 papers/s=0.2467 pages/s=2.2377
progress completed=787 failed=0 in_flight=7 remaining=1523 papers/s=0.2462 pages/s=2.2334
progress completed=788 failed=0 in_flight=7 remaining=1522 papers/s=0.2466 pages/s=2.2365
progress completed=789 failed=0 in_flight=7 remaining=1521 papers/s=0.2468 pages/s=2.2395
progress completed=790 failed=0 in_flight=7 remaining=1520 papers/s=0.2468 pages/s=2.2394
progress completed=791 failed=0 in_flight=7 remaining=1519 papers/s=0.2465 pages/s=2.2373
progress completed=792 failed=0 in_flight=7 remaining=1518 papers/s=0.2468 pages/s=2.2399
progress completed=793 failed=0 in_flight=7 remaining=1517 papers/s=0.2465 pages/s=2.2378
progress completed=794 failed=0 in_flight=7 remaining=1516 papers/s=0.2461 pages/s=2.2345
progress completed=795 failed=0 in_flight=7 remaining=1515 papers/s=0.2464 pages/s=2.2375
progress completed=796 failed=0 in_flight=7 remaining=1514 papers/s=0.2468 pages/s=2.2403
progress completed=797 failed=0 in_flight=7 remaining=1513 papers/s=0.2471 pages/s=2.2433
progress completed=798 failed=0 in_flight=7 remaining=1512 papers/s=0.247 pages/s=2.2431
progress completed=799 failed=0 in_flight=7 remaining=1511 papers/s=0.2473 pages/s=2.2461
progress completed=800 failed=0 in_flight=7 remaining=1510 papers/s=0.2469 pages/s=2.2431
progress completed=801 failed=0 in_flight=7 remaining=1509 papers/s=0.2468 pages/s=2.2423
progress completed=802 failed=0 in_flight=7 remaining=1508 papers/s=0.2469 pages/s=2.2436
progress completed=803 failed=0 in_flight=7 remaining=1507 papers/s=0.246 pages/s=2.2356
progress completed=804 failed=0 in_flight=7 remaining=1506 papers/s=0.2463 pages/s=2.2386
progress completed=805 failed=0 in_flight=7 remaining=1505 papers/s=0.2466 pages/s=2.2416
progress completed=806 failed=0 in_flight=7 remaining=1504 papers/s=0.2469 pages/s=2.244
progress completed=807 failed=0 in_flight=7 remaining=1503 papers/s=0.247 pages/s=2.2454
progress completed=808 failed=0 in_flight=7 remaining=1502 papers/s=0.2473 pages/s=2.2479
progress completed=809 failed=0 in_flight=7 remaining=1501 papers/s=0.2463 pages/s=2.239
progress completed=810 failed=0 in_flight=7 remaining=1500 papers/s=0.2466 pages/s=2.242
progress completed=811 failed=0 in_flight=7 remaining=1499 papers/s=0.246 pages/s=2.2365
progress completed=812 failed=0 in_flight=7 remaining=1498 papers/s=0.2463 pages/s=2.2395
progress completed=813 failed=0 in_flight=7 remaining=1497 papers/s=0.2465 pages/s=2.2422
progress completed=814 failed=0 in_flight=7 remaining=1496 papers/s=0.2466 pages/s=2.2432
progress completed=815 failed=0 in_flight=7 remaining=1495 papers/s=0.2469 pages/s=2.2462
progress completed=816 failed=0 in_flight=7 remaining=1494 papers/s=0.2472 pages/s=2.2491
progress completed=817 failed=0 in_flight=7 remaining=1493 papers/s=0.2468 pages/s=2.2459
progress completed=818 failed=0 in_flight=7 remaining=1492 papers/s=0.2471 pages/s=2.2486
progress completed=819 failed=0 in_flight=7 remaining=1491 papers/s=0.2461 pages/s=2.2388
progress completed=820 failed=0 in_flight=7 remaining=1490 papers/s=0.2463 pages/s=2.241
progress completed=821 failed=0 in_flight=7 remaining=1489 papers/s=0.2466 pages/s=2.244
progress completed=822 failed=0 in_flight=7 remaining=1488 papers/s=0.2469 pages/s=2.247
progress completed=823 failed=0 in_flight=7 remaining=1487 papers/s=0.247 pages/s=2.2479
progress completed=824 failed=0 in_flight=7 remaining=1486 papers/s=0.2472 pages/s=2.2498
progress completed=825 failed=0 in_flight=7 remaining=1485 papers/s=0.2469 pages/s=2.2477
progress completed=826 failed=0 in_flight=7 remaining=1484 papers/s=0.2471 pages/s=2.2496
progress completed=827 failed=0 in_flight=7 remaining=1483 papers/s=0.2466 pages/s=2.2454
progress completed=828 failed=0 in_flight=7 remaining=1482 papers/s=0.2469 pages/s=2.2484
progress completed=829 failed=0 in_flight=7 remaining=1481 papers/s=0.2472 pages/s=2.2513
progress completed=830 failed=0 in_flight=7 remaining=1480 papers/s=0.2466 pages/s=2.2463
progress completed=831 failed=0 in_flight=7 remaining=1479 papers/s=0.2469 pages/s=2.2489
progress completed=832 failed=0 in_flight=7 remaining=1478 papers/s=0.247 pages/s=2.2506
progress completed=833 failed=0 in_flight=7 remaining=1477 papers/s=0.2473 pages/s=2.2535
progress completed=834 failed=0 in_flight=7 remaining=1476 papers/s=0.2473 pages/s=2.2531
progress completed=835 failed=0 in_flight=7 remaining=1475 papers/s=0.2467 pages/s=2.2485
progress completed=836 failed=0 in_flight=7 remaining=1474 papers/s=0.247 pages/s=2.2508
progress completed=837 failed=0 in_flight=7 remaining=1473 papers/s=0.2473 pages/s=2.2537
progress completed=838 failed=0 in_flight=7 remaining=1472 papers/s=0.2472 pages/s=2.2531
progress completed=839 failed=0 in_flight=7 remaining=1471 papers/s=0.2466 pages/s=2.2476
progress completed=840 failed=0 in_flight=7 remaining=1470 papers/s=0.2469 pages/s=2.2505
progress completed=841 failed=0 in_flight=7 remaining=1469 papers/s=0.2471 pages/s=2.2514
progress completed=842 failed=0 in_flight=7 remaining=1468 papers/s=0.2472 pages/s=2.253
progress completed=843 failed=0 in_flight=7 remaining=1467 papers/s=0.2475 pages/s=2.2559
progress completed=844 failed=0 in_flight=7 remaining=1466 papers/s=0.2471 pages/s=2.2525
progress completed=845 failed=0 in_flight=7 remaining=1465 papers/s=0.2474 pages/s=2.2553
progress completed=846 failed=0 in_flight=7 remaining=1464 papers/s=0.2472 pages/s=2.254
progress completed=847 failed=0 in_flight=7 remaining=1463 papers/s=0.2473 pages/s=2.2545
progress completed=848 failed=0 in_flight=7 remaining=1462 papers/s=0.2468 pages/s=2.2505
progress completed=849 failed=0 in_flight=7 remaining=1461 papers/s=0.2471 pages/s=2.2534
progress completed=850 failed=0 in_flight=7 remaining=1460 papers/s=0.2474 pages/s=2.2562
progress completed=851 failed=0 in_flight=7 remaining=1459 papers/s=0.2477 pages/s=2.2591
progress completed=852 failed=0 in_flight=7 remaining=1458 papers/s=0.2465 pages/s=2.2483
progress completed=853 failed=0 in_flight=7 remaining=1457 papers/s=0.2468 pages/s=2.2512
progress completed=854 failed=0 in_flight=7 remaining=1456 papers/s=0.246 pages/s=2.2447
progress completed=855 failed=0 in_flight=7 remaining=1455 papers/s=0.2463 pages/s=2.2472
progress completed=856 failed=0 in_flight=7 remaining=1454 papers/s=0.2465 pages/s=2.25
progress completed=857 failed=0 in_flight=7 remaining=1453 papers/s=0.2468 pages/s=2.2528
progress completed=858 failed=0 in_flight=7 remaining=1452 papers/s=0.2468 pages/s=2.2531
progress completed=859 failed=0 in_flight=7 remaining=1451 papers/s=0.2471 pages/s=2.2559
progress completed=860 failed=0 in_flight=7 remaining=1450 papers/s=0.2468 pages/s=2.2534
progress completed=861 failed=0 in_flight=7 remaining=1449 papers/s=0.247 pages/s=2.2554
progress completed=862 failed=0 in_flight=7 remaining=1448 papers/s=0.2468 pages/s=2.2535
progress completed=863 failed=0 in_flight=7 remaining=1447 papers/s=0.2464 pages/s=2.25
progress completed=864 failed=0 in_flight=7 remaining=1446 papers/s=0.2467 pages/s=2.2528
progress completed=865 failed=0 in_flight=7 remaining=1445 papers/s=0.2469 pages/s=2.2556
progress completed=866 failed=0 in_flight=7 remaining=1444 papers/s=0.2463 pages/s=2.2502
progress completed=867 failed=0 in_flight=7 remaining=1443 papers/s=0.2466 pages/s=2.253
progress completed=868 failed=0 in_flight=7 remaining=1442 papers/s=0.2467 pages/s=2.2541
progress completed=869 failed=0 in_flight=7 remaining=1441 papers/s=0.247 pages/s=2.2569
progress completed=870 failed=0 in_flight=7 remaining=1440 papers/s=0.2468 pages/s=2.254
progress completed=871 failed=0 in_flight=7 remaining=1439 papers/s=0.2465 pages/s=2.2515
progress completed=872 failed=0 in_flight=7 remaining=1438 papers/s=0.2467 pages/s=2.2543
progress completed=873 failed=0 in_flight=7 remaining=1437 papers/s=0.2462 pages/s=2.2497
progress completed=874 failed=0 in_flight=7 remaining=1436 papers/s=0.2465 pages/s=2.2525
progress completed=875 failed=0 in_flight=7 remaining=1435 papers/s=0.2468 pages/s=2.2552
progress completed=876 failed=0 in_flight=7 remaining=1434 papers/s=0.2471 pages/s=2.2579
progress completed=877 failed=0 in_flight=7 remaining=1433 papers/s=0.247 pages/s=2.258
progress completed=878 failed=0 in_flight=7 remaining=1432 papers/s=0.2457 pages/s=2.2446
progress completed=879 failed=0 in_flight=7 remaining=1431 papers/s=0.2459 pages/s=2.2473
progress completed=880 failed=0 in_flight=7 remaining=1430 papers/s=0.2461 pages/s=2.2494
progress completed=881 failed=0 in_flight=7 remaining=1429 papers/s=0.2464 pages/s=2.2521
progress completed=882 failed=0 in_flight=7 remaining=1428 papers/s=0.2466 pages/s=2.2536
progress completed=883 failed=0 in_flight=7 remaining=1427 papers/s=0.2469 pages/s=2.2563
progress completed=884 failed=0 in_flight=7 remaining=1426 papers/s=0.2471 pages/s=2.259
progress completed=885 failed=0 in_flight=7 remaining=1425 papers/s=0.2472 pages/s=2.2593
progress completed=886 failed=0 in_flight=7 remaining=1424 papers/s=0.2472 pages/s=2.2581
progress completed=887 failed=0 in_flight=7 remaining=1423 papers/s=0.2455 pages/s=2.2419
progress completed=888 failed=0 in_flight=7 remaining=1422 papers/s=0.2458 pages/s=2.2437
progress completed=889 failed=0 in_flight=7 remaining=1421 papers/s=0.2461 pages/s=2.2451
