[2026-09-28T09:35:38Z] Starting caller: env PYTHONPATH=/gpfs/home5/sfris1/multimodal-tip-of-tongue-for-scientific-papers/src .venv-mineru/bin/python -m extraction --input-dir /scratch-shared/sfris1/pdf_datasets --split-index /scratch-shared/sfris1/data/splits/pdf_dataset_split.json --split train+test --output-dir /scratch-shared/sfris1/processed --api-url http://127.0.0.1:35741
{
  "mineru_health": {
    "completed_tasks": 0,
    "failed_tasks": 0,
    "max_concurrent_requests": 3,
    "processing_tasks": 0,
    "processing_window_size": 64,
    "protocol_version": 2,
    "queued_tasks": 0,
    "servers": [
      {
        "base_url": "http://127.0.0.1:51311",
        "completed_tasks": 0,
        "failed_tasks": 0,
        "gpu": "0",
        "healthy": true,
        "last_checked_at": "2026-09-28T09:37:47.624854+00:00",
        "last_error": null,
        "max_concurrent_requests": 3,
        "processing_tasks": 0,
        "processing_window_size": 64,
        "queued_tasks": 0,
        "server_id": "local-gpu-0",
        "source": "local"
      }
    ],
    "status": "healthy",
    "version": "3.4.0"
  }
}
failure paper_id=ACL_2022.coling-1.132 error_type=submission_failure attempts=3 message=Server error '503 Service Unavailable' for url 'http://127.0.0.1:35741/tasks'
For more information check: https://developer.mozilla.org/en-US/docs/Web/HTTP/Status/503
progress completed=0 failed=1 in_flight=3 remaining=11549 papers/s=0.0 pages/s=0.0
failure paper_id=ACL_2022.coling-1.149 error_type=submission_failure attempts=3 message=Server error '503 Service Unavailable' for url 'http://127.0.0.1:35741/tasks'
For more information check: https://developer.mozilla.org/en-US/docs/Web/HTTP/Status/503
progress completed=0 failed=2 in_flight=3 remaining=11548 papers/s=0.0 pages/s=0.0
failure paper_id=ACL_2022.coling-1.162 error_type=submission_failure attempts=3 message=Server error '503 Service Unavailable' for url 'http://127.0.0.1:35741/tasks'
For more information check: https://developer.mozilla.org/en-US/docs/Web/HTTP/Status/503
progress completed=0 failed=3 in_flight=3 remaining=11547 papers/s=0.0 pages/s=0.0
failure paper_id=ACL_2022.coling-1.175 error_type=submission_failure attempts=3 message=Server error '503 Service Unavailable' for url 'http://127.0.0.1:35741/tasks'
For more information check: https://developer.mozilla.org/en-US/docs/Web/HTTP/Status/503
progress completed=0 failed=4 in_flight=3 remaining=11546 papers/s=0.0 pages/s=0.0
failure paper_id=ACL_2022.coling-1.178 error_type=submission_failure attempts=3 message=Server error '503 Service Unavailable' for url 'http://127.0.0.1:35741/tasks'
For more information check: https://developer.mozilla.org/en-US/docs/Web/HTTP/Status/503
progress completed=0 failed=5 in_flight=3 remaining=11545 papers/s=0.0 pages/s=0.0
failure paper_id=ACL_2022.coling-1.182 error_type=submission_failure attempts=3 message=Server error '503 Service Unavailable' for url 'http://127.0.0.1:35741/tasks'
For more information check: https://developer.mozilla.org/en-US/docs/Web/HTTP/Status/503
progress completed=0 failed=6 in_flight=3 remaining=11544 papers/s=0.0 pages/s=0.0
failure paper_id=ACL_2022.coling-1.195 error_type=submission_failure attempts=3 message=Server error '503 Service Unavailable' for url 'http://127.0.0.1:35741/tasks'
For more information check: https://developer.mozilla.org/en-US/docs/Web/HTTP/Status/503
progress completed=0 failed=7 in_flight=3 remaining=11543 papers/s=0.0 pages/s=0.0
failure paper_id=ACL_2022.coling-1.203 error_type=submission_failure attempts=3 message=Server error '503 Service Unavailable' for url 'http://127.0.0.1:35741/tasks'
For more information check: https://developer.mozilla.org/en-US/docs/Web/HTTP/Status/503
progress completed=0 failed=8 in_flight=3 remaining=11542 papers/s=0.0 pages/s=0.0
failure paper_id=ACL_2022.coling-1.251 error_type=mineru_failure attempts=3 message=Task 22060045-1940-4a75-b3eb-94f4babc330c failed: Engine core initialization failed. See root cause above. Failed core proc(s): {}
progress completed=0 failed=9 in_flight=3 remaining=11541 papers/s=0.0 pages/s=0.0
