Job 27290358 processes the full train+test split from /scratch-shared/sfris1/pdf_datasets.
MinerU server log: scripts/extraction/slurm/27290358.server.log
MinerU caller log: scripts/extraction/slurm/27290358.caller.log
Temporary path: /tmp/sfris1/mineru_27290358
[2026-09-28T09:15:06Z] Starting caller: env PYTHONPATH=/gpfs/home5/sfris1/multimodal-tip-of-tongue-for-scientific-papers/src .venv-mineru/bin/python -m extraction --input-dir /scratch-shared/sfris1/pdf_datasets --split-index /scratch-shared/sfris1/data/splits/pdf_dataset_split.json --split train+test --output-dir /scratch-shared/sfris1/processed --api-url http://127.0.0.1:42573
Traceback (most recent call last):
  File "<frozen runpy>", line 198, in _run_module_as_main
  File "<frozen runpy>", line 88, in _run_code
  File "/gpfs/home5/sfris1/multimodal-tip-of-tongue-for-scientific-papers/src/extraction/__main__.py", line 15, in <module>
    raise SystemExit(main())
                     ^^^^^^
  File "/gpfs/home5/sfris1/multimodal-tip-of-tongue-for-scientific-papers/src/extraction/__main__.py", line 10, in main
    run_extract(args)
  File "/gpfs/home5/sfris1/multimodal-tip-of-tongue-for-scientific-papers/src/extraction/mineru_extraction.py", line 232, in run_extract
    discover_pdfs(
  File "/gpfs/home5/sfris1/multimodal-tip-of-tongue-for-scientific-papers/src/extraction/mineru_extraction.py", line 813, in discover_pdfs
    paths, splits_by_path = discover_split_pdfs(input_dir, split_index, split, domains=domains)
                            ^^^^^^^^^^^^^^^^^^^^^^^^^^^^^^^^^^^^^^^^^^^^^^^^^^^^^^^^^^^^^^^^^^^
  File "/gpfs/home5/sfris1/multimodal-tip-of-tongue-for-scientific-papers/src/extraction/mineru_extraction.py", line 832, in discover_split_pdfs
    index = read_json(split_index)
            ^^^^^^^^^^^^^^^^^^^^^^
  File "/gpfs/home5/sfris1/multimodal-tip-of-tongue-for-scientific-papers/src/extraction/mineru_extraction.py", line 1056, in read_json
    return json.loads(path.read_text(encoding="utf-8"))
                      ^^^^^^^^^^^^^^^^^^^^^^^^^^^^^^^^
  File "/home/sfris1/.local/share/uv/python/cpython-3.11.14-linux-x86_64-gnu/lib/python3.11/pathlib.py", line 1058, in read_text
    with self.open(mode='r', encoding=encoding, errors=errors) as f:
         ^^^^^^^^^^^^^^^^^^^^^^^^^^^^^^^^^^^^^^^^^^^^^^^^^^^^^
  File "/home/sfris1/.local/share/uv/python/cpython-3.11.14-linux-x86_64-gnu/lib/python3.11/pathlib.py", line 1044, in open
    return io.open(self, mode, buffering, encoding, errors, newline)
           ^^^^^^^^^^^^^^^^^^^^^^^^^^^^^^^^^^^^^^^^^^^^^^^^^^^^^^^^^
FileNotFoundError: [Errno 2] No such file or directory: '/scratch-shared/sfris1/data/splits/pdf_dataset_split.json'
