Job 27295075 processes the full train+test split from /scratch-shared/sfris1/pdf_datasets.
MinerU server and caller concurrency: 8
MinerU server log: scripts/extraction/slurm/27295075.server.log
MinerU caller log: scripts/extraction/slurm/27295075.caller.log
Temporary path: /tmp/sfris1/mineru_27295075
[2026-09-28T10:26:03Z] Starting caller: env PYTHONPATH=/gpfs/home5/sfris1/multimodal-tip-of-tongue-for-scientific-papers/src .venv-mineru/bin/python -m extraction --input-dir /scratch-shared/sfris1/pdf_datasets --split-index /scratch-shared/sfris1/data/splits/pdf_dataset_split.json --split train+test --output-dir /scratch-shared/sfris1/processed --api-url http://127.0.0.1:38835 --max-in-flight 8 --domains Engineering
{
  "mineru_health": {
    "completed_tasks": 0,
    "failed_tasks": 0,
    "max_concurrent_requests": 8,
    "processing_tasks": 0,
    "processing_window_size": 64,
    "protocol_version": 2,
    "queued_tasks": 0,
    "servers": [
      {
        "base_url": "http://127.0.0.1:43067",
        "completed_tasks": 0,
        "failed_tasks": 0,
        "gpu": "0",
        "healthy": true,
        "last_checked_at": "2026-09-28T10:26:04.131181+00:00",
        "last_error": null,
        "max_concurrent_requests": 8,
        "processing_tasks": 0,
        "processing_window_size": 64,
        "queued_tasks": 0,
        "server_id": "local-gpu-0",
        "source": "local"
      }
    ],
    "status": "healthy",
    "version": "3.4.0"
  }
}
progress completed=1 failed=0 in_flight=7 remaining=2309 papers/s=0.0109 pages/s=0.0653
progress completed=2 failed=0 in_flight=7 remaining=2308 papers/s=0.0217 pages/s=0.1739
progress completed=3 failed=0 in_flight=7 remaining=2307 papers/s=0.0326 pages/s=0.2823
progress completed=4 failed=0 in_flight=7 remaining=2306 papers/s=0.0434 pages/s=0.3689
progress completed=5 failed=0 in_flight=7 remaining=2305 papers/s=0.0542 pages/s=0.4228
progress completed=6 failed=0 in_flight=7 remaining=2304 papers/s=0.065 pages/s=0.5305
progress completed=7 failed=0 in_flight=7 remaining=2303 papers/s=0.0756 pages/s=0.6267
progress completed=8 failed=0 in_flight=7 remaining=2302 papers/s=0.0864 pages/s=0.7341
progress completed=9 failed=0 in_flight=7 remaining=2301 papers/s=0.0663 pages/s=0.575
progress completed=10 failed=0 in_flight=7 remaining=2300 papers/s=0.0737 pages/s=0.6115
progress completed=11 failed=0 in_flight=7 remaining=2299 papers/s=0.081 pages/s=0.6481
progress completed=12 failed=0 in_flight=7 remaining=2298 papers/s=0.0883 pages/s=0.6991
progress completed=13 failed=0 in_flight=7 remaining=2297 papers/s=0.0956 pages/s=0.7499
progress completed=14 failed=0 in_flight=7 remaining=2296 papers/s=0.1027 pages/s=0.8218
progress completed=15 failed=0 in_flight=7 remaining=2295 papers/s=0.11 pages/s=0.8943
progress completed=16 failed=0 in_flight=7 remaining=2294 papers/s=0.1133 pages/s=0.9345
progress completed=17 failed=0 in_flight=7 remaining=2293 papers/s=0.1032 pages/s=0.8498
progress completed=18 failed=0 in_flight=7 remaining=2292 papers/s=0.1092 pages/s=0.8796
progress completed=19 failed=0 in_flight=7 remaining=2291 papers/s=0.1152 pages/s=0.9399
progress completed=20 failed=0 in_flight=7 remaining=2290 papers/s=0.1213 pages/s=0.9882
progress completed=21 failed=0 in_flight=7 remaining=2289 papers/s=0.1273 pages/s=1.0485
progress completed=22 failed=0 in_flight=7 remaining=2288 papers/s=0.1295 pages/s=1.0481
progress completed=23 failed=0 in_flight=7 remaining=2287 papers/s=0.1353 pages/s=1.0881
progress completed=24 failed=0 in_flight=7 remaining=2286 papers/s=0.139 pages/s=1.1295
progress completed=25 failed=0 in_flight=7 remaining=2285 papers/s=0.123 pages/s=0.9843
progress completed=26 failed=0 in_flight=7 remaining=2284 papers/s=0.1279 pages/s=1.0233
progress completed=27 failed=0 in_flight=7 remaining=2283 papers/s=0.1328 pages/s=1.0622
progress completed=28 failed=0 in_flight=7 remaining=2282 papers/s=0.1376 pages/s=1.086
progress completed=29 failed=0 in_flight=7 remaining=2281 papers/s=0.1425 pages/s=1.1201
progress completed=30 failed=0 in_flight=7 remaining=2280 papers/s=0.1466 pages/s=1.1627
progress completed=31 failed=0 in_flight=7 remaining=2279 papers/s=0.1498 pages/s=1.1788
progress completed=32 failed=0 in_flight=7 remaining=2278 papers/s=0.1545 pages/s=1.2216
progress completed=33 failed=0 in_flight=7 remaining=2277 papers/s=0.1469 pages/s=1.1707
progress completed=34 failed=0 in_flight=7 remaining=2276 papers/s=0.1506 pages/s=1.1871
progress completed=35 failed=0 in_flight=7 remaining=2275 papers/s=0.151 pages/s=1.195
progress completed=36 failed=0 in_flight=7 remaining=2274 papers/s=0.1553 pages/s=1.2377
progress completed=37 failed=0 in_flight=7 remaining=2273 papers/s=0.1513 pages/s=1.2105
progress completed=38 failed=0 in_flight=7 remaining=2272 papers/s=0.1553 pages/s=1.2304
progress completed=39 failed=0 in_flight=7 remaining=2271 papers/s=0.1593 pages/s=1.2699
progress completed=40 failed=0 in_flight=7 remaining=2270 papers/s=0.1615 pages/s=1.2962
progress completed=41 failed=0 in_flight=7 remaining=2269 papers/s=0.1655 pages/s=1.3361
progress completed=42 failed=0 in_flight=7 remaining=2268 papers/s=0.1631 pages/s=1.324
progress completed=43 failed=0 in_flight=7 remaining=2267 papers/s=0.1661 pages/s=1.3523
progress completed=44 failed=0 in_flight=7 remaining=2266 papers/s=0.17 pages/s=1.3906
progress completed=45 failed=0 in_flight=7 remaining=2265 papers/s=0.1699 pages/s=1.3895
progress completed=46 failed=0 in_flight=7 remaining=2264 papers/s=0.167 pages/s=1.3579
progress completed=47 failed=0 in_flight=7 remaining=2263 papers/s=0.1618 pages/s=1.3045
progress completed=48 failed=0 in_flight=7 remaining=2262 papers/s=0.1652 pages/s=1.335
progress completed=49 failed=0 in_flight=7 remaining=2261 papers/s=0.1686 pages/s=1.3519
progress completed=50 failed=0 in_flight=7 remaining=2260 papers/s=0.172 pages/s=1.3723
progress completed=51 failed=0 in_flight=7 remaining=2259 papers/s=0.1754 pages/s=1.3994
progress completed=52 failed=0 in_flight=7 remaining=2258 papers/s=0.1787 pages/s=1.433
progress completed=53 failed=0 in_flight=7 remaining=2257 papers/s=0.1821 pages/s=1.4667
progress completed=54 failed=0 in_flight=7 remaining=2256 papers/s=0.18 pages/s=1.4566
progress completed=55 failed=0 in_flight=7 remaining=2255 papers/s=0.1787 pages/s=1.446
progress completed=56 failed=0 in_flight=7 remaining=2254 papers/s=0.1781 pages/s=1.4471
progress completed=57 failed=0 in_flight=7 remaining=2253 papers/s=0.1809 pages/s=1.4597
progress completed=58 failed=0 in_flight=7 remaining=2252 papers/s=0.1806 pages/s=1.451
progress completed=59 failed=0 in_flight=7 remaining=2251 papers/s=0.1836 pages/s=1.4816
progress completed=60 failed=0 in_flight=7 remaining=2250 papers/s=0.1823 pages/s=1.4709
progress completed=61 failed=0 in_flight=7 remaining=2249 papers/s=0.1848 pages/s=1.4962
progress completed=62 failed=0 in_flight=7 remaining=2248 papers/s=0.187 pages/s=1.5173
progress completed=63 failed=0 in_flight=7 remaining=2247 papers/s=0.1865 pages/s=1.5185
progress completed=64 failed=0 in_flight=7 remaining=2246 papers/s=0.1728 pages/s=1.4122
progress completed=65 failed=0 in_flight=7 remaining=2245 papers/s=0.1755 pages/s=1.4389
progress completed=66 failed=0 in_flight=7 remaining=2244 papers/s=0.1781 pages/s=1.4547
progress completed=67 failed=0 in_flight=7 remaining=2243 papers/s=0.1807 pages/s=1.481
progress completed=68 failed=0 in_flight=7 remaining=2242 papers/s=0.1834 pages/s=1.5075
progress completed=69 failed=0 in_flight=7 remaining=2241 papers/s=0.1855 pages/s=1.5247
progress completed=70 failed=0 in_flight=7 remaining=2240 papers/s=0.1877 pages/s=1.547
progress completed=71 failed=0 in_flight=7 remaining=2239 papers/s=0.1895 pages/s=1.5666
progress completed=72 failed=0 in_flight=7 remaining=2238 papers/s=0.1814 pages/s=1.4918
progress completed=73 failed=0 in_flight=7 remaining=2237 papers/s=0.1839 pages/s=1.5166
progress completed=74 failed=0 in_flight=7 remaining=2236 papers/s=0.1864 pages/s=1.5313
progress completed=75 failed=0 in_flight=7 remaining=2235 papers/s=0.184 pages/s=1.5158
progress completed=76 failed=0 in_flight=7 remaining=2234 papers/s=0.1861 pages/s=1.528
progress completed=77 failed=0 in_flight=7 remaining=2233 papers/s=0.1885 pages/s=1.5448
progress completed=78 failed=0 in_flight=7 remaining=2232 papers/s=0.1901 pages/s=1.5619
progress completed=79 failed=0 in_flight=7 remaining=2231 papers/s=0.1894 pages/s=1.5605
progress completed=80 failed=0 in_flight=7 remaining=2230 papers/s=0.1908 pages/s=1.5645
progress completed=81 failed=0 in_flight=7 remaining=2229 papers/s=0.1931 pages/s=1.5874
progress completed=82 failed=0 in_flight=7 remaining=2228 papers/s=0.1936 pages/s=1.5869
progress completed=83 failed=0 in_flight=7 remaining=2227 papers/s=0.1841 pages/s=1.5086
progress completed=84 failed=0 in_flight=7 remaining=2226 papers/s=0.1863 pages/s=1.526
progress completed=85 failed=0 in_flight=7 remaining=2225 papers/s=0.1885 pages/s=1.5369
progress completed=86 failed=0 in_flight=7 remaining=2224 papers/s=0.1907 pages/s=1.5496
progress completed=87 failed=0 in_flight=7 remaining=2223 papers/s=0.1929 pages/s=1.5716
progress completed=88 failed=0 in_flight=7 remaining=2222 papers/s=0.1933 pages/s=1.5796
progress completed=89 failed=0 in_flight=7 remaining=2221 papers/s=0.1944 pages/s=1.584
progress completed=90 failed=0 in_flight=7 remaining=2220 papers/s=0.1952 pages/s=1.5944
progress completed=91 failed=0 in_flight=7 remaining=2219 papers/s=0.1928 pages/s=1.5682
progress completed=92 failed=0 in_flight=7 remaining=2218 papers/s=0.1879 pages/s=1.532
progress completed=93 failed=0 in_flight=7 remaining=2217 papers/s=0.1897 pages/s=1.5404
progress completed=94 failed=0 in_flight=7 remaining=2216 papers/s=0.1917 pages/s=1.5561
progress completed=95 failed=0 in_flight=7 remaining=2215 papers/s=0.1937 pages/s=1.5719
progress completed=96 failed=0 in_flight=7 remaining=2214 papers/s=0.1957 pages/s=1.5919
progress completed=97 failed=0 in_flight=7 remaining=2213 papers/s=0.196 pages/s=1.5943
progress completed=98 failed=0 in_flight=7 remaining=2212 papers/s=0.198 pages/s=1.6139
progress completed=99 failed=0 in_flight=7 remaining=2211 papers/s=0.1992 pages/s=1.6175
progress completed=100 failed=0 in_flight=7 remaining=2210 papers/s=0.195 pages/s=1.5814
progress completed=101 failed=0 in_flight=7 remaining=2209 papers/s=0.1969 pages/s=1.6006
progress completed=102 failed=0 in_flight=7 remaining=2208 papers/s=0.1988 pages/s=1.6101
progress completed=103 failed=0 in_flight=7 remaining=2207 papers/s=0.2007 pages/s=1.6272
progress completed=104 failed=0 in_flight=7 remaining=2206 papers/s=0.2026 pages/s=1.6406
progress completed=105 failed=0 in_flight=7 remaining=2205 papers/s=0.2026 pages/s=1.6439
progress completed=106 failed=0 in_flight=7 remaining=2204 papers/s=0.2015 pages/s=1.6384
progress completed=107 failed=0 in_flight=7 remaining=2203 papers/s=0.2033 pages/s=1.6512
progress completed=108 failed=0 in_flight=7 remaining=2202 papers/s=0.2021 pages/s=1.6452
progress completed=109 failed=0 in_flight=7 remaining=2201 papers/s=0.204 pages/s=1.6638
progress completed=110 failed=0 in_flight=7 remaining=2200 papers/s=0.2024 pages/s=1.6539
progress completed=111 failed=0 in_flight=7 remaining=2199 papers/s=0.2042 pages/s=1.6647
progress completed=112 failed=0 in_flight=7 remaining=2198 papers/s=0.2022 pages/s=1.6463
progress completed=113 failed=0 in_flight=7 remaining=2197 papers/s=0.2036 pages/s=1.6573
progress completed=114 failed=0 in_flight=7 remaining=2196 papers/s=0.2052 pages/s=1.6741
progress completed=115 failed=0 in_flight=7 remaining=2195 papers/s=0.207 pages/s=1.6919
progress completed=116 failed=0 in_flight=7 remaining=2194 papers/s=0.2063 pages/s=1.6807
progress completed=117 failed=0 in_flight=7 remaining=2193 papers/s=0.2024 pages/s=1.6523
progress completed=118 failed=0 in_flight=7 remaining=2192 papers/s=0.2041 pages/s=1.6677
progress completed=119 failed=0 in_flight=7 remaining=2191 papers/s=0.2048 pages/s=1.6676
progress completed=120 failed=0 in_flight=7 remaining=2190 papers/s=0.2065 pages/s=1.6777
progress completed=121 failed=0 in_flight=7 remaining=2189 papers/s=0.2033 pages/s=1.655
progress completed=122 failed=0 in_flight=7 remaining=2188 papers/s=0.2049 pages/s=1.668
progress completed=123 failed=0 in_flight=7 remaining=2187 papers/s=0.2065 pages/s=1.6839
progress completed=124 failed=0 in_flight=7 remaining=2186 papers/s=0.2073 pages/s=1.6936
progress completed=125 failed=0 in_flight=7 remaining=2185 papers/s=0.2039 pages/s=1.669
progress completed=126 failed=0 in_flight=7 remaining=2184 papers/s=0.2051 pages/s=1.6733
progress completed=127 failed=0 in_flight=7 remaining=2183 papers/s=0.2 pages/s=1.6315
progress completed=128 failed=0 in_flight=7 remaining=2182 papers/s=0.2015 pages/s=1.6439
progress completed=129 failed=0 in_flight=7 remaining=2181 papers/s=0.2028 pages/s=1.649
progress completed=130 failed=0 in_flight=7 remaining=2180 papers/s=0.2043 pages/s=1.6566
progress completed=131 failed=0 in_flight=7 remaining=2179 papers/s=0.2059 pages/s=1.6688
progress completed=132 failed=0 in_flight=7 remaining=2178 papers/s=0.2074 pages/s=1.6842
progress completed=133 failed=0 in_flight=7 remaining=2177 papers/s=0.2051 pages/s=1.6683
progress completed=134 failed=0 in_flight=7 remaining=2176 papers/s=0.2044 pages/s=1.6661
progress completed=135 failed=0 in_flight=7 remaining=2175 papers/s=0.2055 pages/s=1.67
progress completed=136 failed=0 in_flight=7 remaining=2174 papers/s=0.207 pages/s=1.6774
progress completed=137 failed=0 in_flight=7 remaining=2173 papers/s=0.2085 pages/s=1.6894
progress completed=138 failed=0 in_flight=7 remaining=2172 papers/s=0.2065 pages/s=1.6759
progress completed=139 failed=0 in_flight=7 remaining=2171 papers/s=0.2079 pages/s=1.6874
progress completed=140 failed=0 in_flight=7 remaining=2170 papers/s=0.2088 pages/s=1.6929
progress completed=141 failed=0 in_flight=7 remaining=2169 papers/s=0.2013 pages/s=1.6277
progress completed=142 failed=0 in_flight=7 remaining=2168 papers/s=0.2027 pages/s=1.636
progress completed=143 failed=0 in_flight=7 remaining=2167 papers/s=0.204 pages/s=1.6495
progress completed=144 failed=0 in_flight=7 remaining=2166 papers/s=0.2048 pages/s=1.6524
progress completed=145 failed=0 in_flight=7 remaining=2165 papers/s=0.2062 pages/s=1.6593
progress completed=146 failed=0 in_flight=7 remaining=2164 papers/s=0.2076 pages/s=1.6733
progress completed=147 failed=0 in_flight=7 remaining=2163 papers/s=0.2088 pages/s=1.6859
progress completed=148 failed=0 in_flight=7 remaining=2162 papers/s=0.208 pages/s=1.6823
progress completed=149 failed=0 in_flight=7 remaining=2161 papers/s=0.2054 pages/s=1.6573
progress completed=150 failed=0 in_flight=7 remaining=2160 papers/s=0.2068 pages/s=1.6654
progress completed=151 failed=0 in_flight=7 remaining=2159 papers/s=0.2081 pages/s=1.6715
progress completed=152 failed=0 in_flight=7 remaining=2158 papers/s=0.2072 pages/s=1.6627
progress completed=153 failed=0 in_flight=7 remaining=2157 papers/s=0.2085 pages/s=1.6762
progress completed=154 failed=0 in_flight=7 remaining=2156 papers/s=0.2094 pages/s=1.6823
progress completed=155 failed=0 in_flight=7 remaining=2155 papers/s=0.2108 pages/s=1.6958
progress completed=156 failed=0 in_flight=7 remaining=2154 papers/s=0.2121 pages/s=1.7092
progress completed=157 failed=0 in_flight=7 remaining=2153 papers/s=0.212 pages/s=1.7051
progress completed=158 failed=0 in_flight=7 remaining=2152 papers/s=0.2122 pages/s=1.7026
progress completed=159 failed=0 in_flight=7 remaining=2151 papers/s=0.2091 pages/s=1.6754
progress completed=160 failed=0 in_flight=7 remaining=2150 papers/s=0.2102 pages/s=1.682
progress completed=161 failed=0 in_flight=7 remaining=2149 papers/s=0.2107 pages/s=1.6859
progress completed=162 failed=0 in_flight=7 remaining=2148 papers/s=0.2117 pages/s=1.696
progress completed=163 failed=0 in_flight=7 remaining=2147 papers/s=0.2123 pages/s=1.6974
progress completed=164 failed=0 in_flight=7 remaining=2146 papers/s=0.2136 pages/s=1.709
progress completed=165 failed=0 in_flight=7 remaining=2145 papers/s=0.2148 pages/s=1.7213
progress completed=166 failed=0 in_flight=7 remaining=2144 papers/s=0.2148 pages/s=1.7236
progress completed=167 failed=0 in_flight=7 remaining=2143 papers/s=0.2128 pages/s=1.7052
progress completed=168 failed=0 in_flight=7 remaining=2142 papers/s=0.2089 pages/s=1.6764
progress completed=169 failed=0 in_flight=7 remaining=2141 papers/s=0.2102 pages/s=1.6862
progress completed=170 failed=0 in_flight=7 remaining=2140 papers/s=0.2113 pages/s=1.6981
progress completed=171 failed=0 in_flight=7 remaining=2139 papers/s=0.2126 pages/s=1.7104
progress completed=172 failed=0 in_flight=7 remaining=2138 papers/s=0.2138 pages/s=1.7227
progress completed=173 failed=0 in_flight=7 remaining=2137 papers/s=0.2144 pages/s=1.7272
progress completed=174 failed=0 in_flight=7 remaining=2136 papers/s=0.2156 pages/s=1.7393
progress completed=175 failed=0 in_flight=7 remaining=2135 papers/s=0.2158 pages/s=1.74
progress completed=176 failed=0 in_flight=7 remaining=2134 papers/s=0.2121 pages/s=1.7061
progress completed=177 failed=0 in_flight=7 remaining=2133 papers/s=0.2132 pages/s=1.7167
progress completed=178 failed=0 in_flight=7 remaining=2132 papers/s=0.2144 pages/s=1.7224
progress completed=179 failed=0 in_flight=7 remaining=2131 papers/s=0.2156 pages/s=1.7283
progress completed=180 failed=0 in_flight=7 remaining=2130 papers/s=0.2168 pages/s=1.7353
progress completed=181 failed=0 in_flight=7 remaining=2129 papers/s=0.2172 pages/s=1.7353
progress completed=182 failed=0 in_flight=7 remaining=2128 papers/s=0.2149 pages/s=1.7192
progress completed=183 failed=0 in_flight=7 remaining=2127 papers/s=0.216 pages/s=1.7307
progress completed=184 failed=0 in_flight=7 remaining=2126 papers/s=0.2077 pages/s=1.6626
progress completed=185 failed=0 in_flight=7 remaining=2125 papers/s=0.2088 pages/s=1.6691
progress completed=186 failed=0 in_flight=7 remaining=2124 papers/s=0.2099 pages/s=1.678
progress completed=187 failed=0 in_flight=7 remaining=2123 papers/s=0.2109 pages/s=1.6887
progress completed=188 failed=0 in_flight=7 remaining=2122 papers/s=0.212 pages/s=1.6997
progress completed=189 failed=0 in_flight=7 remaining=2121 papers/s=0.2131 pages/s=1.7103
progress completed=190 failed=0 in_flight=7 remaining=2120 papers/s=0.2142 pages/s=1.7212
progress completed=191 failed=0 in_flight=7 remaining=2119 papers/s=0.215 pages/s=1.7298
progress completed=192 failed=0 in_flight=7 remaining=2118 papers/s=0.2094 pages/s=1.6829
progress completed=193 failed=0 in_flight=7 remaining=2117 papers/s=0.2105 pages/s=1.6937
progress completed=194 failed=0 in_flight=7 remaining=2116 papers/s=0.2116 pages/s=1.699
progress completed=195 failed=0 in_flight=7 remaining=2115 papers/s=0.2126 pages/s=1.7043
progress completed=196 failed=0 in_flight=7 remaining=2114 papers/s=0.2137 pages/s=1.715
progress completed=197 failed=0 in_flight=7 remaining=2113 papers/s=0.2138 pages/s=1.7181
progress completed=198 failed=0 in_flight=7 remaining=2112 papers/s=0.2149 pages/s=1.7266
progress completed=199 failed=0 in_flight=7 remaining=2111 papers/s=0.2138 pages/s=1.7205
progress completed=200 failed=0 in_flight=7 remaining=2110 papers/s=0.2135 pages/s=1.7189
progress completed=201 failed=0 in_flight=7 remaining=2109 papers/s=0.214 pages/s=1.7192
progress completed=202 failed=0 in_flight=7 remaining=2108 papers/s=0.2085 pages/s=1.6776
progress completed=203 failed=0 in_flight=7 remaining=2107 papers/s=0.2095 pages/s=1.6822
progress completed=204 failed=0 in_flight=7 remaining=2106 papers/s=0.2105 pages/s=1.6882
progress completed=205 failed=0 in_flight=7 remaining=2105 papers/s=0.2115 pages/s=1.6942
progress completed=206 failed=0 in_flight=7 remaining=2104 papers/s=0.2125 pages/s=1.7021
progress completed=207 failed=0 in_flight=7 remaining=2103 papers/s=0.2135 pages/s=1.7123
progress completed=208 failed=0 in_flight=7 remaining=2102 papers/s=0.2135 pages/s=1.7145
progress completed=209 failed=0 in_flight=7 remaining=2101 papers/s=0.2145 pages/s=1.7244
progress completed=210 failed=0 in_flight=7 remaining=2100 papers/s=0.2113 pages/s=1.695
progress completed=211 failed=0 in_flight=7 remaining=2099 papers/s=0.2122 pages/s=1.6999
progress completed=212 failed=0 in_flight=7 remaining=2098 papers/s=0.2132 pages/s=1.7048
progress completed=213 failed=0 in_flight=7 remaining=2097 papers/s=0.2142 pages/s=1.7138
progress completed=214 failed=0 in_flight=7 remaining=2096 papers/s=0.2152 pages/s=1.7197
progress completed=215 failed=0 in_flight=7 remaining=2095 papers/s=0.2137 pages/s=1.7092
progress completed=216 failed=0 in_flight=7 remaining=2094 papers/s=0.2146 pages/s=1.715
progress completed=217 failed=0 in_flight=7 remaining=2093 papers/s=0.2152 pages/s=1.7214
progress completed=218 failed=0 in_flight=7 remaining=2092 papers/s=0.2118 pages/s=1.6917
progress completed=219 failed=0 in_flight=7 remaining=2091 papers/s=0.2128 pages/s=1.6973
progress completed=220 failed=0 in_flight=7 remaining=2090 papers/s=0.2137 pages/s=1.7049
progress completed=221 failed=0 in_flight=7 remaining=2089 papers/s=0.2147 pages/s=1.7097
progress completed=222 failed=0 in_flight=7 remaining=2088 papers/s=0.2156 pages/s=1.7193
progress completed=223 failed=0 in_flight=7 remaining=2087 papers/s=0.2157 pages/s=1.7188
progress completed=224 failed=0 in_flight=7 remaining=2086 papers/s=0.2166 pages/s=1.7283
progress completed=225 failed=0 in_flight=7 remaining=2085 papers/s=0.211 pages/s=1.6844
progress completed=226 failed=0 in_flight=7 remaining=2084 papers/s=0.2119 pages/s=1.6918
progress completed=227 failed=0 in_flight=7 remaining=2083 papers/s=0.2129 pages/s=1.6973
progress completed=228 failed=0 in_flight=7 remaining=2082 papers/s=0.2138 pages/s=1.7027
progress completed=229 failed=0 in_flight=7 remaining=2081 papers/s=0.2147 pages/s=1.7119
progress completed=230 failed=0 in_flight=7 remaining=2080 papers/s=0.2143 pages/s=1.7108
progress completed=231 failed=0 in_flight=7 remaining=2079 papers/s=0.2151 pages/s=1.7189
progress completed=232 failed=0 in_flight=7 remaining=2078 papers/s=0.2155 pages/s=1.7243
progress completed=233 failed=0 in_flight=7 remaining=2077 papers/s=0.2148 pages/s=1.7154
progress completed=234 failed=0 in_flight=7 remaining=2076 papers/s=0.2141 pages/s=1.7072
progress completed=235 failed=0 in_flight=7 remaining=2075 papers/s=0.215 pages/s=1.7163
progress completed=236 failed=0 in_flight=7 remaining=2074 papers/s=0.2133 pages/s=1.7034
progress completed=237 failed=0 in_flight=7 remaining=2073 papers/s=0.2141 pages/s=1.7104
progress completed=238 failed=0 in_flight=7 remaining=2072 papers/s=0.2147 pages/s=1.717
progress completed=239 failed=0 in_flight=7 remaining=2071 papers/s=0.2156 pages/s=1.7253
progress completed=240 failed=0 in_flight=7 remaining=2070 papers/s=0.2162 pages/s=1.7327
progress completed=241 failed=0 in_flight=7 remaining=2069 papers/s=0.2149 pages/s=1.7192
progress completed=242 failed=0 in_flight=7 remaining=2068 papers/s=0.215 pages/s=1.7197
progress completed=243 failed=0 in_flight=7 remaining=2067 papers/s=0.2141 pages/s=1.71
progress completed=244 failed=0 in_flight=7 remaining=2066 papers/s=0.2149 pages/s=1.7186
progress completed=245 failed=0 in_flight=7 remaining=2065 papers/s=0.2158 pages/s=1.7244
progress completed=246 failed=0 in_flight=7 remaining=2064 papers/s=0.2165 pages/s=1.7319
progress completed=247 failed=0 in_flight=7 remaining=2063 papers/s=0.2157 pages/s=1.7245
progress completed=248 failed=0 in_flight=7 remaining=2062 papers/s=0.2137 pages/s=1.7105
progress completed=249 failed=0 in_flight=7 remaining=2061 papers/s=0.2146 pages/s=1.7147
progress completed=250 failed=0 in_flight=7 remaining=2060 papers/s=0.2154 pages/s=1.7189
progress completed=251 failed=0 in_flight=7 remaining=2059 papers/s=0.2163 pages/s=1.7231
progress completed=252 failed=0 in_flight=7 remaining=2058 papers/s=0.2171 pages/s=1.7316
progress completed=253 failed=0 in_flight=7 remaining=2057 papers/s=0.2179 pages/s=1.7399
progress completed=254 failed=0 in_flight=7 remaining=2056 papers/s=0.2187 pages/s=1.7483
progress completed=255 failed=0 in_flight=7 remaining=2055 papers/s=0.2171 pages/s=1.7357
progress completed=256 failed=0 in_flight=7 remaining=2054 papers/s=0.2152 pages/s=1.718
progress completed=257 failed=0 in_flight=7 remaining=2053 papers/s=0.216 pages/s=1.7221
progress completed=258 failed=0 in_flight=7 remaining=2052 papers/s=0.2168 pages/s=1.727
progress completed=259 failed=0 in_flight=7 remaining=2051 papers/s=0.2176 pages/s=1.7353
progress completed=260 failed=0 in_flight=7 remaining=2050 papers/s=0.2176 pages/s=1.7327
progress completed=261 failed=0 in_flight=7 remaining=2049 papers/s=0.2184 pages/s=1.7392
progress completed=262 failed=0 in_flight=7 remaining=2048 papers/s=0.218 pages/s=1.7343
progress completed=263 failed=0 in_flight=7 remaining=2047 papers/s=0.2188 pages/s=1.7422
progress completed=264 failed=0 in_flight=7 remaining=2046 papers/s=0.2165 pages/s=1.7217
progress completed=265 failed=0 in_flight=7 remaining=2045 papers/s=0.2171 pages/s=1.7277
progress completed=266 failed=0 in_flight=7 remaining=2044 papers/s=0.2139 pages/s=1.7042
progress completed=267 failed=0 in_flight=7 remaining=2043 papers/s=0.2147 pages/s=1.7081
progress completed=268 failed=0 in_flight=7 remaining=2042 papers/s=0.2155 pages/s=1.7156
progress completed=269 failed=0 in_flight=7 remaining=2041 papers/s=0.216 pages/s=1.7215
progress completed=270 failed=0 in_flight=7 remaining=2040 papers/s=0.2167 pages/s=1.7269
progress completed=271 failed=0 in_flight=7 remaining=2039 papers/s=0.2174 pages/s=1.7344
progress completed=272 failed=0 in_flight=7 remaining=2038 papers/s=0.2169 pages/s=1.7318
progress completed=273 failed=0 in_flight=7 remaining=2037 papers/s=0.2139 pages/s=1.71
progress completed=274 failed=0 in_flight=7 remaining=2036 papers/s=0.2147 pages/s=1.7138
progress completed=275 failed=0 in_flight=7 remaining=2035 papers/s=0.2155 pages/s=1.72
progress completed=276 failed=0 in_flight=7 remaining=2034 papers/s=0.2163 pages/s=1.7278
progress completed=277 failed=0 in_flight=7 remaining=2033 papers/s=0.216 pages/s=1.7275
progress completed=278 failed=0 in_flight=7 remaining=2032 papers/s=0.2168 pages/s=1.7313
progress completed=279 failed=0 in_flight=7 remaining=2031 papers/s=0.2176 pages/s=1.7359
progress completed=280 failed=0 in_flight=7 remaining=2030 papers/s=0.2176 pages/s=1.7379
progress completed=281 failed=0 in_flight=7 remaining=2029 papers/s=0.2166 pages/s=1.7284
progress completed=282 failed=0 in_flight=7 remaining=2028 papers/s=0.2137 pages/s=1.7036
progress completed=283 failed=0 in_flight=7 remaining=2027 papers/s=0.2144 pages/s=1.7102
progress completed=284 failed=0 in_flight=7 remaining=2026 papers/s=0.2152 pages/s=1.7177
progress completed=285 failed=0 in_flight=7 remaining=2025 papers/s=0.2159 pages/s=1.7244
progress completed=286 failed=0 in_flight=7 remaining=2024 papers/s=0.216 pages/s=1.7237
progress completed=287 failed=0 in_flight=7 remaining=2023 papers/s=0.2168 pages/s=1.7312
progress completed=288 failed=0 in_flight=7 remaining=2022 papers/s=0.2175 pages/s=1.7387
progress completed=289 failed=0 in_flight=7 remaining=2021 papers/s=0.2175 pages/s=1.7374
progress completed=290 failed=0 in_flight=7 remaining=2020 papers/s=0.2147 pages/s=1.7166
progress completed=291 failed=0 in_flight=7 remaining=2019 papers/s=0.2154 pages/s=1.7239
progress completed=292 failed=0 in_flight=7 remaining=2018 papers/s=0.2161 pages/s=1.7312
progress completed=293 failed=0 in_flight=7 remaining=2017 papers/s=0.2169 pages/s=1.737
progress completed=294 failed=0 in_flight=7 remaining=2016 papers/s=0.2176 pages/s=1.7436
progress completed=295 failed=0 in_flight=7 remaining=2015 papers/s=0.2183 pages/s=1.7486
progress completed=296 failed=0 in_flight=7 remaining=2014 papers/s=0.2181 pages/s=1.7459
progress completed=297 failed=0 in_flight=7 remaining=2013 papers/s=0.2185 pages/s=1.7501
progress completed=298 failed=0 in_flight=7 remaining=2012 papers/s=0.2145 pages/s=1.7172
progress completed=299 failed=0 in_flight=7 remaining=2011 papers/s=0.2152 pages/s=1.7214
progress completed=300 failed=0 in_flight=7 remaining=2010 papers/s=0.2159 pages/s=1.7256
progress completed=301 failed=0 in_flight=7 remaining=2009 papers/s=0.2166 pages/s=1.7327
progress completed=302 failed=0 in_flight=7 remaining=2008 papers/s=0.2173 pages/s=1.7369
progress completed=303 failed=0 in_flight=7 remaining=2007 papers/s=0.218 pages/s=1.7419
progress completed=304 failed=0 in_flight=7 remaining=2006 papers/s=0.2178 pages/s=1.7418
progress completed=305 failed=0 in_flight=7 remaining=2005 papers/s=0.2182 pages/s=1.7465
progress completed=306 failed=0 in_flight=7 remaining=2004 papers/s=0.2181 pages/s=1.747
progress completed=307 failed=0 in_flight=7 remaining=2003 papers/s=0.2166 pages/s=1.7361
progress completed=308 failed=0 in_flight=7 remaining=2002 papers/s=0.2172 pages/s=1.7391
progress completed=309 failed=0 in_flight=7 remaining=2001 papers/s=0.2179 pages/s=1.7425
progress completed=310 failed=0 in_flight=7 remaining=2000 papers/s=0.2186 pages/s=1.7492
progress completed=311 failed=0 in_flight=7 remaining=1999 papers/s=0.2193 pages/s=1.7561
progress completed=312 failed=0 in_flight=7 remaining=1998 papers/s=0.2199 pages/s=1.7624
progress completed=313 failed=0 in_flight=7 remaining=1997 papers/s=0.2193 pages/s=1.7564
progress completed=314 failed=0 in_flight=7 remaining=1996 papers/s=0.2195 pages/s=1.7581
progress completed=315 failed=0 in_flight=7 remaining=1995 papers/s=0.2176 pages/s=1.7444
progress completed=316 failed=0 in_flight=7 remaining=1994 papers/s=0.2183 pages/s=1.7491
progress completed=317 failed=0 in_flight=7 remaining=1993 papers/s=0.2177 pages/s=1.742
progress completed=318 failed=0 in_flight=7 remaining=1992 papers/s=0.2182 pages/s=1.7474
progress completed=319 failed=0 in_flight=7 remaining=1991 papers/s=0.2188 pages/s=1.7541
progress completed=320 failed=0 in_flight=7 remaining=1990 papers/s=0.2192 pages/s=1.7585
progress completed=321 failed=0 in_flight=7 remaining=1989 papers/s=0.2182 pages/s=1.7491
progress completed=322 failed=0 in_flight=7 remaining=1988 papers/s=0.2162 pages/s=1.7344
progress completed=323 failed=0 in_flight=7 remaining=1987 papers/s=0.2169 pages/s=1.7384
progress completed=324 failed=0 in_flight=7 remaining=1986 papers/s=0.2175 pages/s=1.745
progress completed=325 failed=0 in_flight=7 remaining=1985 papers/s=0.2182 pages/s=1.7516
progress completed=326 failed=0 in_flight=7 remaining=1984 papers/s=0.2173 pages/s=1.7455
progress completed=327 failed=0 in_flight=7 remaining=1983 papers/s=0.2179 pages/s=1.7521
progress completed=328 failed=0 in_flight=7 remaining=1982 papers/s=0.2186 pages/s=1.7573
progress completed=329 failed=0 in_flight=7 remaining=1981 papers/s=0.2192 pages/s=1.7618
progress completed=330 failed=0 in_flight=7 remaining=1980 papers/s=0.2185 pages/s=1.757
progress completed=331 failed=0 in_flight=7 remaining=1979 papers/s=0.2167 pages/s=1.7407
progress completed=332 failed=0 in_flight=7 remaining=1978 papers/s=0.2173 pages/s=1.7471
progress completed=333 failed=0 in_flight=7 remaining=1977 papers/s=0.218 pages/s=1.7516
progress completed=334 failed=0 in_flight=7 remaining=1976 papers/s=0.2186 pages/s=1.758
progress completed=335 failed=0 in_flight=7 remaining=1975 papers/s=0.2192 pages/s=1.7644
progress completed=336 failed=0 in_flight=7 remaining=1974 papers/s=0.2193 pages/s=1.7661
progress completed=337 failed=0 in_flight=7 remaining=1973 papers/s=0.2175 pages/s=1.7532
progress completed=338 failed=0 in_flight=7 remaining=1972 papers/s=0.2179 pages/s=1.7557
progress completed=339 failed=0 in_flight=7 remaining=1971 papers/s=0.2164 pages/s=1.7416
progress completed=340 failed=0 in_flight=7 remaining=1970 papers/s=0.217 pages/s=1.7478
progress completed=341 failed=0 in_flight=7 remaining=1969 papers/s=0.2175 pages/s=1.7502
progress completed=342 failed=0 in_flight=7 remaining=1968 papers/s=0.2181 pages/s=1.7552
progress completed=343 failed=0 in_flight=7 remaining=1967 papers/s=0.2187 pages/s=1.7589
progress completed=344 failed=0 in_flight=7 remaining=1966 papers/s=0.2178 pages/s=1.7502
progress completed=345 failed=0 in_flight=7 remaining=1965 papers/s=0.2157 pages/s=1.7342
progress completed=346 failed=0 in_flight=7 remaining=1964 papers/s=0.2163 pages/s=1.7403
progress completed=347 failed=0 in_flight=7 remaining=1963 papers/s=0.2169 pages/s=1.7434
progress completed=348 failed=0 in_flight=7 remaining=1962 papers/s=0.2175 pages/s=1.7471
progress completed=349 failed=0 in_flight=7 remaining=1961 papers/s=0.2181 pages/s=1.7532
progress completed=350 failed=0 in_flight=7 remaining=1960 papers/s=0.2181 pages/s=1.7529
progress completed=351 failed=0 in_flight=7 remaining=1959 papers/s=0.2185 pages/s=1.7571
progress completed=352 failed=0 in_flight=7 remaining=1958 papers/s=0.2186 pages/s=1.7563
progress completed=353 failed=0 in_flight=7 remaining=1957 papers/s=0.2183 pages/s=1.7531
progress completed=354 failed=0 in_flight=7 remaining=1956 papers/s=0.2184 pages/s=1.7532
progress completed=355 failed=0 in_flight=7 remaining=1955 papers/s=0.2151 pages/s=1.7252
progress completed=356 failed=0 in_flight=7 remaining=1954 papers/s=0.2157 pages/s=1.7288
progress completed=357 failed=0 in_flight=7 remaining=1953 papers/s=0.2163 pages/s=1.7329
progress completed=358 failed=0 in_flight=7 remaining=1952 papers/s=0.2169 pages/s=1.7388
progress completed=359 failed=0 in_flight=7 remaining=1951 papers/s=0.2175 pages/s=1.7435
progress completed=360 failed=0 in_flight=7 remaining=1950 papers/s=0.2181 pages/s=1.7495
progress completed=361 failed=0 in_flight=7 remaining=1949 papers/s=0.2187 pages/s=1.7549
progress completed=362 failed=0 in_flight=7 remaining=1948 papers/s=0.2187 pages/s=1.7549
progress completed=363 failed=0 in_flight=7 remaining=1947 papers/s=0.218 pages/s=1.7474
progress completed=364 failed=0 in_flight=7 remaining=1946 papers/s=0.2165 pages/s=1.7338
progress completed=365 failed=0 in_flight=7 remaining=1945 papers/s=0.2171 pages/s=1.7367
progress completed=366 failed=0 in_flight=7 remaining=1944 papers/s=0.2177 pages/s=1.7426
progress completed=367 failed=0 in_flight=7 remaining=1943 papers/s=0.2183 pages/s=1.7455
progress completed=368 failed=0 in_flight=7 remaining=1942 papers/s=0.2188 pages/s=1.7483
progress completed=369 failed=0 in_flight=7 remaining=1941 papers/s=0.2194 pages/s=1.7542
progress completed=370 failed=0 in_flight=7 remaining=1940 papers/s=0.2195 pages/s=1.7532
progress completed=371 failed=0 in_flight=7 remaining=1939 papers/s=0.2184 pages/s=1.7425
progress completed=372 failed=0 in_flight=7 remaining=1938 papers/s=0.2175 pages/s=1.7337
progress completed=373 failed=0 in_flight=7 remaining=1937 papers/s=0.2181 pages/s=1.737
progress completed=374 failed=0 in_flight=7 remaining=1936 papers/s=0.2179 pages/s=1.736
progress completed=375 failed=0 in_flight=7 remaining=1935 papers/s=0.2184 pages/s=1.7406
progress completed=376 failed=0 in_flight=7 remaining=1934 papers/s=0.219 pages/s=1.7463
progress completed=377 failed=0 in_flight=7 remaining=1933 papers/s=0.2193 pages/s=1.7471
progress completed=378 failed=0 in_flight=7 remaining=1932 papers/s=0.2194 pages/s=1.7467
progress completed=379 failed=0 in_flight=7 remaining=1931 papers/s=0.2179 pages/s=1.7343
progress completed=380 failed=0 in_flight=7 remaining=1930 papers/s=0.2185 pages/s=1.7378
progress completed=381 failed=0 in_flight=7 remaining=1929 papers/s=0.2191 pages/s=1.7417
progress completed=382 failed=0 in_flight=7 remaining=1928 papers/s=0.2196 pages/s=1.7445
progress completed=383 failed=0 in_flight=7 remaining=1927 papers/s=0.2202 pages/s=1.7479
progress completed=384 failed=0 in_flight=7 remaining=1926 papers/s=0.2208 pages/s=1.7524
progress completed=385 failed=0 in_flight=7 remaining=1925 papers/s=0.2207 pages/s=1.7528
progress completed=386 failed=0 in_flight=7 remaining=1924 papers/s=0.2212 pages/s=1.7572
progress completed=387 failed=0 in_flight=7 remaining=1923 papers/s=0.2208 pages/s=1.7529
progress completed=388 failed=0 in_flight=7 remaining=1922 papers/s=0.2191 pages/s=1.7402
progress completed=389 failed=0 in_flight=7 remaining=1921 papers/s=0.2196 pages/s=1.7434
progress completed=390 failed=0 in_flight=7 remaining=1920 papers/s=0.2202 pages/s=1.7467
progress completed=391 failed=0 in_flight=7 remaining=1919 papers/s=0.2207 pages/s=1.7495
progress completed=392 failed=0 in_flight=7 remaining=1918 papers/s=0.2212 pages/s=1.7547
progress completed=393 failed=0 in_flight=7 remaining=1917 papers/s=0.2218 pages/s=1.7574
progress completed=394 failed=0 in_flight=7 remaining=1916 papers/s=0.2223 pages/s=1.7606
progress completed=395 failed=0 in_flight=7 remaining=1915 papers/s=0.2214 pages/s=1.7514
progress completed=396 failed=0 in_flight=7 remaining=1914 papers/s=0.2205 pages/s=1.7431
progress completed=397 failed=0 in_flight=7 remaining=1913 papers/s=0.221 pages/s=1.7458
progress completed=398 failed=0 in_flight=7 remaining=1912 papers/s=0.2213 pages/s=1.7474
progress completed=399 failed=0 in_flight=7 remaining=1911 papers/s=0.2218 pages/s=1.7528
progress completed=400 failed=0 in_flight=7 remaining=1910 papers/s=0.2221 pages/s=1.7566
progress completed=401 failed=0 in_flight=7 remaining=1909 papers/s=0.2222 pages/s=1.7585
progress completed=402 failed=0 in_flight=7 remaining=1908 papers/s=0.2228 pages/s=1.7637
progress completed=403 failed=0 in_flight=7 remaining=1907 papers/s=0.2221 pages/s=1.7575
progress completed=404 failed=0 in_flight=7 remaining=1906 papers/s=0.2206 pages/s=1.7442
progress completed=405 failed=0 in_flight=7 remaining=1905 papers/s=0.2211 pages/s=1.7494
progress completed=406 failed=0 in_flight=7 remaining=1904 papers/s=0.2217 pages/s=1.7525
progress completed=407 failed=0 in_flight=7 remaining=1903 papers/s=0.2222 pages/s=1.7551
progress completed=408 failed=0 in_flight=7 remaining=1902 papers/s=0.2224 pages/s=1.7565
progress completed=409 failed=0 in_flight=7 remaining=1901 papers/s=0.223 pages/s=1.7619
progress completed=410 failed=0 in_flight=7 remaining=1900 papers/s=0.22 pages/s=1.7372
progress completed=411 failed=0 in_flight=7 remaining=1899 papers/s=0.2206 pages/s=1.7403
progress completed=412 failed=0 in_flight=7 remaining=1898 papers/s=0.2211 pages/s=1.744
progress completed=413 failed=0 in_flight=7 remaining=1897 papers/s=0.2216 pages/s=1.7471
progress completed=414 failed=0 in_flight=7 remaining=1896 papers/s=0.2221 pages/s=1.7503
progress completed=415 failed=0 in_flight=7 remaining=1895 papers/s=0.2227 pages/s=1.7545
progress completed=416 failed=0 in_flight=7 remaining=1894 papers/s=0.2232 pages/s=1.7598
progress completed=417 failed=0 in_flight=7 remaining=1893 papers/s=0.2237 pages/s=1.7651
progress completed=418 failed=0 in_flight=7 remaining=1892 papers/s=0.2205 pages/s=1.7386
progress completed=419 failed=0 in_flight=7 remaining=1891 papers/s=0.221 pages/s=1.7438
progress completed=420 failed=0 in_flight=7 remaining=1890 papers/s=0.2215 pages/s=1.7463
progress completed=421 failed=0 in_flight=7 remaining=1889 papers/s=0.222 pages/s=1.7493
progress completed=422 failed=0 in_flight=7 remaining=1888 papers/s=0.2225 pages/s=1.7524
progress completed=423 failed=0 in_flight=7 remaining=1887 papers/s=0.2231 pages/s=1.7565
progress completed=424 failed=0 in_flight=7 remaining=1886 papers/s=0.2235 pages/s=1.7612
progress completed=425 failed=0 in_flight=7 remaining=1885 papers/s=0.2235 pages/s=1.7599
progress completed=426 failed=0 in_flight=7 remaining=1884 papers/s=0.2213 pages/s=1.7412
progress completed=427 failed=0 in_flight=7 remaining=1883 papers/s=0.2218 pages/s=1.7453
progress completed=428 failed=0 in_flight=7 remaining=1882 papers/s=0.2223 pages/s=1.7488
progress completed=429 failed=0 in_flight=7 remaining=1881 papers/s=0.2228 pages/s=1.7523
progress completed=430 failed=0 in_flight=7 remaining=1880 papers/s=0.2228 pages/s=1.7535
progress completed=431 failed=0 in_flight=7 remaining=1879 papers/s=0.2233 pages/s=1.7585
progress completed=432 failed=0 in_flight=7 remaining=1878 papers/s=0.2238 pages/s=1.7635
progress completed=433 failed=0 in_flight=7 remaining=1877 papers/s=0.2235 pages/s=1.7621
progress completed=434 failed=0 in_flight=7 remaining=1876 papers/s=0.2233 pages/s=1.7601
progress completed=435 failed=0 in_flight=7 remaining=1875 papers/s=0.2223 pages/s=1.7516
progress completed=436 failed=0 in_flight=7 remaining=1874 papers/s=0.2228 pages/s=1.7567
progress completed=437 failed=0 in_flight=7 remaining=1873 papers/s=0.2233 pages/s=1.7617
progress completed=438 failed=0 in_flight=7 remaining=1872 papers/s=0.2225 pages/s=1.7543
progress completed=439 failed=0 in_flight=7 remaining=1871 papers/s=0.223 pages/s=1.7588
progress completed=440 failed=0 in_flight=7 remaining=1870 papers/s=0.2235 pages/s=1.7638
progress completed=441 failed=0 in_flight=7 remaining=1869 papers/s=0.2235 pages/s=1.7646
progress completed=442 failed=0 in_flight=7 remaining=1868 papers/s=0.2237 pages/s=1.7664
progress completed=443 failed=0 in_flight=7 remaining=1867 papers/s=0.2237 pages/s=1.7676
progress completed=444 failed=0 in_flight=7 remaining=1866 papers/s=0.2235 pages/s=1.7672
progress completed=445 failed=0 in_flight=7 remaining=1865 papers/s=0.2222 pages/s=1.7575
progress completed=446 failed=0 in_flight=7 remaining=1864 papers/s=0.2227 pages/s=1.7614
progress completed=447 failed=0 in_flight=7 remaining=1863 papers/s=0.2232 pages/s=1.7644
progress completed=448 failed=0 in_flight=7 remaining=1862 papers/s=0.2228 pages/s=1.7626
progress completed=449 failed=0 in_flight=7 remaining=1861 papers/s=0.223 pages/s=1.7642
progress completed=450 failed=0 in_flight=7 remaining=1860 papers/s=0.2235 pages/s=1.7691
progress completed=451 failed=0 in_flight=7 remaining=1859 papers/s=0.223 pages/s=1.7663
progress completed=452 failed=0 in_flight=7 remaining=1858 papers/s=0.2224 pages/s=1.7616
progress completed=453 failed=0 in_flight=7 remaining=1857 papers/s=0.2228 pages/s=1.7663
progress completed=454 failed=0 in_flight=7 remaining=1856 papers/s=0.2232 pages/s=1.7681
progress completed=455 failed=0 in_flight=7 remaining=1855 papers/s=0.221 pages/s=1.7489
progress completed=456 failed=0 in_flight=7 remaining=1854 papers/s=0.2214 pages/s=1.7536
progress completed=457 failed=0 in_flight=7 remaining=1853 papers/s=0.2219 pages/s=1.7578
progress completed=458 failed=0 in_flight=7 remaining=1852 papers/s=0.2224 pages/s=1.7625
progress completed=459 failed=0 in_flight=7 remaining=1851 papers/s=0.2228 pages/s=1.7671
progress completed=460 failed=0 in_flight=7 remaining=1850 papers/s=0.2233 pages/s=1.7718
progress completed=461 failed=0 in_flight=7 remaining=1849 papers/s=0.2232 pages/s=1.7699
progress completed=462 failed=0 in_flight=7 remaining=1848 papers/s=0.2196 pages/s=1.74
progress completed=463 failed=0 in_flight=7 remaining=1847 papers/s=0.2201 pages/s=1.7446
progress completed=464 failed=0 in_flight=7 remaining=1846 papers/s=0.2206 pages/s=1.7469
progress completed=465 failed=0 in_flight=7 remaining=1845 papers/s=0.221 pages/s=1.7497
progress completed=466 failed=0 in_flight=7 remaining=1844 papers/s=0.2215 pages/s=1.7543
progress completed=467 failed=0 in_flight=7 remaining=1843 papers/s=0.222 pages/s=1.759
progress completed=468 failed=0 in_flight=7 remaining=1842 papers/s=0.2224 pages/s=1.7637
progress completed=469 failed=0 in_flight=7 remaining=1841 papers/s=0.2225 pages/s=1.7652
progress completed=470 failed=0 in_flight=7 remaining=1840 papers/s=0.2222 pages/s=1.7614
progress completed=471 failed=0 in_flight=7 remaining=1839 papers/s=0.2222 pages/s=1.7604
progress completed=472 failed=0 in_flight=7 remaining=1838 papers/s=0.2217 pages/s=1.7555
progress completed=473 failed=0 in_flight=7 remaining=1837 papers/s=0.2208 pages/s=1.7484
progress completed=474 failed=0 in_flight=7 remaining=1836 papers/s=0.2213 pages/s=1.7525
progress completed=475 failed=0 in_flight=7 remaining=1835 papers/s=0.2212 pages/s=1.7511
progress completed=476 failed=0 in_flight=7 remaining=1834 papers/s=0.2217 pages/s=1.7556
progress completed=477 failed=0 in_flight=7 remaining=1833 papers/s=0.2221 pages/s=1.7602
progress completed=478 failed=0 in_flight=7 remaining=1832 papers/s=0.2221 pages/s=1.7613
progress completed=479 failed=0 in_flight=7 remaining=1831 papers/s=0.2224 pages/s=1.7623
progress completed=480 failed=0 in_flight=7 remaining=1830 papers/s=0.2216 pages/s=1.757
progress completed=481 failed=0 in_flight=7 remaining=1829 papers/s=0.2205 pages/s=1.7462
progress completed=482 failed=0 in_flight=7 remaining=1828 papers/s=0.2209 pages/s=1.7507
progress completed=483 failed=0 in_flight=7 remaining=1827 papers/s=0.2214 pages/s=1.7552
progress completed=484 failed=0 in_flight=7 remaining=1826 papers/s=0.2218 pages/s=1.7597
progress completed=485 failed=0 in_flight=7 remaining=1825 papers/s=0.222 pages/s=1.7619
progress completed=486 failed=0 in_flight=7 remaining=1824 papers/s=0.2224 pages/s=1.7662
progress completed=487 failed=0 in_flight=7 remaining=1823 papers/s=0.2228 pages/s=1.7693
progress completed=488 failed=0 in_flight=7 remaining=1822 papers/s=0.2228 pages/s=1.7684
progress completed=489 failed=0 in_flight=7 remaining=1821 papers/s=0.2196 pages/s=1.7416
progress completed=490 failed=0 in_flight=7 remaining=1820 papers/s=0.22 pages/s=1.7438
progress completed=491 failed=0 in_flight=7 remaining=1819 papers/s=0.2204 pages/s=1.7469
progress completed=492 failed=0 in_flight=7 remaining=1818 papers/s=0.2209 pages/s=1.7495
progress completed=493 failed=0 in_flight=7 remaining=1817 papers/s=0.2213 pages/s=1.7539
progress completed=494 failed=0 in_flight=7 remaining=1816 papers/s=0.2214 pages/s=1.7557
progress completed=495 failed=0 in_flight=7 remaining=1815 papers/s=0.2219 pages/s=1.7601
progress completed=496 failed=0 in_flight=7 remaining=1814 papers/s=0.2191 pages/s=1.7367
progress completed=497 failed=0 in_flight=7 remaining=1813 papers/s=0.2194 pages/s=1.7406
progress completed=498 failed=0 in_flight=7 remaining=1812 papers/s=0.2199 pages/s=1.7436
progress completed=499 failed=0 in_flight=7 remaining=1811 papers/s=0.2203 pages/s=1.7461
progress completed=500 failed=0 in_flight=7 remaining=1810 papers/s=0.2194 pages/s=1.7402
progress completed=501 failed=0 in_flight=7 remaining=1809 papers/s=0.2199 pages/s=1.7423
progress completed=502 failed=0 in_flight=7 remaining=1808 papers/s=0.2203 pages/s=1.7457
progress completed=503 failed=0 in_flight=7 remaining=1807 papers/s=0.2193 pages/s=1.7385
progress completed=504 failed=0 in_flight=7 remaining=1806 papers/s=0.2192 pages/s=1.7374
progress completed=505 failed=0 in_flight=7 remaining=1805 papers/s=0.2194 pages/s=1.7375
progress completed=506 failed=0 in_flight=7 remaining=1804 papers/s=0.2197 pages/s=1.7408
progress completed=507 failed=0 in_flight=7 remaining=1803 papers/s=0.2157 pages/s=1.7105
progress completed=508 failed=0 in_flight=7 remaining=1802 papers/s=0.2161 pages/s=1.7122
progress completed=509 failed=0 in_flight=7 remaining=1801 papers/s=0.2152 pages/s=1.706
progress completed=510 failed=0 in_flight=7 remaining=1800 papers/s=0.2145 pages/s=1.6998
progress completed=511 failed=0 in_flight=7 remaining=1799 papers/s=0.2149 pages/s=1.7039
progress completed=512 failed=0 in_flight=7 remaining=1798 papers/s=0.2153 pages/s=1.7072
progress completed=513 failed=0 in_flight=7 remaining=1797 papers/s=0.2156 pages/s=1.7094
progress completed=514 failed=0 in_flight=7 remaining=1796 papers/s=0.2145 pages/s=1.6996
progress completed=515 failed=0 in_flight=7 remaining=1795 papers/s=0.2147 pages/s=1.7025
progress completed=516 failed=0 in_flight=7 remaining=1794 papers/s=0.2148 pages/s=1.7029
progress completed=517 failed=0 in_flight=7 remaining=1793 papers/s=0.2149 pages/s=1.7039
progress completed=518 failed=0 in_flight=7 remaining=1792 papers/s=0.2143 pages/s=1.6999
progress completed=519 failed=0 in_flight=7 remaining=1791 papers/s=0.2147 pages/s=1.704
progress completed=520 failed=0 in_flight=7 remaining=1790 papers/s=0.2151 pages/s=1.706
progress completed=521 failed=0 in_flight=7 remaining=1789 papers/s=0.2154 pages/s=1.7078
progress completed=522 failed=0 in_flight=7 remaining=1788 papers/s=0.2147 pages/s=1.7012
progress completed=523 failed=0 in_flight=7 remaining=1787 papers/s=0.2151 pages/s=1.7032
progress completed=524 failed=0 in_flight=7 remaining=1786 papers/s=0.2153 pages/s=1.7055
progress completed=525 failed=0 in_flight=7 remaining=1785 papers/s=0.2157 pages/s=1.7094
progress completed=526 failed=0 in_flight=7 remaining=1784 papers/s=0.2155 pages/s=1.7066
progress completed=527 failed=0 in_flight=7 remaining=1783 papers/s=0.2159 pages/s=1.7106
progress completed=528 failed=0 in_flight=7 remaining=1782 papers/s=0.2147 pages/s=1.7
progress completed=529 failed=0 in_flight=7 remaining=1781 papers/s=0.2138 pages/s=1.692
progress completed=530 failed=0 in_flight=7 remaining=1780 papers/s=0.2142 pages/s=1.694
progress completed=531 failed=0 in_flight=7 remaining=1779 papers/s=0.2146 pages/s=1.6959
progress completed=532 failed=0 in_flight=7 remaining=1778 papers/s=0.215 pages/s=1.6999
progress completed=533 failed=0 in_flight=7 remaining=1777 papers/s=0.2154 pages/s=1.7039
progress completed=534 failed=0 in_flight=7 remaining=1776 papers/s=0.2158 pages/s=1.7071
progress completed=535 failed=0 in_flight=7 remaining=1775 papers/s=0.2157 pages/s=1.7074
progress completed=536 failed=0 in_flight=7 remaining=1774 papers/s=0.2153 pages/s=1.7048
progress completed=537 failed=0 in_flight=7 remaining=1773 papers/s=0.2145 pages/s=1.6993
progress completed=538 failed=0 in_flight=7 remaining=1772 papers/s=0.2137 pages/s=1.6923
progress completed=539 failed=0 in_flight=7 remaining=1771 papers/s=0.2141 pages/s=1.6962
progress completed=540 failed=0 in_flight=7 remaining=1770 papers/s=0.2145 pages/s=1.6985
progress completed=541 failed=0 in_flight=7 remaining=1769 papers/s=0.2145 pages/s=1.7
progress completed=542 failed=0 in_flight=7 remaining=1768 papers/s=0.2149 pages/s=1.703
progress completed=543 failed=0 in_flight=7 remaining=1767 papers/s=0.2153 pages/s=1.7068
progress completed=544 failed=0 in_flight=7 remaining=1766 papers/s=0.2152 pages/s=1.707
progress completed=545 failed=0 in_flight=7 remaining=1765 papers/s=0.2155 pages/s=1.7079
progress completed=546 failed=0 in_flight=7 remaining=1764 papers/s=0.2152 pages/s=1.7049
progress completed=547 failed=0 in_flight=7 remaining=1763 papers/s=0.2156 pages/s=1.7068
progress completed=548 failed=0 in_flight=7 remaining=1762 papers/s=0.2149 pages/s=1.7018
progress completed=549 failed=0 in_flight=7 remaining=1761 papers/s=0.2153 pages/s=1.7053
progress completed=550 failed=0 in_flight=7 remaining=1760 papers/s=0.2154 pages/s=1.7058
progress completed=551 failed=0 in_flight=7 remaining=1759 papers/s=0.2158 pages/s=1.7096
progress completed=552 failed=0 in_flight=7 remaining=1758 papers/s=0.2157 pages/s=1.709
progress completed=553 failed=0 in_flight=7 remaining=1757 papers/s=0.214 pages/s=1.6949
progress completed=554 failed=0 in_flight=7 remaining=1756 papers/s=0.2144 pages/s=1.6983
progress completed=555 failed=0 in_flight=7 remaining=1755 papers/s=0.2148 pages/s=1.7002
progress completed=556 failed=0 in_flight=7 remaining=1754 papers/s=0.2152 pages/s=1.7024
progress completed=557 failed=0 in_flight=7 remaining=1753 papers/s=0.2153 pages/s=1.7028
progress completed=558 failed=0 in_flight=7 remaining=1752 papers/s=0.2157 pages/s=1.7046
progress completed=559 failed=0 in_flight=7 remaining=1751 papers/s=0.2161 pages/s=1.7076
progress completed=560 failed=0 in_flight=7 remaining=1750 papers/s=0.2159 pages/s=1.7071
progress completed=561 failed=0 in_flight=7 remaining=1749 papers/s=0.2158 pages/s=1.7055
progress completed=562 failed=0 in_flight=7 remaining=1748 papers/s=0.2145 pages/s=1.6938
progress completed=563 failed=0 in_flight=7 remaining=1747 papers/s=0.2149 pages/s=1.6968
progress completed=564 failed=0 in_flight=7 remaining=1746 papers/s=0.2152 pages/s=1.6987
progress completed=565 failed=0 in_flight=7 remaining=1745 papers/s=0.2155 pages/s=1.7007
progress completed=566 failed=0 in_flight=7 remaining=1744 papers/s=0.2158 pages/s=1.7034
progress completed=567 failed=0 in_flight=7 remaining=1743 papers/s=0.2162 pages/s=1.7071
progress completed=568 failed=0 in_flight=7 remaining=1742 papers/s=0.2163 pages/s=1.709
progress completed=569 failed=0 in_flight=7 remaining=1741 papers/s=0.2148 pages/s=1.6958
progress completed=570 failed=0 in_flight=7 remaining=1740 papers/s=0.2151 pages/s=1.6995
progress completed=571 failed=0 in_flight=7 remaining=1739 papers/s=0.2155 pages/s=1.702
progress completed=572 failed=0 in_flight=7 remaining=1738 papers/s=0.2159 pages/s=1.705
progress completed=573 failed=0 in_flight=7 remaining=1737 papers/s=0.2162 pages/s=1.7072
progress completed=574 failed=0 in_flight=7 remaining=1736 papers/s=0.2166 pages/s=1.7098
progress completed=575 failed=0 in_flight=7 remaining=1735 papers/s=0.217 pages/s=1.7115
progress completed=576 failed=0 in_flight=7 remaining=1734 papers/s=0.2173 pages/s=1.7151
progress completed=577 failed=0 in_flight=7 remaining=1733 papers/s=0.2148 pages/s=1.6945
progress completed=578 failed=0 in_flight=7 remaining=1732 papers/s=0.2151 pages/s=1.696
progress completed=579 failed=0 in_flight=7 remaining=1731 papers/s=0.2155 pages/s=1.6997
progress completed=580 failed=0 in_flight=7 remaining=1730 papers/s=0.2158 pages/s=1.703
progress completed=581 failed=0 in_flight=7 remaining=1729 papers/s=0.2159 pages/s=1.7043
progress completed=582 failed=0 in_flight=7 remaining=1728 papers/s=0.2163 pages/s=1.7061
progress completed=583 failed=0 in_flight=7 remaining=1727 papers/s=0.2165 pages/s=1.7088
progress completed=584 failed=0 in_flight=7 remaining=1726 papers/s=0.2164 pages/s=1.7087
progress completed=585 failed=0 in_flight=7 remaining=1725 papers/s=0.2161 pages/s=1.7053
progress completed=586 failed=0 in_flight=7 remaining=1724 papers/s=0.2149 pages/s=1.6954
progress completed=587 failed=0 in_flight=7 remaining=1723 papers/s=0.2152 pages/s=1.6988
progress completed=588 failed=0 in_flight=7 remaining=1722 papers/s=0.2154 pages/s=1.7014
progress completed=589 failed=0 in_flight=7 remaining=1721 papers/s=0.2158 pages/s=1.7035
progress completed=590 failed=0 in_flight=7 remaining=1720 papers/s=0.2161 pages/s=1.7064
progress completed=591 failed=0 in_flight=7 remaining=1719 papers/s=0.2165 pages/s=1.71
progress completed=592 failed=0 in_flight=7 remaining=1718 papers/s=0.2169 pages/s=1.7136
progress completed=593 failed=0 in_flight=7 remaining=1717 papers/s=0.2164 pages/s=1.7087
progress completed=594 failed=0 in_flight=7 remaining=1716 papers/s=0.2166 pages/s=1.7101
progress completed=595 failed=0 in_flight=7 remaining=1715 papers/s=0.2161 pages/s=1.7064
progress completed=596 failed=0 in_flight=7 remaining=1714 papers/s=0.2163 pages/s=1.7073
progress completed=597 failed=0 in_flight=7 remaining=1713 papers/s=0.2167 pages/s=1.7104
progress completed=598 failed=0 in_flight=7 remaining=1712 papers/s=0.217 pages/s=1.7133
progress completed=599 failed=0 in_flight=7 remaining=1711 papers/s=0.217 pages/s=1.7121
progress completed=600 failed=0 in_flight=7 remaining=1710 papers/s=0.2168 pages/s=1.7112
progress completed=601 failed=0 in_flight=7 remaining=1709 papers/s=0.2171 pages/s=1.7126
progress completed=602 failed=0 in_flight=7 remaining=1708 papers/s=0.2164 pages/s=1.7066
progress completed=603 failed=0 in_flight=7 remaining=1707 papers/s=0.2167 pages/s=1.7097
progress completed=604 failed=0 in_flight=7 remaining=1706 papers/s=0.217 pages/s=1.7121
progress completed=605 failed=0 in_flight=7 remaining=1705 papers/s=0.2174 pages/s=1.7154
progress completed=606 failed=0 in_flight=7 remaining=1704 papers/s=0.2176 pages/s=1.7161
progress completed=607 failed=0 in_flight=7 remaining=1703 papers/s=0.2173 pages/s=1.7145
progress completed=608 failed=0 in_flight=7 remaining=1702 papers/s=0.2176 pages/s=1.718
progress completed=609 failed=0 in_flight=7 remaining=1701 papers/s=0.2178 pages/s=1.7203
progress completed=610 failed=0 in_flight=7 remaining=1700 papers/s=0.2162 pages/s=1.7083
progress completed=611 failed=0 in_flight=7 remaining=1699 papers/s=0.2165 pages/s=1.7113
progress completed=612 failed=0 in_flight=7 remaining=1698 papers/s=0.2169 pages/s=1.7148
progress completed=613 failed=0 in_flight=7 remaining=1697 papers/s=0.217 pages/s=1.7149
progress completed=614 failed=0 in_flight=7 remaining=1696 papers/s=0.2174 pages/s=1.7177
progress completed=615 failed=0 in_flight=7 remaining=1695 papers/s=0.2177 pages/s=1.7201
progress completed=616 failed=0 in_flight=7 remaining=1694 papers/s=0.2181 pages/s=1.7232
progress completed=617 failed=0 in_flight=7 remaining=1693 papers/s=0.2173 pages/s=1.7177
progress completed=618 failed=0 in_flight=7 remaining=1692 papers/s=0.2176 pages/s=1.7211
progress completed=619 failed=0 in_flight=7 remaining=1691 papers/s=0.218 pages/s=1.7239
progress completed=620 failed=0 in_flight=7 remaining=1690 papers/s=0.2177 pages/s=1.7206
progress completed=621 failed=0 in_flight=7 remaining=1689 papers/s=0.2179 pages/s=1.722
progress completed=622 failed=0 in_flight=7 remaining=1688 papers/s=0.2175 pages/s=1.72
progress completed=623 failed=0 in_flight=7 remaining=1687 papers/s=0.2179 pages/s=1.7235
progress completed=624 failed=0 in_flight=7 remaining=1686 papers/s=0.218 pages/s=1.7239
progress completed=625 failed=0 in_flight=7 remaining=1685 papers/s=0.2179 pages/s=1.7235
progress completed=626 failed=0 in_flight=7 remaining=1684 papers/s=0.2182 pages/s=1.7247
progress completed=627 failed=0 in_flight=7 remaining=1683 papers/s=0.2179 pages/s=1.7231
progress completed=628 failed=0 in_flight=7 remaining=1682 papers/s=0.2173 pages/s=1.7173
progress completed=629 failed=0 in_flight=7 remaining=1681 papers/s=0.2176 pages/s=1.719
progress completed=630 failed=0 in_flight=7 remaining=1680 papers/s=0.218 pages/s=1.7224
progress completed=631 failed=0 in_flight=7 remaining=1679 papers/s=0.2183 pages/s=1.7258
progress completed=632 failed=0 in_flight=7 remaining=1678 papers/s=0.2185 pages/s=1.7281
progress completed=633 failed=0 in_flight=7 remaining=1677 papers/s=0.2182 pages/s=1.7261
progress completed=634 failed=0 in_flight=7 remaining=1676 papers/s=0.2185 pages/s=1.7295
progress completed=635 failed=0 in_flight=7 remaining=1675 papers/s=0.2171 pages/s=1.7182
progress completed=636 failed=0 in_flight=7 remaining=1674 papers/s=0.2175 pages/s=1.7215
progress completed=637 failed=0 in_flight=7 remaining=1673 papers/s=0.2178 pages/s=1.7232
progress completed=638 failed=0 in_flight=7 remaining=1672 papers/s=0.2181 pages/s=1.7262
progress completed=639 failed=0 in_flight=7 remaining=1671 papers/s=0.2183 pages/s=1.7283
progress completed=640 failed=0 in_flight=7 remaining=1670 papers/s=0.2186 pages/s=1.7316
progress completed=641 failed=0 in_flight=7 remaining=1669 papers/s=0.219 pages/s=1.735
progress completed=642 failed=0 in_flight=7 remaining=1668 papers/s=0.2184 pages/s=1.7308
progress completed=643 failed=0 in_flight=7 remaining=1667 papers/s=0.218 pages/s=1.7288
progress completed=644 failed=0 in_flight=7 remaining=1666 papers/s=0.2179 pages/s=1.7285
progress completed=645 failed=0 in_flight=7 remaining=1665 papers/s=0.2168 pages/s=1.7197
progress completed=646 failed=0 in_flight=7 remaining=1664 papers/s=0.2171 pages/s=1.7226
progress completed=647 failed=0 in_flight=7 remaining=1663 papers/s=0.2174 pages/s=1.7254
progress completed=648 failed=0 in_flight=7 remaining=1662 papers/s=0.2177 pages/s=1.7287
progress completed=649 failed=0 in_flight=7 remaining=1661 papers/s=0.218 pages/s=1.732
progress completed=650 failed=0 in_flight=7 remaining=1660 papers/s=0.2178 pages/s=1.7314
progress completed=651 failed=0 in_flight=7 remaining=1659 papers/s=0.2182 pages/s=1.733
progress completed=652 failed=0 in_flight=7 remaining=1658 papers/s=0.2185 pages/s=1.7347
progress completed=653 failed=0 in_flight=7 remaining=1657 papers/s=0.2169 pages/s=1.7225
progress completed=654 failed=0 in_flight=7 remaining=1656 papers/s=0.2172 pages/s=1.7258
progress completed=655 failed=0 in_flight=7 remaining=1655 papers/s=0.2176 pages/s=1.7291
progress completed=656 failed=0 in_flight=7 remaining=1654 papers/s=0.2177 pages/s=1.7297
progress completed=657 failed=0 in_flight=7 remaining=1653 papers/s=0.2177 pages/s=1.7299
progress completed=658 failed=0 in_flight=7 remaining=1652 papers/s=0.218 pages/s=1.7331
progress completed=659 failed=0 in_flight=7 remaining=1651 papers/s=0.218 pages/s=1.7338
progress completed=660 failed=0 in_flight=7 remaining=1650 papers/s=0.2183 pages/s=1.7371
progress completed=661 failed=0 in_flight=7 remaining=1649 papers/s=0.2184 pages/s=1.738
progress completed=662 failed=0 in_flight=7 remaining=1648 papers/s=0.218 pages/s=1.7343
progress completed=663 failed=0 in_flight=7 remaining=1647 papers/s=0.2168 pages/s=1.7254
progress completed=664 failed=0 in_flight=7 remaining=1646 papers/s=0.2171 pages/s=1.728
progress completed=665 failed=0 in_flight=7 remaining=1645 papers/s=0.2175 pages/s=1.7299
progress completed=666 failed=0 in_flight=7 remaining=1644 papers/s=0.2178 pages/s=1.732
progress completed=667 failed=0 in_flight=7 remaining=1643 papers/s=0.218 pages/s=1.7331
progress completed=668 failed=0 in_flight=7 remaining=1642 papers/s=0.2183 pages/s=1.7361
progress completed=669 failed=0 in_flight=7 remaining=1641 papers/s=0.2186 pages/s=1.7393
progress completed=670 failed=0 in_flight=7 remaining=1640 papers/s=0.2183 pages/s=1.7362
progress completed=671 failed=0 in_flight=7 remaining=1639 papers/s=0.2169 pages/s=1.7235
progress completed=672 failed=0 in_flight=7 remaining=1638 papers/s=0.2172 pages/s=1.7267
progress completed=673 failed=0 in_flight=7 remaining=1637 papers/s=0.2175 pages/s=1.7298
progress completed=674 failed=0 in_flight=7 remaining=1636 papers/s=0.2176 pages/s=1.7303
progress completed=675 failed=0 in_flight=7 remaining=1635 papers/s=0.2179 pages/s=1.7325
progress completed=676 failed=0 in_flight=7 remaining=1634 papers/s=0.2182 pages/s=1.7356
progress completed=677 failed=0 in_flight=7 remaining=1633 papers/s=0.2186 pages/s=1.7378
progress completed=678 failed=0 in_flight=7 remaining=1632 papers/s=0.2179 pages/s=1.7333
progress completed=679 failed=0 in_flight=7 remaining=1631 papers/s=0.2176 pages/s=1.7307
progress completed=680 failed=0 in_flight=7 remaining=1630 papers/s=0.2178 pages/s=1.7334
progress completed=681 failed=0 in_flight=7 remaining=1629 papers/s=0.2172 pages/s=1.7287
progress completed=682 failed=0 in_flight=7 remaining=1628 papers/s=0.2175 pages/s=1.7317
progress completed=683 failed=0 in_flight=7 remaining=1627 papers/s=0.2176 pages/s=1.7333
progress completed=684 failed=0 in_flight=7 remaining=1626 papers/s=0.2179 pages/s=1.7351
progress completed=685 failed=0 in_flight=7 remaining=1625 papers/s=0.218 pages/s=1.7348
progress completed=686 failed=0 in_flight=7 remaining=1624 papers/s=0.2182 pages/s=1.7373
progress completed=687 failed=0 in_flight=7 remaining=1623 papers/s=0.2176 pages/s=1.7318
progress completed=688 failed=0 in_flight=7 remaining=1622 papers/s=0.2179 pages/s=1.7333
progress completed=689 failed=0 in_flight=7 remaining=1621 papers/s=0.2182 pages/s=1.7349
progress completed=690 failed=0 in_flight=7 remaining=1620 papers/s=0.2185 pages/s=1.7364
progress completed=691 failed=0 in_flight=7 remaining=1619 papers/s=0.2183 pages/s=1.734
progress completed=692 failed=0 in_flight=7 remaining=1618 papers/s=0.2186 pages/s=1.7372
progress completed=693 failed=0 in_flight=7 remaining=1617 papers/s=0.2185 pages/s=1.735
progress completed=694 failed=0 in_flight=7 remaining=1616 papers/s=0.2188 pages/s=1.7372
progress completed=695 failed=0 in_flight=7 remaining=1615 papers/s=0.2174 pages/s=1.7257
progress completed=696 failed=0 in_flight=7 remaining=1614 papers/s=0.2177 pages/s=1.7288
progress completed=697 failed=0 in_flight=7 remaining=1613 papers/s=0.218 pages/s=1.7306
progress completed=698 failed=0 in_flight=7 remaining=1612 papers/s=0.2183 pages/s=1.7328
progress completed=699 failed=0 in_flight=7 remaining=1611 papers/s=0.2183 pages/s=1.7327
progress completed=700 failed=0 in_flight=7 remaining=1610 papers/s=0.2186 pages/s=1.7357
progress completed=701 failed=0 in_flight=7 remaining=1609 papers/s=0.2187 pages/s=1.7367
progress completed=702 failed=0 in_flight=7 remaining=1608 papers/s=0.2189 pages/s=1.7378
progress completed=703 failed=0 in_flight=7 remaining=1607 papers/s=0.2176 pages/s=1.7286
progress completed=704 failed=0 in_flight=7 remaining=1606 papers/s=0.2179 pages/s=1.7317
progress completed=705 failed=0 in_flight=7 remaining=1605 papers/s=0.2182 pages/s=1.7332
progress completed=706 failed=0 in_flight=7 remaining=1604 papers/s=0.2185 pages/s=1.7363
progress completed=707 failed=0 in_flight=7 remaining=1603 papers/s=0.2188 pages/s=1.7378
progress completed=708 failed=0 in_flight=7 remaining=1602 papers/s=0.2191 pages/s=1.7408
progress completed=709 failed=0 in_flight=7 remaining=1601 papers/s=0.2192 pages/s=1.7419
progress completed=710 failed=0 in_flight=7 remaining=1600 papers/s=0.2189 pages/s=1.738
progress completed=711 failed=0 in_flight=7 remaining=1599 papers/s=0.219 pages/s=1.7381
progress completed=712 failed=0 in_flight=7 remaining=1598 papers/s=0.2183 pages/s=1.7329
progress completed=713 failed=0 in_flight=7 remaining=1597 papers/s=0.2186 pages/s=1.7353
progress completed=714 failed=0 in_flight=7 remaining=1596 papers/s=0.2189 pages/s=1.7377
progress completed=715 failed=0 in_flight=7 remaining=1595 papers/s=0.2191 pages/s=1.7384
progress completed=716 failed=0 in_flight=7 remaining=1594 papers/s=0.2193 pages/s=1.7401
progress completed=717 failed=0 in_flight=7 remaining=1593 papers/s=0.2194 pages/s=1.7421
progress completed=718 failed=0 in_flight=7 remaining=1592 papers/s=0.2194 pages/s=1.7412
progress completed=719 failed=0 in_flight=7 remaining=1591 papers/s=0.2197 pages/s=1.7432
progress completed=720 failed=0 in_flight=7 remaining=1590 papers/s=0.218 pages/s=1.7298
progress completed=721 failed=0 in_flight=7 remaining=1589 papers/s=0.2183 pages/s=1.7316
progress completed=722 failed=0 in_flight=7 remaining=1588 papers/s=0.2186 pages/s=1.7331
progress completed=723 failed=0 in_flight=7 remaining=1587 papers/s=0.2189 pages/s=1.7346
progress completed=724 failed=0 in_flight=7 remaining=1586 papers/s=0.2192 pages/s=1.7366
progress completed=725 failed=0 in_flight=7 remaining=1585 papers/s=0.2195 pages/s=1.7396
progress completed=726 failed=0 in_flight=7 remaining=1584 papers/s=0.2198 pages/s=1.742
progress completed=727 failed=0 in_flight=7 remaining=1583 papers/s=0.2198 pages/s=1.7425
progress completed=728 failed=0 in_flight=7 remaining=1582 papers/s=0.2186 pages/s=1.732
progress completed=729 failed=0 in_flight=7 remaining=1581 papers/s=0.2189 pages/s=1.7335
progress completed=730 failed=0 in_flight=7 remaining=1580 papers/s=0.2192 pages/s=1.735
progress completed=731 failed=0 in_flight=7 remaining=1579 papers/s=0.2195 pages/s=1.7367
progress completed=732 failed=0 in_flight=7 remaining=1578 papers/s=0.2198 pages/s=1.7382
progress completed=733 failed=0 in_flight=7 remaining=1577 papers/s=0.2198 pages/s=1.7379
progress completed=734 failed=0 in_flight=7 remaining=1576 papers/s=0.2201 pages/s=1.7398
progress completed=735 failed=0 in_flight=7 remaining=1575 papers/s=0.2202 pages/s=1.7402
progress completed=736 failed=0 in_flight=7 remaining=1574 papers/s=0.2203 pages/s=1.7399
progress completed=737 failed=0 in_flight=7 remaining=1573 papers/s=0.2201 pages/s=1.7377
progress completed=738 failed=0 in_flight=7 remaining=1572 papers/s=0.2204 pages/s=1.7391
progress completed=739 failed=0 in_flight=7 remaining=1571 papers/s=0.2199 pages/s=1.7342
progress completed=740 failed=0 in_flight=7 remaining=1570 papers/s=0.2202 pages/s=1.7365
progress completed=741 failed=0 in_flight=7 remaining=1569 papers/s=0.2203 pages/s=1.7363
progress completed=742 failed=0 in_flight=7 remaining=1568 papers/s=0.2206 pages/s=1.7377
progress completed=743 failed=0 in_flight=7 remaining=1567 papers/s=0.2208 pages/s=1.7396
progress completed=744 failed=0 in_flight=7 remaining=1566 papers/s=0.2195 pages/s=1.7289
progress completed=745 failed=0 in_flight=7 remaining=1565 papers/s=0.2198 pages/s=1.7304
progress completed=746 failed=0 in_flight=7 remaining=1564 papers/s=0.2201 pages/s=1.7318
progress completed=747 failed=0 in_flight=7 remaining=1563 papers/s=0.2204 pages/s=1.7333
progress completed=748 failed=0 in_flight=7 remaining=1562 papers/s=0.2207 pages/s=1.7356
progress completed=749 failed=0 in_flight=7 remaining=1561 papers/s=0.221 pages/s=1.7374
progress completed=750 failed=0 in_flight=7 remaining=1560 papers/s=0.2213 pages/s=1.7403
progress completed=751 failed=0 in_flight=7 remaining=1559 papers/s=0.2212 pages/s=1.7392
progress completed=752 failed=0 in_flight=7 remaining=1558 papers/s=0.221 pages/s=1.7366
progress completed=753 failed=0 in_flight=7 remaining=1557 papers/s=0.2202 pages/s=1.7296
progress completed=754 failed=0 in_flight=7 remaining=1556 papers/s=0.2204 pages/s=1.7308
progress completed=755 failed=0 in_flight=7 remaining=1555 papers/s=0.2207 pages/s=1.7334
progress completed=756 failed=0 in_flight=7 remaining=1554 papers/s=0.2208 pages/s=1.7347
progress completed=757 failed=0 in_flight=7 remaining=1553 papers/s=0.2211 pages/s=1.737
progress completed=758 failed=0 in_flight=7 remaining=1552 papers/s=0.2214 pages/s=1.7393
progress completed=759 failed=0 in_flight=7 remaining=1551 papers/s=0.2207 pages/s=1.7332
progress completed=760 failed=0 in_flight=7 remaining=1550 papers/s=0.221 pages/s=1.7349
progress completed=761 failed=0 in_flight=7 remaining=1549 papers/s=0.221 pages/s=1.7342
progress completed=762 failed=0 in_flight=7 remaining=1548 papers/s=0.2208 pages/s=1.7314
progress completed=763 failed=0 in_flight=7 remaining=1547 papers/s=0.221 pages/s=1.7329
progress completed=764 failed=0 in_flight=7 remaining=1546 papers/s=0.2213 pages/s=1.7354
progress completed=765 failed=0 in_flight=7 remaining=1545 papers/s=0.2213 pages/s=1.7355
progress completed=766 failed=0 in_flight=7 remaining=1544 papers/s=0.2201 pages/s=1.7269
progress completed=767 failed=0 in_flight=7 remaining=1543 papers/s=0.2204 pages/s=1.7297
progress completed=768 failed=0 in_flight=7 remaining=1542 papers/s=0.2206 pages/s=1.7303
progress completed=769 failed=0 in_flight=7 remaining=1541 papers/s=0.2208 pages/s=1.7332
progress completed=770 failed=0 in_flight=7 remaining=1540 papers/s=0.2211 pages/s=1.7348
progress completed=771 failed=0 in_flight=7 remaining=1539 papers/s=0.2214 pages/s=1.7377
progress completed=772 failed=0 in_flight=7 remaining=1538 papers/s=0.2211 pages/s=1.7355
progress completed=773 failed=0 in_flight=7 remaining=1537 papers/s=0.2204 pages/s=1.7294
progress completed=774 failed=0 in_flight=7 remaining=1536 papers/s=0.2195 pages/s=1.7215
progress completed=775 failed=0 in_flight=7 remaining=1535 papers/s=0.2197 pages/s=1.7239
progress completed=776 failed=0 in_flight=7 remaining=1534 papers/s=0.22 pages/s=1.7265
progress completed=777 failed=0 in_flight=7 remaining=1533 papers/s=0.2203 pages/s=1.7292
progress completed=778 failed=0 in_flight=7 remaining=1532 papers/s=0.2204 pages/s=1.731
progress completed=779 failed=0 in_flight=7 remaining=1531 papers/s=0.2207 pages/s=1.7337
progress completed=780 failed=0 in_flight=7 remaining=1530 papers/s=0.2186 pages/s=1.7171
progress completed=781 failed=0 in_flight=7 remaining=1529 papers/s=0.2189 pages/s=1.7199
progress completed=782 failed=0 in_flight=7 remaining=1528 papers/s=0.2192 pages/s=1.7227
progress completed=783 failed=0 in_flight=7 remaining=1527 papers/s=0.2193 pages/s=1.7227
progress completed=784 failed=0 in_flight=7 remaining=1526 papers/s=0.2196 pages/s=1.724
progress completed=785 failed=0 in_flight=7 remaining=1525 papers/s=0.2198 pages/s=1.7264
progress completed=786 failed=0 in_flight=7 remaining=1524 papers/s=0.2183 pages/s=1.7147
progress completed=787 failed=0 in_flight=7 remaining=1523 papers/s=0.2185 pages/s=1.7166
progress completed=788 failed=0 in_flight=7 remaining=1522 papers/s=0.2188 pages/s=1.7179
progress completed=789 failed=0 in_flight=7 remaining=1521 papers/s=0.2191 pages/s=1.7207
progress completed=790 failed=0 in_flight=7 remaining=1520 papers/s=0.2194 pages/s=1.722
progress completed=791 failed=0 in_flight=7 remaining=1519 papers/s=0.2194 pages/s=1.7229
progress completed=792 failed=0 in_flight=7 remaining=1518 papers/s=0.2182 pages/s=1.7129
